$ expo export --platform android --output-dir dist --clear
NativeWind made the following changes to your project to support TypeScript:
  - Created nativewind-env.d.ts
  - Updated ./tsconfig.json to include the nativewind-env.d.ts file
React Compiler enabled
Starting Metro Bundler

warning: Bundler cache is empty, rebuilding (this may take a minute)
 WARN  Attempted to import the module "/home/nate/Oxy/.agent-evidence/i04-final-registry-fixtures/allo/node_modules/@noble/hashes/crypto.js" which is not listed in the "exports" of "/home/nate/Oxy/.agent-evidence/i04-final-registry-fixtures/allo/node_modules/@noble/hashes" under the requested subpath "./crypto.js". Falling back to file-based resolution. Consider updating the call site or asking the package maintainer(s) to expose this API.
Android Bundled 21540ms index.js (3317 modules)

› Assets (37):
node_modules/@expo-google-fonts/material-symbols/400Regular/MaterialSymbols_400Regular.ttf (967KB)
node_modules/@oxy.so/bloom/src/fonts/assets/BlomusModernus-Bold.ttf (255KB)
node_modules/@oxy.so/bloom/src/fonts/assets/BlomusModernus-Regular.ttf (255KB)
node_modules/@oxy.so/bloom/src/fonts/assets/InterVariable.ttf (880KB)
node_modules/@oxy.so/bloom/src/fonts/assets/JetBrainsMono-Variable.ttf (187KB)
node_modules/@oxy.so/services/src/assets/fonts/icons/OxyServicesIonicons.ttf (43KB)
node_modules/@oxy.so/services/src/assets/fonts/icons/OxyServicesMaterialCommunityIcons.ttf (29KB)
node_modules/@oxy.so/services/src/assets/signIn/slide-1.jpg (102KB)
node_modules/@oxy.so/services/src/assets/signIn/slide-2.jpg (88KB)
node_modules/@oxy.so/services/src/assets/signIn/slide-3.jpg (59KB)
node_modules/@oxy.so/services/src/assets/signIn/slide-4.jpg (47KB)
node_modules/expo-router/assets/arrow_down.png (9.5KB)
node_modules/expo-router/assets/arrow_right.xml (307B)
node_modules/expo-router/assets/checkmark.xml (312B)
node_modules/expo-router/assets/error.png (469B)
node_modules/expo-router/assets/file.png (138B)
node_modules/expo-router/assets/forward.png (188B)
node_modules/expo-router/assets/pkg.png (364B)
node_modules/expo-router/assets/react-navigation/elements/back-icon-mask.png (653B)
node_modules/expo-router/assets/react-navigation/elements/back-icon.png (4 variations | 152B)
node_modules/expo-router/assets/react-navigation/elements/clear-icon.png (4 variations | 425B)
node_modules/expo-router/assets/react-navigation/elements/close-icon.png (4 variations | 235B)
node_modules/expo-router/assets/react-navigation/elements/search-icon.png (4 variations | 599B)
node_modules/expo-router/assets/sitemap.png (465B)
node_modules/expo-router/assets/unmatched.png (4.8KB)

› android bundles (1):
_expo/static/js/android/index-4536c5664249f574741ce569592cb5cd.hbc (11MB)

› web bundles (1):
_expo/static/css/global-d41d8cd98f00b204e9800998ecf8427e.css (0B)

› Files (1):
metadata.json (2.5KB)

Exported: dist
