$ expo export --platform android --output-dir dist --clear
React Compiler enabled
Starting Metro Bundler

warning: Bundler cache is empty, rebuilding (this may take a minute)
 WARN  Attempted to import the module "/home/nate/Oxy/.agent-evidence/i04-final-registry-fixtures/mention/node_modules/@noble/hashes/crypto.js" which is not listed in the "exports" of "/home/nate/Oxy/.agent-evidence/i04-final-registry-fixtures/mention/node_modules/@noble/hashes" under the requested subpath "./crypto.js". Falling back to file-based resolution. Consider updating the call site or asking the package maintainer(s) to expose this API.
Android Bundling failed 9020ms index.js (3303 modules)

Error: Unable to resolve module expo-clipboard from /home/nate/Oxy/.agent-evidence/i04-final-registry-fixtures/mention/node_modules/@oxy.so/services/src/ui/utils/clipboard.native.ts: expo-clipboard could not be found within the project or in these directories:
  node_modules
  node_modules
[0m [90m 16 |[39m [90m */[39m
 [90m 17 |[39m [36mexport[39m [36masync[39m [36mfunction[39m copyText(text[33m:[39m string)[33m:[39m [33mPromise[39m[33m<[39m[36mvoid[39m[33m>[39m {
[31m[1m>[22m[39m[90m 18 |[39m   [36mconst[39m clipboard [33m=[39m [36mawait[39m [36mimport[39m([32m'expo-clipboard'[39m)[33m;[39m
 [90m    |[39m                                   [31m[1m^[22m[39m
 [90m 19 |[39m   [36mawait[39m clipboard[33m.[39msetStringAsync(text)[33m;[39m
 [90m 20 |[39m }
 [90m 21 |[39m[0m

Import stack:

 node_modules/@oxy.so/services/src/ui/utils/clipboard.native.ts
 | import "expo-clipboard"

 node_modules/@oxy.so/services/src/ui/components/signIn/OxyAuthenticatorPanel.tsx
 | import "../../utils/clipboard"

 node_modules/@oxy.so/services/src/index.ts
 | import "./ui/components/signIn/OxyAuthenticatorPanel"

 acceptance/entry.tsx
 | import "@oxy.so/services"

 index.js
 | import "./acceptance/entry"

 
 | import "./index"

error: script "export:android" exited with code 1
