$ jest --runInBand --testSequencer "/tmp/oxy1519-issuer-stage-tm1zn4o2/ordered-sequencer.cjs" --runTestsByPath src/routes/__tests__/serviceTokenCredentials.test.ts src/services/__tests__/workloadIdentity.db.test.ts
{"level":30,"time":1790999974715,"pid":3475738,"hostname":"SuperPC","maxPoolSize":8,"msg":"Connected to PostgreSQL successfully"}
{"level":40,"time":1790999974739,"pid":3475738,"hostname":"SuperPC","kid":"dev-ephemeral-c9d1dcfadfa2","msg":"[ServiceToken] no signing key configured; minting with a per-process ephemeral Ed25519 key"}
{"level":30,"time":1790999974742,"pid":3475738,"hostname":"SuperPC","applicationId":"01a0ffea-d342-76d1-9cd3-2a94f5857cb5","appName":"Workload test 066a8864-bb6f-4e45-9d25-93684a87e83c","provider":"aws-iam","attestationId":"wl_b215b500187d14068805fe6b","attribution":"created","scopes":["user:read"],"msg":"[WorkloadIdentity] service token issued"}
{"level":30,"time":1790999974764,"pid":3475738,"hostname":"SuperPC","applicationId":"01a0ffea-d35c-7dc2-9a91-d045d4d8cb7b","appName":"Workload test f279693e-690a-41d6-bdc7-75cb11217153","provider":"aws-iam","attestationId":"wl_da924d4edd43bb00e3f18f6a","attribution":"created","scopes":["user:read"],"msg":"[WorkloadIdentity] service token issued"}
{"level":30,"time":1790999974787,"pid":3475738,"hostname":"SuperPC","applicationId":"01a0ffea-d374-7905-a710-a660186615fb","appName":"Workload test 1242475c-1fca-4c2b-8360-f0ac73733860","provider":"aws-iam","attestationId":"wl_b964b1dad910bc9fc9a0aa40","attribution":"created","scopes":["user:read"],"msg":"[WorkloadIdentity] service token issued"}
{"level":50,"time":1790999974793,"pid":3475738,"hostname":"SuperPC","provider":"aws-iam","attestationId":"wl_b964b1dad910bc9fc9a0aa40","applicationId":"01a0ffea-d378-7727-a2b0-b6b6f675df90","msg":"[WorkloadIdentity] attested identity is attributed to another application"}
{"level":30,"time":1790999974809,"pid":3475738,"hostname":"SuperPC","applicationId":"01a0ffea-d38d-7d1a-90fb-654c7b97ea29","appName":"Workload test d5af4fa3-2915-490d-b460-2f44b383fa9f","provider":"aws-iam","attestationId":"wl_9da306c50710626e0d1de46d","attribution":"created","scopes":["user:read"],"msg":"[WorkloadIdentity] service token issued"}
{"level":40,"time":1790999974809,"pid":3475738,"hostname":"SuperPC","provider":"aws-iam","reason":"unknown_challenge","nonceLength":43,"msg":"[WorkloadIdentity] attestation refused"}
{"level":40,"time":1790999974810,"pid":3475738,"hostname":"SuperPC","provider":"aws-iam","reason":"unknown_challenge","nonceLength":35,"msg":"[WorkloadIdentity] attestation refused"}
{"level":40,"time":1790999974811,"pid":3475738,"hostname":"SuperPC","provider":"aws-iam","reason":"unknown_challenge","nonceLength":33,"msg":"[WorkloadIdentity] attestation refused"}
{"level":40,"time":1790999974813,"pid":3475738,"hostname":"SuperPC","provider":"aws-iam","msg":"[WorkloadIdentity] attested workload has no binding"}
{"level":40,"time":1790999974840,"pid":3475738,"hostname":"SuperPC","provider":"aws-iam","msg":"[WorkloadIdentity] attested workload has no binding"}
{"level":30,"time":1790999974854,"pid":3475738,"hostname":"SuperPC","applicationId":"01a0ffea-d3bd-7675-a469-63f3e3d8183c","appName":"Workload test c235d21c-f56b-4d8b-868a-3a87453cf9ad","provider":"aws-iam","attestationId":"wl_f96f237979c0d12f6785752b","attribution":"created","scopes":["user:read"],"msg":"[WorkloadIdentity] service token issued"}
{"level":30,"time":1790999974869,"pid":3475738,"hostname":"SuperPC","applicationId":"01a0ffea-d3ca-7c7a-ab90-9ca15f4bf81b","appName":"Workload test 1e5ae5cf-a75e-4b94-9ca1-3cbb5c042ffb","provider":"aws-iam","attestationId":"wl_891e2695bfaaf07f961169c9","attribution":"created","scopes":["user:read"],"msg":"[WorkloadIdentity] service token issued"}
{"level":30,"time":1790999974887,"pid":3475738,"hostname":"SuperPC","applicationId":"01a0ffea-d3d9-7058-b3a3-2a12356b4401","appName":"Workload test ad57347a-d0ec-46a5-9957-8fd07252ec2b","provider":"aws-iam","attestationId":"wl_4d395f0e35a360ea4f787a17","attribution":"created","scopes":["federation:write","signals:write","catalogs:write"],"msg":"[WorkloadIdentity] service token issued"}
{"level":30,"time":1790999974907,"pid":3475738,"hostname":"SuperPC","applicationId":"01a0ffea-d3ec-7adc-aae6-b45ceb8e86ba","appName":"Workload test 5ad1b2f2-04cc-4674-a15c-2ee90512d828","provider":"aws-iam","attestationId":"wl_cdae52d98f338fcaba97c117","attribution":"created","scopes":["user:read"],"msg":"[WorkloadIdentity] service token issued"}
{"level":30,"time":1790999974921,"pid":3475738,"hostname":"SuperPC","applicationId":"01a0ffea-d3fe-7067-a63f-79e49131f4c2","appName":"Workload test a3d42405-86d8-48a7-adc3-85a75a5130b3","provider":"aws-iam","attestationId":"wl_3c380480d9bc171de555a0b4","attribution":"created","scopes":["user:read","signals:write"],"msg":"[WorkloadIdentity] service token issued"}
{"level":30,"time":1790999974927,"pid":3475738,"hostname":"SuperPC","applicationId":"01a0ffea-d3fe-7067-a63f-79e49131f4c2","appName":"Workload test a3d42405-86d8-48a7-adc3-85a75a5130b3","provider":"aws-iam","attestationId":"wl_3c380480d9bc171de555a0b4","attribution":"unchanged","scopes":["user:read"],"msg":"[WorkloadIdentity] service token issued"}

Test Suites: 2 passed, 2 total
Tests:       44 passed, 44 total
Snapshots:   0 total
Time:        1.319 s
Ran all test suites within paths "src/routes/__tests__/serviceTokenCredentials.test.ts", "src/services/__tests__/workloadIdentity.db.test.ts".
