The files belonging to this database system will be owned by user "nate".
This user must also own the server process.

The database cluster will be initialized with locale "C".
The default text search configuration will be set to "english".

Data page checksums are disabled.

creating directory /tmp/oxy-i05-configuration-a6oifdjy/pg1519-zkne1wr3/data ... ok
creating subdirectories ... ok
selecting dynamic shared memory implementation ... posix
selecting default "max_connections" ... 100
selecting default "shared_buffers" ... 128MB
selecting default time zone ... Europe/Bucharest
creating configuration files ... ok
running bootstrap script ... ok
performing post-bootstrap initialization ... ok
syncing data to disk ... ok

Success. You can now start the database server using:

    /usr/lib/postgresql/17/bin/pg_ctl -D /tmp/oxy-i05-configuration-a6oifdjy/pg1519-zkne1wr3/data -l logfile start


waiting for server to start.... done
server started

{"command": ["bun", "--no-env-file", "run", "db:migrate"], "exitCode": 0, "log": "/tmp/oxy-i05-configuration-a6oifdjy/pg1519-zkne1wr3/migration-fresh.txt"}
{"command": ["bun", "--no-env-file", "run", "db:migrate"], "exitCode": 0, "log": "/tmp/oxy-i05-configuration-a6oifdjy/pg1519-zkne1wr3/migration-repeat.txt"}
{"newLocalServerPid": 3849015, "dataDirectory": "/tmp/oxy-i05-configuration-a6oifdjy/pg1519-zkne1wr3/data", "database": "oxy_rehearsal_1519_5ee59213202d1128", "command": ["bun", "--no-env-file", "run", "test", "--runInBand", "--runTestsByPath", "src/scripts/__tests__/foregroundPilotConfiguration.db.test.ts", "src/scripts/__tests__/foregroundPilotHttps.test.ts", "src/scripts/__tests__/seedOxyApplicationsSpecs.test.ts", "src/scripts/__tests__/seedOxyApplicationsPlan.test.ts"], "exitCode": 0, "log": "/tmp/oxy-i05-configuration-a6oifdjy/pg1519-zkne1wr3/foreground-api.txt", "productionAccess": false}
waiting for server to shut down.... done
server stopped

Traceback (most recent call last):
  File "/home/nate/Oxy/oxy/.worktrees/1519-i05-foreground-capability-20261003/scripts/rehearsal/test-i05-foreground-configuration.py", line 119, in <module>
    main()
    ~~~~^^
  File "/home/nate/Oxy/oxy/.worktrees/1519-i05-foreground-capability-20261003/scripts/rehearsal/test-i05-foreground-configuration.py", line 106, in main
    node_result = subprocess.run(['/usr/bin/node', str(ROOT / 'scripts/agency/tests/foreground-pilot-compiled.mjs')],
                                 cwd=ROOT, env=node_env, text=True, stdout=subprocess.PIPE,
                                 stderr=subprocess.STDOUT, check=False)
  File "/usr/lib/python3.13/subprocess.py", line 554, in run
    with Popen(*popenargs, **kwargs) as process:
         ~~~~~^^^^^^^^^^^^^^^^^^^^^^
  File "/usr/lib/python3.13/subprocess.py", line 1039, in __init__
    self._execute_child(args, executable, preexec_fn, close_fds,
    ~~~~~~~~~~~~~~~~~~~^^^^^^^^^^^^^^^^^^^^^^^^^^^^^^^^^^^^^^^^^
                        pass_fds, cwd, env,
                        ^^^^^^^^^^^^^^^^^^^
    ...<5 lines>...
                        gid, gids, uid, umask,
                        ^^^^^^^^^^^^^^^^^^^^^^
                        start_new_session, process_group)
                        ^^^^^^^^^^^^^^^^^^^^^^^^^^^^^^^^^
  File "/usr/lib/python3.13/subprocess.py", line 1972, in _execute_child
    raise child_exception_type(errno_num, err_msg, err_filename)
FileNotFoundError: [Errno 2] No such file or directory: '/usr/bin/node'
