$ jest --runInBand --runTestsByPath src/db/schema/__tests__/agentAuthoritySchema.test.ts src/routes/__tests__/oauthConsentFinalizers.test.ts src/routes/__tests__/oauthAuthorizeRedirect.test.ts src/routes/__tests__/authSessionOAuthRequest.test.ts src/routes/__tests__/sessionApproveInfo.test.ts src/routes/__tests__/oauthConsentGrants.test.ts src/utils/__tests__/applicationScopes.test.ts src/services/__tests__/authSession.service.test.ts src/routes/__tests__/inferenceEdgeInternalMetered.test.ts src/config/__tests__/inferenceEconomicPolicy.test.ts src/services/__tests__/inferenceInternalPilot.test.ts src/services/__tests__/inferenceMeteredUsage.service.test.ts src/services/__tests__/kaanaProviderCostFeed.service.test.ts
{"level":30,"time":1790989609659,"pid":3306704,"hostname":"SuperPC","maxPoolSize":8,"msg":"Connected to PostgreSQL successfully"}
{"level":40,"time":1790989610478,"pid":3306704,"hostname":"SuperPC","authorizeCode":"ac-8acbf...","identityUserId":"01a0ff4c-ade1-7357-af69-822c0b2898bd","reason":"forbidden","msg":"[AuthSession] Delegated subject refused on signed approval"}
{"level":30,"time":1790989610829,"pid":3306704,"hostname":"SuperPC","sessionToken":"st-344a3...","applicationId":"01a0ff4c-af43-736b-87e4-c0fbbf6b9015","identityUserId":"01a0ff4c-af40-7f00-80f8-9384d6d1eaf2","delegated":false,"msg":"[AuthSession] OAuth authorization finalized"}
{"level":30,"time":1790989611111,"pid":3306704,"hostname":"SuperPC","sessionToken":"st-48482...","applicationId":"01a0ff4c-b05e-765f-bbaf-855e487e5c2e","identityUserId":"01a0ff4c-b05b-79a2-8baf-a0a36be729bb","delegated":false,"msg":"[AuthSession] OAuth authorization finalized"}
{"level":50,"time":1790989611127,"pid":3306704,"hostname":"SuperPC","sessionToken":"st-3a9a4...","applicationId":"01a0ff4c-b06b-7666-9e9a-bf72a0357e7a","err":{"type":"Object","message":"mint exploded","stack":"Error: mint exploded\n    at /home/nate/Oxy/oxy/.worktrees/1519-approved-integration-20261003/packages/api/src/services/__tests__/authSession.service.test.ts:963:45\n    at Generator.next (<anonymous>)\n    at fulfilled (/home/nate/Oxy/oxy/.worktrees/1519-approved-integration-20261003/packages/api/src/services/__tests__/authSession.service.test.ts:31:58)\n    at processTicksAndRejections (node:internal/process/task_queues:104:5)","name":"Error"},"msg":"[AuthSession] Authorization code mint failed after the request was spent"}
{"level":30,"time":1790989611179,"pid":3306704,"hostname":"SuperPC","sessionToken":"st-87955...","applicationId":"01a0ff4c-b0a3-7922-8999-7bbcfb31f76b","identityUserId":"01a0ff4c-b0a0-7b48-95e1-5b7b2ddf202b","delegated":false,"msg":"[AuthSession] OAuth authorization finalized"}
{"level":30,"time":1790989611191,"pid":3306704,"hostname":"SuperPC","sessionToken":"st-cf379...","applicationId":"01a0ff4c-b0b0-7cd2-86bc-164fe539220c","identityUserId":"01a0ff4c-b0ac-79f3-a9ec-2c077a91022e","delegated":false,"msg":"[AuthSession] OAuth authorization finalized"}
{"level":30,"time":1790989611202,"pid":3306704,"hostname":"SuperPC","sessionToken":"st-36067...","applicationId":"01a0ff4c-b0ba-73b8-9202-28c73635749a","identityUserId":"01a0ff4c-b0b7-778b-9594-850409b6e763","delegated":false,"msg":"[AuthSession] OAuth authorization finalized"}
{"level":30,"time":1790989611213,"pid":3306704,"hostname":"SuperPC","sessionToken":"st-22258...","applicationId":"01a0ff4c-b0c6-73bb-a14e-257385f25b4b","identityUserId":"01a0ff4c-b0c2-7f80-80a3-a918119da4dc","delegated":false,"msg":"[AuthSession] OAuth authorization finalized"}
{"level":30,"time":1790989611226,"pid":3306704,"hostname":"SuperPC","sessionToken":"st-fcdbc...","applicationId":"01a0ff4c-b0d2-7708-be4d-46dbff2f4e71","identityUserId":"01a0ff4c-b0ce-7f55-919c-d0326fbb370d","delegated":false,"msg":"[AuthSession] OAuth authorization finalized"}
{"level":30,"time":1790989611238,"pid":3306704,"hostname":"SuperPC","sessionToken":"st-d85dd...","applicationId":"01a0ff4c-b0df-752e-af45-6a18fa76aa8c","identityUserId":"01a0ff4c-b0dc-73d5-87aa-4c59a838cfb8","delegated":false,"msg":"[AuthSession] OAuth authorization finalized"}
{"level":30,"time":1790989611254,"pid":3306704,"hostname":"SuperPC","sessionToken":"st-56dbe...","applicationId":"01a0ff4c-b0ec-749a-9759-c9e3892cf7e0","identityUserId":"01a0ff4c-b0e9-7f2d-bc06-0d0ccbb39305","delegated":true,"msg":"[AuthSession] OAuth authorization finalized"}
{"level":40,"time":1790989611266,"pid":3306704,"hostname":"SuperPC","identityUserId":"01a0ff4c-b0f9-7108-8460-0eac64efe763","reason":"forbidden","msg":"[AuthSession] Delegated subject refused on finalize"}
{"level":30,"time":1790989611282,"pid":3306704,"hostname":"SuperPC","sessionToken":"st-fcbc0...","applicationId":"01a0ff4c-b109-78aa-9431-dd16e226c1db","identityUserId":"01a0ff4c-b106-7c05-a697-e5c1832e5038","delegated":true,"msg":"[AuthSession] OAuth authorization finalized"}
{"level":30,"time":1790989611882,"pid":3306704,"hostname":"SuperPC","maxPoolSize":8,"msg":"Connected to PostgreSQL successfully"}

Test Suites: 13 passed, 13 total
Tests:       307 passed, 307 total
Snapshots:   0 total
Time:        10.108 s, estimated 16 s
Ran all test suites within paths "src/db/schema/__tests__/agentAuthoritySchema.test.ts", "src/routes/__tests__/oauthConsentFinalizers.test.ts", "src/routes/__tests__/oauthAuthorizeRedirect.test.ts", "src/routes/__tests__/authSessionOAuthRequest.test.ts", "src/routes/__tests__/sessionApproveInfo.test.ts", "src/routes/__tests__/oauthConsentGrants.test.ts", "src/utils/__tests__/applicationScopes.test.ts", "src/services/__tests__/authSession.service.test.ts", "src/routes/__tests__/inferenceEdgeInternalMetered.test.ts", "src/config/__tests__/inferenceEconomicPolicy.test.ts", "src/services/__tests__/inferenceInternalPilot.test.ts", "src/services/__tests__/inferenceMeteredUsage.service.test.ts", "src/services/__tests__/kaanaProviderCostFeed.service.test.ts".
