✔ RSA pair has the default 2048-bit modulus and matching public exponent (0.779485ms)
✔ key-pair PEM round trip preserves both moduli (0.235152ms)
✔ public-key PEM round trip preserves exponent and modulus (0.145564ms)
✔ private-key PEM round trip preserves private exponent (0.188212ms)
✔ certificate PEM round trip verifies its self-signature (0.842489ms)
✔ valid certificate and corresponding pair satisfy Expo validation (0.805112ms)
✔ Expo manifest signature verifies with independent Node/OpenSSL SHA256 (0.660319ms)
✔ altered manifest bytes fail independent Node/OpenSSL verification (0.21723ms)
✔ private key from another pair is rejected by Expo signing verification (21.325553ms)
✔ reversed certificate validity interval is rejected (0.723514ms)
✔ expired certificate is rejected by Expo validation (21.170675ms)
✔ CSR PEM round trip verifies its signature and requested identity (1.155937ms)
✔ development certificate verifies its issuer and contains requested project scope (22.615741ms)
✔ tampered CSR signature is rejected before development certificate issuance (1.220379ms)
ℹ tests 14
ℹ suites 0
ℹ pass 14
ℹ fail 0
ℹ cancelled 0
ℹ skipped 0
ℹ todo 0
ℹ duration_ms 77.533798
