$ vite build && bun ../core/scripts/writePagesHeaders.ts dist
rolldown-vite v7.3.1 building client environment for production...
[2Ktransforming...[plugin rolldown:vite-resolve] Module "node:crypto" has been externalized for browser compatibility, imported by "/home/nate/Oxy/oxy/.worktrees/1571-alia-machine-principal-20261004/packages/protocol/dist/esm/platform/crypto.js". See https://vite.dev/guide/troubleshooting.html#module-externalized-for-browser-compatibility for more details.
[plugin rolldown:vite-resolve] Module "node:async_hooks" has been externalized for browser compatibility, imported by "/home/nate/Oxy/oxy/.worktrees/1571-alia-machine-principal-20261004/node_modules/.bun/expo-font@57.0.3/node_modules/expo-font/build/serverContext.web.js". See https://vite.dev/guide/troubleshooting.html#module-externalized-for-browser-compatibility for more details.
✓ 3174 modules transformed.
rendering chunks...
[plugin builtin:vite-reporter] 
(!) __vite-browser-external is dynamically imported by /home/nate/Oxy/oxy/.worktrees/1571-alia-machine-principal-20261004/packages/protocol/dist/esm/platform/crypto.js but also statically imported by /home/nate/Oxy/oxy/.worktrees/1571-alia-machine-principal-20261004/node_modules/.bun/expo-font@57.0.3/node_modules/expo-font/build/serverContext.web.js, dynamic import will not move module into another chunk.

computing gzip size...
dist/index.html                                                       3.66 kB │ gzip:     1.33 kB
dist/assets/unmatched-C2XkAHgU.png                                    4.75 kB
dist/assets/arrow_down-NdGCEnxo.png                                   9.45 kB
dist/assets/OxyServicesMaterialCommunityIcons-DVHLYwp4.ttf           28.85 kB
dist/assets/JetBrainsMono-Variable-B9CIFXIH.woff2                    40.40 kB
dist/assets/OxyServicesIonicons-B1hZ8Dc8.ttf                         43.00 kB
dist/assets/slide-4-DSNFt0xP.jpg                                     46.63 kB
dist/assets/InterVariable-Dx4kXJAl.woff2                             48.25 kB
dist/assets/slide-3-Bp5gr1Be.jpg                                     59.18 kB
dist/assets/BlomusModernus-Bold-0E_Y-ihB.woff2                       77.61 kB
dist/assets/BlomusModernus-Regular-kZR3rHS0.woff2                    77.64 kB
dist/assets/slide-2-BAN8I4Iy.jpg                                     87.90 kB
dist/assets/slide-1-CPYeLD4l.jpg                                    102.17 kB
dist/assets/index-31PKFFTC.css                                      164.40 kB │ gzip:    24.88 kB
dist/assets/c-BZfPS0kl.js                                             0.05 kB │ gzip:     0.07 kB
dist/assets/r-B6vb0B-2.js                                             0.05 kB │ gzip:     0.07 kB
dist/assets/__vite-browser-external-DxqZgc77.js                       0.05 kB │ gzip:     0.07 kB
dist/assets/cpp-BnTcSwQ6.js                                           0.05 kB │ gzip:     0.07 kB
dist/assets/css-DQamNfPF.js                                           0.05 kB │ gzip:     0.07 kB
dist/assets/jsx-Br_UQ4g3.js                                           0.05 kB │ gzip:     0.07 kB
dist/assets/lua-BeM3PBXL.js                                           0.05 kB │ gzip:     0.07 kB
dist/assets/sql-BP2yOzdT.js                                           0.05 kB │ gzip:     0.07 kB
dist/assets/tsx-mwZXMq9F.js                                           0.05 kB │ gzip:     0.07 kB
dist/assets/xml-ZA3JteSK.js                                           0.05 kB │ gzip:     0.07 kB
dist/assets/glsl-CWpFgx-t.js                                          0.06 kB │ gzip:     0.07 kB
dist/assets/haml-Dhza0ydi.js                                          0.06 kB │ gzip:     0.07 kB
dist/assets/html-Db5XC_lP.js                                          0.06 kB │ gzip:     0.07 kB
dist/assets/java-CZXCHJai.js                                          0.06 kB │ gzip:     0.07 kB
dist/assets/json-C3-zbo4d.js                                          0.06 kB │ gzip:     0.07 kB
dist/assets/scss-BXmV2Uls.js                                          0.06 kB │ gzip:     0.07 kB
dist/assets/yaml-6ABMvtga.js                                          0.06 kB │ gzip:     0.07 kB
dist/assets/regexp-D3NDWvZn.js                                        0.06 kB │ gzip:     0.07 kB
dist/assets/graphql-C7QdAy-G.js                                       0.06 kB │ gzip:     0.07 kB
dist/assets/javascript-CRfOz2Vm.js                                    0.06 kB │ gzip:     0.08 kB
dist/assets/typescript-CqkXVzh8.js                                    0.06 kB │ gzip:     0.08 kB
dist/assets/shellscript-Dnfafpdv.js                                   0.06 kB │ gzip:     0.08 kB
dist/assets/angular-html-B8IIZfv9.js                                  0.06 kB │ gzip:     0.08 kB
dist/assets/trustTierLabels-E1ErPMPB.js                               0.12 kB │ gzip:     0.12 kB
dist/assets/Ionicons-EZ39rQoC.js                                      0.15 kB │ gzip:     0.14 kB
dist/assets/LinkCommonsScreen-B3uZcqKa.js                             0.19 kB │ gzip:     0.17 kB
dist/assets/SignInAuthenticatorScreen-D9jw0rq_.js                     0.19 kB │ gzip:     0.17 kB
dist/assets/FollowersListScreen-59z3YSIf.js                           0.20 kB │ gzip:     0.18 kB
dist/assets/FollowingListScreen-BbjrNjr_.js                           0.20 kB │ gzip:     0.18 kB
dist/assets/DeleteAccountScreen-D6hqb_zZ.js                           0.23 kB │ gzip:     0.19 kB
dist/assets/SignInPasswordScreen-D72Tnuoy.js                          0.24 kB │ gzip:     0.20 kB
dist/assets/AccountSecurityPanelScreen-DtKkl7LA.js                    0.27 kB │ gzip:     0.22 kB
dist/assets/version-Qodb8n5_.js                                       0.33 kB │ gzip:     0.23 kB
dist/assets/useReduceMotion-e98k2sh6.js                               0.40 kB │ gzip:     0.29 kB
dist/assets/SettingsIcon-D8S8hcDG.js                                  0.49 kB │ gzip:     0.35 kB
dist/assets/codeowners-C6XU6v3g.js                                    0.54 kB │ gzip:     0.31 kB
dist/assets/useSettingToggle-uPBbcjBY.js                              0.68 kB │ gzip:     0.44 kB
dist/assets/shellsession-D0URKgAA.js                                  0.71 kB │ gzip:     0.43 kB
dist/assets/tsv-B4Z64AXD.js                                           0.73 kB │ gzip:     0.33 kB
dist/assets/colorUtils-cSmKvY0V.js                                    0.77 kB │ gzip:     0.24 kB
dist/assets/UserLinksScreen-6Jdx5ehd.js                               0.83 kB │ gzip:     0.49 kB
dist/assets/html-derivative-CPLxCbc9.js                               0.84 kB │ gzip:     0.46 kB
dist/assets/plural-CkjYiIXR.js                                        0.86 kB │ gzip:     0.51 kB
dist/assets/git-rebase-CbSIMZPb.js                                    0.98 kB │ gzip:     0.44 kB
dist/assets/qmldir-C5fRq0eb.js                                        0.99 kB │ gzip:     0.44 kB
dist/assets/ProfileSummaryCard-4XbU03AT.js                            1.01 kB │ gzip:     0.57 kB
dist/assets/csv-BKhdtvGS.js                                           1.13 kB │ gzip:     0.36 kB
dist/assets/message-helpers-D1vdy17y.js                               1.15 kB │ gzip:     0.58 kB
dist/assets/AvatarCameraBadge-C7Oj89Oz.js                             1.15 kB │ gzip:     0.70 kB
dist/assets/RiSparklingLine-Byp7SLLK.js                               1.20 kB │ gzip:     0.64 kB
dist/assets/git-commit-C0BDeVG6.js                                    1.22 kB │ gzip:     0.52 kB
dist/assets/xsl-CziS1lXT.js                                           1.36 kB │ gzip:     0.49 kB
dist/assets/dotenv-DbMgoilc.js                                        1.41 kB │ gzip:     0.52 kB
dist/assets/sparql-3xn0LX--.js                                        1.47 kB │ gzip:     0.81 kB
dist/assets/TrustFAQScreen-D0w5brX9.js                                1.49 kB │ gzip:     0.77 kB
dist/assets/build-re_SgWMT.js                                         1.51 kB │ gzip:     0.77 kB
dist/assets/ini-a-ar-JGk.js                                           1.51 kB │ gzip:     0.49 kB
dist/assets/RiShieldCheckLine--zf_Mdxr.js                             1.62 kB │ gzip:     0.90 kB
dist/assets/fortran-fixed-form-DoeCYMrn.js                            1.66 kB │ gzip:     0.69 kB
dist/assets/docker-kshjmzvc.js                                        1.73 kB │ gzip:     0.59 kB
dist/assets/hxml-DCViVeOd.js                                          1.74 kB │ gzip:     0.87 kB
dist/assets/desktop-DQzZSPTM.js                                       1.82 kB │ gzip:     0.75 kB
dist/assets/TrustRulesScreen-BPzkd8SN.js                              1.92 kB │ gzip:     0.98 kB
dist/assets/SearchSettingsScreen-Dtzyd3cK.js                          2.10 kB │ gzip:     0.92 kB
dist/assets/erb-C76OH_93.js                                           2.13 kB │ gzip:     0.62 kB
dist/assets/wenyan-B_37P8uK.js                                        2.15 kB │ gzip:     1.08 kB
dist/assets/jssm-DbUxV1OT.js                                          2.23 kB │ gzip:     0.61 kB
dist/assets/edge-BkGJZcMg.js                                          2.30 kB │ gzip:     0.68 kB
dist/assets/reg-e_qwLYRQ.js                                           2.33 kB │ gzip:     0.69 kB
dist/assets/Haptics-CboUt1xs.js                                       2.35 kB │ gzip:     1.05 kB
dist/assets/HelpSupportScreen-De0I5Dm0.js                             2.41 kB │ gzip:     0.87 kB
dist/assets/diff-CliQzcZe.js                                          2.56 kB │ gzip:     0.68 kB
dist/assets/gleam-Ym6KXmbP.js                                         2.57 kB │ gzip:     0.81 kB
dist/assets/ConnectedAppsScreen-B65cW9pz.js                           2.63 kB │ gzip:     1.31 kB
dist/assets/hy-DuZNDUrv.js                                            2.64 kB │ gzip:     1.17 kB
dist/assets/json-CNyPdQlK.js                                          2.81 kB │ gzip:     0.76 kB
dist/assets/openscad-C9dSAsZ-.js                                      2.81 kB │ gzip:     1.00 kB
dist/assets/log-C9NH1uGt.js                                           2.84 kB │ gzip:     0.89 kB
dist/assets/NotificationsScreen-bv9DD5ft.js                           2.85 kB │ gzip:     1.05 kB
dist/assets/module-DrFJzk5w.js                                        2.90 kB │ gzip:     1.22 kB
dist/assets/cairo-sGMRe72W.js                                         2.93 kB │ gzip:     0.80 kB
dist/assets/berry-CdPki7q8.js                                         2.99 kB │ gzip:     0.80 kB
dist/assets/jsonl-ByvX78Ot.js                                         3.00 kB │ gzip:     0.78 kB
dist/assets/EditProfileScreen-DvfZ5NN_.js                             3.07 kB │ gzip:     1.14 kB
dist/assets/LanguageSelectorScreen-BQmiT_53.js                        3.07 kB │ gzip:     1.43 kB
dist/assets/jsonc-AaR-c8gt.js                                         3.10 kB │ gzip:     0.78 kB
dist/assets/logo-U2KW2IZv.js                                          3.12 kB │ gzip:     1.46 kB
dist/assets/SettingsList-Be0gpg1z.js                                  3.14 kB │ gzip:     1.36 kB
dist/assets/PreferencesScreen-Dvg9lYUc.js                             3.15 kB │ gzip:     1.31 kB
dist/assets/po-D2kYnb-d.js                                            3.23 kB │ gzip:     0.90 kB
dist/assets/json5-rxP3Qirc.js                                         3.24 kB │ gzip:     0.82 kB
dist/assets/mipsasm-jFc49cIR.js                                       3.25 kB │ gzip:     1.17 kB
dist/assets/tasl-Br9y_OZx.js                                          3.28 kB │ gzip:     0.84 kB
dist/assets/genie-G4u9vRMK.js                                         3.34 kB │ gzip:     1.20 kB
dist/assets/rel-9AHxib5v.js                                           3.36 kB │ gzip:     1.10 kB
dist/assets/vala-C1f5aeIl.js                                          3.36 kB │ gzip:     1.18 kB
dist/assets/HistoryViewScreen-BasNVJ2-.js                             3.38 kB │ gzip:     1.31 kB
dist/assets/splunk-BqMt_mQh.js                                        3.42 kB │ gzip:     1.51 kB
dist/assets/hurl-BJDbfXQV.js                                          3.51 kB │ gzip:     1.09 kB
dist/assets/fluent-D-KicQ71.js                                        3.60 kB │ gzip:     0.89 kB
dist/assets/ssh-config-BdDjiUMJ.js                                    3.61 kB │ gzip:     1.59 kB
dist/assets/jsonnet-CM_1l8XQ.js                                       3.61 kB │ gzip:     1.03 kB
dist/assets/kdl-B-2EYpxG.js                                           3.62 kB │ gzip:     1.03 kB
dist/assets/glsl-BOQg6bNh.js                                          3.63 kB │ gzip:     1.41 kB
dist/assets/LearnMoreUsernamesScreen-BsdyOt-p.js                      3.65 kB │ gzip:     1.58 kB
dist/assets/TrustAboutScreen-Byqe4rgD.js                              3.65 kB │ gzip:     1.56 kB
dist/assets/narrat-8Nln2u8S.js                                        3.66 kB │ gzip:     1.09 kB
dist/assets/turtle-zga0VsHc.js                                        3.69 kB │ gzip:     0.96 kB
dist/assets/Card-PqS94W53.js                                          3.80 kB │ gzip:     1.65 kB
dist/assets/DomainsScreen-N27mScEK.js                                 3.82 kB │ gzip:     1.44 kB
dist/assets/TrustCenterScreen-BMw2FITT.js                             3.90 kB │ gzip:     1.58 kB
dist/assets/zenscript-D3jQ1NSj.js                                     3.90 kB │ gzip:     1.28 kB
dist/assets/ron-UVRFNjVn.js                                           3.90 kB │ gzip:     0.97 kB
dist/assets/LegalDocumentsScreen-qzg6bpji.js                          3.92 kB │ gzip:     1.29 kB
dist/assets/TrustLeaderboardScreen-GW1MqXzG.js                        3.95 kB │ gzip:     1.69 kB
dist/assets/gn-D5ZjKi7W.js                                            3.99 kB │ gzip:     1.47 kB
dist/assets/pascal-D2jEy35S.js                                        4.14 kB │ gzip:     1.67 kB
dist/assets/ChangeAvatarScreen-CdgtfddI.js                            4.24 kB │ gzip:     1.76 kB
dist/assets/http-Bg0ijguF.js                                          4.41 kB │ gzip:     1.06 kB
dist/assets/tcl-elpl993d.js                                           4.42 kB │ gzip:     1.50 kB
dist/assets/nextflow-CEKWON_B.js                                      4.50 kB │ gzip:     1.16 kB
dist/assets/esm-ChAoV1BT.js                                           4.51 kB │ gzip:     1.46 kB
dist/assets/rosmsg-XlJQR_nX.js                                        4.51 kB │ gzip:     1.05 kB
dist/assets/polar-Dz30gwUc.js                                         4.66 kB │ gzip:     1.12 kB
dist/assets/sdbl-AYOk_PgW.js                                          4.69 kB │ gzip:     2.00 kB
dist/assets/fennel-wrVx7Kiz.js                                        4.76 kB │ gzip:     1.53 kB
dist/assets/bibtex-BxnpYgE2.js                                        4.78 kB │ gzip:     0.83 kB
dist/assets/llvm-vqtpjmMn.js                                          5.04 kB │ gzip:     2.01 kB
dist/assets/wgsl-NGTyiI6E.js                                          5.13 kB │ gzip:     1.38 kB
dist/assets/gdresource-VQLJCE5C.js                                    5.28 kB │ gzip:     1.33 kB
dist/assets/zig-F1Pi-lQn.js                                           5.33 kB │ gzip:     1.55 kB
dist/assets/qml-BclkFyLQ.js                                           5.33 kB │ gzip:     1.38 kB
dist/assets/dax-96X_n8gF.js                                           5.35 kB │ gzip:     2.21 kB
dist/assets/bicep-C6SLqPMJ.js                                         5.37 kB │ gzip:     1.14 kB
dist/assets/xml-BCCrhyyV.js                                           5.38 kB │ gzip:     1.20 kB
dist/assets/AccountSettingsScreen-DqNso84d.js                         5.39 kB │ gzip:     2.18 kB
dist/assets/awk-CZwfwpPi.js                                           5.45 kB │ gzip:     1.37 kB
dist/assets/coq-3t8pmfdE.js                                           5.54 kB │ gzip:     1.91 kB
dist/assets/jinja-nNFRqBcw.js                                         5.62 kB │ gzip:     1.36 kB
dist/assets/lean-D1ABi2Ay.js                                          5.77 kB │ gzip:     1.91 kB
dist/assets/moonbit-DpFT7jaf.js                                       5.89 kB │ gzip:     1.67 kB
dist/assets/powerquery-Df5TxHK7.js                                    5.89 kB │ gzip:     1.51 kB
dist/assets/shaderlab-DkidK3m4.js                                     5.91 kB │ gzip:     2.08 kB
dist/assets/verilog-W6WURBV_.js                                       5.92 kB │ gzip:     1.89 kB
dist/assets/cypher-agd-rH-5.js                                        5.94 kB │ gzip:     1.71 kB
dist/assets/vb-cQ6j9pso.js                                            6.08 kB │ gzip:     2.33 kB
dist/assets/red-BRUqicKb.js                                           6.25 kB │ gzip:     1.59 kB
dist/assets/min-dark-4LJLSS9D.js                                      6.28 kB │ gzip:     1.70 kB
dist/assets/gdshader-DfFA8TDu.js                                      6.31 kB │ gzip:     1.72 kB
dist/assets/prisma-DEXxBofq.js                                        6.32 kB │ gzip:     1.38 kB
dist/assets/ara-qaxklBAH.js                                           6.35 kB │ gzip:     1.80 kB
dist/assets/clojure-De1LN4BG.js                                       6.40 kB │ gzip:     1.41 kB
dist/assets/postcss-CjX6Je85.js                                       6.41 kB │ gzip:     1.90 kB
dist/assets/toml-IAOSLZR_.js                                          6.41 kB │ gzip:     1.28 kB
dist/assets/solarized-light-C-EUFoMY.js                               6.47 kB │ gzip:     1.71 kB
dist/assets/AccountVerificationScreen-DFUFgMZg.js                     6.52 kB │ gzip:     2.69 kB
dist/assets/r-BRCRBpqY.js                                             6.52 kB │ gzip:     1.77 kB
dist/assets/proto--aHLNpeQ.js                                         6.54 kB │ gzip:     1.41 kB
dist/assets/smalltalk-BhQ-aK4x.js                                     6.58 kB │ gzip:     1.61 kB
dist/assets/talonscript-bxmUvidL.js                                   6.75 kB │ gzip:     1.48 kB
dist/assets/ImagePicker-BDDO9EQM.js                                   6.81 kB │ gzip:     2.60 kB
dist/assets/solarized-dark-Cxh5mZHL.js                                6.84 kB │ gzip:     1.78 kB
dist/assets/riscv-BDhEIhyV.js                                         6.90 kB │ gzip:     1.97 kB
dist/assets/CreateAccountScreen-DDeL8XZj.js                           6.92 kB │ gzip:     2.63 kB
dist/assets/soy-BbVp4P8O.js                                           6.92 kB │ gzip:     1.62 kB
dist/assets/min-light-Ija4O1Iq.js                                     6.96 kB │ gzip:     1.88 kB
dist/assets/scheme-CP376-O8.js                                        7.16 kB │ gzip:     2.04 kB
dist/assets/hlsl-BCW0lgbt.js                                          7.25 kB │ gzip:     2.18 kB
dist/assets/qss-CadIDLsY.js                                           7.46 kB │ gzip:     2.57 kB
dist/assets/dart-BVwkM0Np.js                                          7.80 kB │ gzip:     1.91 kB
dist/assets/systemd-C6bUY0v1.js                                       7.86 kB │ gzip:     2.54 kB
dist/assets/monokai-xgk88DRn.js                                       7.88 kB │ gzip:     1.90 kB
dist/assets/WelcomeNewUserScreen-30FSUSps.js                          7.97 kB │ gzip:     2.84 kB
dist/assets/regexp-BomS1-YN.js                                        7.97 kB │ gzip:     1.41 kB
dist/assets/Chip-uGMnTPWy.js                                          8.00 kB │ gzip:     3.43 kB
dist/assets/WebBrowser-DCpLMbCO.js                                    8.11 kB │ gzip:     3.18 kB
dist/assets/ProfileScreen-JPQdosQI.js                                 8.12 kB │ gzip:     2.87 kB
dist/assets/src-W0q7Mb_z.js                                           8.15 kB │ gzip:     3.04 kB
dist/assets/haml-DV58kGly.js                                          8.25 kB │ gzip:     1.81 kB
dist/assets/typst-B3an2RJc.js                                         8.38 kB │ gzip:     1.66 kB
dist/assets/vue-html-B1e_NtQf.js                                      8.47 kB │ gzip:     1.68 kB
dist/assets/plsql-C14-Iq-v.js                                         8.50 kB │ gzip:     2.99 kB
dist/assets/horizon-Dum5OVKI.js                                       8.77 kB │ gzip:     1.94 kB
dist/assets/kotlin-BR5dhHbO.js                                        8.77 kB │ gzip:     2.12 kB
dist/assets/horizon-bright-BhIwXfJ2.js                                8.78 kB │ gzip:     1.96 kB
dist/assets/ts-tags-UhmUB9M5.js                                       8.92 kB │ gzip:     1.20 kB
dist/assets/make-DLojeTf4.js                                          8.95 kB │ gzip:     1.76 kB
dist/assets/TrustRewardsScreen-Bedn0Oif.js                            9.00 kB │ gzip:     2.78 kB
dist/assets/andromeeda-C7aqOlkq.js                                    9.01 kB │ gzip:     2.35 kB
dist/assets/module-BOtDud3z.js                                        9.05 kB │ gzip:     2.74 kB
dist/assets/sas-DAizl_UY.js                                           9.06 kB │ gzip:     3.82 kB
dist/assets/dark-plus-DSel8hrr.js                                     9.09 kB │ gzip:     2.10 kB
dist/assets/slack-dark-Bkskkdh_.js                                    9.11 kB │ gzip:     1.96 kB
dist/assets/sass-CxXJ68N9.js                                          9.28 kB │ gzip:     2.48 kB
dist/assets/plastic-DRGx7qbj.js                                       9.29 kB │ gzip:     1.96 kB
dist/assets/AccountMembersScreen-tItK8w2U.js                          9.36 kB │ gzip:     2.84 kB
dist/assets/slack-ochin-CJlQVBne.js                                   9.42 kB │ gzip:     2.08 kB
dist/assets/tex-CacXuM_h.js                                           9.67 kB │ gzip:     3.06 kB
dist/assets/jison-HvzP7bCH.js                                         9.69 kB │ gzip:     1.86 kB
dist/assets/AppInfoScreen-B2Cmob3F.js                                 9.84 kB │ gzip:     3.49 kB
dist/assets/cmake-Dy9Uja7l.js                                         9.84 kB │ gzip:     3.37 kB
dist/assets/light-plus-ohR9OKVd.js                                    9.93 kB │ gzip:     2.27 kB
dist/assets/hcl-BfNT5eiQ.js                                          10.04 kB │ gzip:     1.93 kB
dist/assets/rst-BTFRXcuV.js                                          10.31 kB │ gzip:     2.25 kB
dist/assets/pkl-BfLDH2oi.js                                          10.36 kB │ gzip:     1.37 kB
dist/assets/beancount-jrjHEj9l.js                                    10.36 kB │ gzip:     1.42 kB
dist/assets/nextflow-groovy-BO4eXDg9.js                              10.39 kB │ gzip:     2.12 kB
dist/assets/dream-maker-SLz866k9.js                                  10.46 kB │ gzip:     2.25 kB
dist/assets/raku-BQNfvwez.js                                         10.46 kB │ gzip:     2.94 kB
dist/assets/yaml-CbtTvIKS.js                                         10.49 kB │ gzip:     2.26 kB
dist/assets/PrivacySettingsScreen-B7GZ7biS.js                        10.52 kB │ gzip:     2.70 kB
dist/assets/just-B61gLyIb.js                                         10.76 kB │ gzip:     2.60 kB
dist/assets/elm-CAImE0XD.js                                          10.94 kB │ gzip:     2.09 kB
dist/assets/github-light-Cf9qHeGe.js                                 11.18 kB │ gzip:     2.49 kB
dist/assets/prolog-DMUI5ksf.js                                       11.34 kB │ gzip:     3.84 kB
dist/assets/terraform-DkYnJVuH.js                                    11.38 kB │ gzip:     2.51 kB
dist/assets/github-dark-CyMG_9s6.js                                  11.40 kB │ gzip:     2.53 kB
dist/assets/puppet-Dt-gjuLS.js                                       11.43 kB │ gzip:     2.10 kB
dist/assets/laserwave-DlIiYo2o.js                                    11.49 kB │ gzip:     2.57 kB
dist/assets/UserListScreen-Ba__Q5_s.js                               11.54 kB │ gzip:     4.57 kB
dist/assets/zh-CN-B0xkLFUN.js                                        11.86 kB │ gzip:     4.99 kB
dist/assets/gherkin-C8F307Xe.js                                      11.93 kB │ gzip:     5.04 kB
dist/assets/wasm-CSXO6Nn2.js                                         12.00 kB │ gzip:     2.17 kB
dist/assets/hjson-BCy9DojX.js                                        12.04 kB │ gzip:     1.64 kB
dist/assets/handlebars-B_LtAsZF.js                                   12.16 kB │ gzip:     2.38 kB
dist/assets/apache-Ch-nr_2W.js                                       12.44 kB │ gzip:     3.71 kB
dist/assets/it-IT-BHrgVlIj.js                                        12.61 kB │ gzip:     4.63 kB
dist/assets/vesper-3Gxl7gIK.js                                       12.68 kB │ gzip:     1.97 kB
dist/assets/bat-CPEQl4uJ.js                                          12.88 kB │ gzip:     3.22 kB
dist/assets/ca-ES-BbgVfYVy.js                                        12.92 kB │ gzip:     4.70 kB
dist/assets/fish-B4btX5EG.js                                         13.03 kB │ gzip:     1.73 kB
dist/assets/pt-PT-DuakWAT7.js                                        13.03 kB │ gzip:     4.67 kB
dist/assets/v-CHuKIVjd.js                                            13.20 kB │ gzip:     2.73 kB
dist/assets/de-DE-DLqInvav.js                                        13.39 kB │ gzip:     4.89 kB
dist/assets/vitesse-light-Cj5eKiP0.js                                13.61 kB │ gzip:     3.03 kB
dist/assets/aurora-x-B67dXtYj.js                                     13.65 kB │ gzip:     2.28 kB
dist/assets/vitesse-black-LLoITvLL.js                                13.67 kB │ gzip:     3.05 kB
dist/assets/fr-FR-B8t2Qk1G.js                                        13.72 kB │ gzip:     4.88 kB
dist/assets/vitesse-dark-DGvNuQqQ.js                                 13.75 kB │ gzip:     3.06 kB
dist/assets/ko-KR-DsJHC4A9.js                                        13.83 kB │ gzip:     4.92 kB
dist/assets/pug-_vA58AUW.js                                          13.84 kB │ gzip:     2.58 kB
dist/assets/luau-BMbG1Jnm.js                                         13.95 kB │ gzip:     3.16 kB
dist/assets/synthwave-84-DoiB8dW1.js                                 14.03 kB │ gzip:     2.85 kB
dist/assets/github-light-default-B-YWk9Y3.js                         14.15 kB │ gzip:     3.02 kB
dist/assets/clarity-BGYIjv40.js                                      14.26 kB │ gzip:     2.46 kB
dist/assets/github-light-high-contrast-CxeiO0FP.js                   14.27 kB │ gzip:     3.00 kB
dist/assets/github-dark-dimmed-DvnezIB9.js                           14.43 kB │ gzip:     3.11 kB
dist/assets/github-dark-default-CQdxcuqA.js                          14.43 kB │ gzip:     3.12 kB
dist/assets/github-dark-high-contrast-BnzAZZRh.js                    14.59 kB │ gzip:     3.07 kB
dist/assets/gnuplot-Cr8eTKL8.js                                      14.77 kB │ gzip:     3.27 kB
dist/assets/rust-BdskMYMg.js                                         15.06 kB │ gzip:     2.71 kB
dist/assets/kusto-Bgvq5mX2.js                                        15.16 kB │ gzip:     3.93 kB
dist/assets/actionscript-3-DwfG2Wma.js                               15.19 kB │ gzip:     2.66 kB
dist/assets/nix-D55J0T50.js                                          15.50 kB │ gzip:     2.47 kB
dist/assets/lua-BX1FgB-_.js                                          15.53 kB │ gzip:     3.15 kB
dist/assets/abap-BM5PMK0-.js                                         15.84 kB │ gzip:     5.93 kB
dist/assets/ja-JP-Den_x8VK.js                                        15.92 kB │ gzip:     5.11 kB
dist/assets/solidity-DZCzWlhJ.js                                     16.06 kB │ gzip:     3.09 kB
dist/assets/matlab-DiDlmkn3.js                                       16.07 kB │ gzip:     3.06 kB
dist/assets/ar-SA-ChILPLly.js                                        16.09 kB │ gzip:     5.17 kB
dist/assets/cue-BfB100Xe.js                                          16.19 kB │ gzip:     2.04 kB
dist/assets/elixir-Bk80h613.js                                       16.26 kB │ gzip:     2.76 kB
dist/assets/odin-B7Gubokx.js                                         16.50 kB │ gzip:     2.92 kB
dist/assets/bird2-2zVKh6wV.js                                        16.96 kB │ gzip:     3.84 kB
dist/assets/kanagawa-wave-BwRw6Ipr.js                                17.12 kB │ gzip:     2.90 kB
dist/assets/kanagawa-lotus-CLXcfnMb.js                               17.12 kB │ gzip:     2.90 kB
dist/assets/kanagawa-dragon-xwOBSE3_.js                              17.12 kB │ gzip:     2.92 kB
dist/assets/move-BPw3URN_.js                                         17.49 kB │ gzip:     3.06 kB
dist/assets/graphql-Ja3mIzKH.js                                      18.00 kB │ gzip:     2.49 kB
dist/assets/liquid-CkFPFOK1.js                                       18.10 kB │ gzip:     3.14 kB
dist/assets/svelte-BnGG8TFW.js                                       18.24 kB │ gzip:     3.14 kB
dist/assets/ManageAccountScreen-D_ANGH_Y.js                          18.55 kB │ gzip:     5.44 kB
dist/assets/material-theme-ByVCaFGo.js                               18.61 kB │ gzip:     3.10 kB
dist/assets/material-theme-darker-D0Xrm9hJ.js                        18.62 kB │ gzip:     3.10 kB
dist/assets/material-theme-ocean-DRmByest.js                         18.62 kB │ gzip:     3.12 kB
dist/assets/material-theme-lighter-DJvX3Onv.js                       18.63 kB │ gzip:     3.10 kB
dist/assets/material-theme-palenight-Bw3HvpGF.js                     18.63 kB │ gzip:     3.11 kB
dist/assets/gdscript-ZTE84qr5.js                                     18.98 kB │ gzip:     3.75 kB
dist/assets/groovy-DB9AAN_I.js                                       19.17 kB │ gzip:     3.59 kB
dist/assets/FloatingTanStackRouterDevtools-CNROBv9F-DMKkf1l2.js      19.33 kB │ gzip:     5.06 kB
dist/assets/mdc-Dxjhf9Li.js                                          19.54 kB │ gzip:     6.66 kB
dist/assets/AvatarCropScreen-DmVlQhdC.js                             19.84 kB │ gzip:     6.47 kB
dist/assets/ayu-dark-m7b6BOC8.js                                     20.07 kB │ gzip:     3.93 kB
dist/assets/ayu-mirage-CxGGcZTu.js                                   20.08 kB │ gzip:     3.91 kB
dist/assets/glimmer-js-CKOpoBLX.js                                   20.08 kB │ gzip:     2.94 kB
dist/assets/glimmer-ts-B1vY8tAm.js                                   20.08 kB │ gzip:     2.93 kB
dist/assets/powershell-DCgNvfrt.js                                   20.14 kB │ gzip:     4.05 kB
dist/assets/ayu-light-Rwg3X_QU.js                                    20.14 kB │ gzip:     3.89 kB
dist/assets/viml-BXNCBRjg.js                                         20.35 kB │ gzip:     6.73 kB
dist/assets/nushell-mpML_Bk4.js                                      20.40 kB │ gzip:     5.21 kB
dist/assets/snazzy-light-DGPwC0b8.js                                 20.77 kB │ gzip:     3.80 kB
dist/assets/twig-siqlsNhJ.js                                         20.90 kB │ gzip:     3.66 kB
dist/assets/dracula-wtsZGzoc.js                                      21.06 kB │ gzip:     3.99 kB
dist/assets/dracula-soft-C-uQMXRX.js                                 21.07 kB │ gzip:     4.02 kB
dist/assets/validationUtils-By33DZup.js                              21.14 kB │ gzip:     6.14 kB
dist/assets/wit-BGGUOJdi.js                                          21.46 kB │ gzip:     2.87 kB
dist/assets/rose-pine-F2qKqNI3.js                                    21.74 kB │ gzip:     3.86 kB
dist/assets/rose-pine-moon-DGqcNm7j.js                               21.75 kB │ gzip:     3.87 kB
dist/assets/rose-pine-dawn-pjKZ4O2g.js                               21.75 kB │ gzip:     3.88 kB
dist/assets/nim-CJp9Ffq6.js                                          22.45 kB │ gzip:     3.15 kB
dist/assets/common-lisp-DE6ZbSOc.js                                  22.57 kB │ gzip:     6.07 kB
dist/assets/surrealql-BKgZl47n.js                                    22.58 kB │ gzip:     4.31 kB
dist/assets/gruvbox-dark-hard-COAxC64L.js                            22.63 kB │ gzip:     4.15 kB
dist/assets/gruvbox-dark-soft-DwIfvVj-.js                            22.63 kB │ gzip:     4.15 kB
dist/assets/gruvbox-light-hard-BL-UdPba.js                           22.63 kB │ gzip:     4.16 kB
dist/assets/gruvbox-light-soft-ByAryh6P.js                           22.63 kB │ gzip:     4.16 kB
dist/assets/gruvbox-dark-medium-BYuKaf8u.js                          22.63 kB │ gzip:     4.15 kB
dist/assets/gruvbox-light-medium-BDj3i2wm.js                         22.63 kB │ gzip:     4.16 kB
dist/assets/sql-FvEs0mev.js                                          23.39 kB │ gzip:     7.43 kB
dist/assets/cadence-CaHDavSY.js                                      23.66 kB │ gzip:     3.65 kB
dist/assets/typespec-DEGXSA-5.js                                     24.01 kB │ gzip:     2.57 kB
dist/assets/PaymentGatewayScreen-QC5fVjQh.js                         24.02 kB │ gzip:     5.87 kB
dist/assets/astro-C5rQChi0.js                                        24.02 kB │ gzip:     7.59 kB
dist/assets/apl-BugCrHw7.js                                          24.02 kB │ gzip:     4.17 kB
dist/assets/templ-CkarHD9C.js                                        24.06 kB │ gzip:     5.41 kB
dist/assets/angular-html-DmLSewpk.js                                 24.17 kB │ gzip:     3.94 kB
dist/assets/vhdl-QEoIrJqZ.js                                         24.25 kB │ gzip:     3.86 kB
dist/assets/vue-Dsj1VXFY.js                                          24.48 kB │ gzip:     2.95 kB
dist/assets/recoveryPhrase-ypJ2CVkw.js                               24.57 kB │ gzip:    11.21 kB
dist/assets/purescript-CRQQZxUr.js                                   24.67 kB │ gzip:     3.23 kB
dist/assets/one-light-Cxx1pacD.js                                    25.29 kB │ gzip:     3.63 kB
dist/assets/fsharp-DIWfDWp5.js                                       25.30 kB │ gzip:     4.12 kB
dist/assets/EditProfileFieldScreen-CPn8Pt0C.js                       25.43 kB │ gzip:     8.49 kB
dist/assets/marko-DrZMT2Sw.js                                        25.48 kB │ gzip:     3.59 kB
dist/assets/c3-BmOJt39V.js                                           25.62 kB │ gzip:     3.85 kB
dist/assets/context-De2EB1AA-CBGrp6nA.js                             25.76 kB │ gzip:     9.98 kB
dist/assets/night-owl-light-D0GIt8Kh.js                              25.89 kB │ gzip:     4.23 kB
dist/assets/system-verilog-CtmlN_3X.js                               26.19 kB │ gzip:     4.82 kB
dist/assets/nord-DIClOQM9.js                                         26.72 kB │ gzip:     4.35 kB
dist/assets/codeql-BrwVwyK7.js                                       26.87 kB │ gzip:     3.77 kB
dist/assets/scss-CspD3Em-.js                                         27.20 kB │ gzip:     4.18 kB
dist/assets/java-Bvi3jchj.js                                         27.20 kB │ gzip:     4.24 kB
dist/assets/coffee-DdcnVGJO.js                                       27.42 kB │ gzip:     6.35 kB
dist/assets/razor-CJ4GTJRN.js                                        27.45 kB │ gzip:     3.53 kB
dist/assets/scala-JNKh2yGd.js                                        28.87 kB │ gzip:     3.92 kB
dist/assets/night-owl-DYOp3mPs.js                                    28.91 kB │ gzip:     5.14 kB
dist/assets/crystal-CivJajZs.js                                      29.41 kB │ gzip:     4.44 kB
dist/assets/mermaid-DHy5lXrB.js                                      29.50 kB │ gzip:     3.64 kB
dist/assets/applescript-F2pJar76.js                                  29.56 kB │ gzip:     5.94 kB
dist/assets/julia-DNrRP94g.js                                        30.99 kB │ gzip:     4.28 kB
dist/assets/stylus-C6uSHW0X.js                                       31.06 kB │ gzip:     8.01 kB
dist/assets/poimandres-Da5yso_l.js                                   33.49 kB │ gzip:     5.49 kB
dist/assets/one-dark-pro-DFm-CLPp.js                                 33.78 kB │ gzip:     5.50 kB
dist/assets/bsl-CDIFg8E9.js                                          33.86 kB │ gzip:     8.34 kB
dist/assets/haxe-Bfm4jB07.js                                         35.15 kB │ gzip:     5.90 kB
dist/assets/nginx-BDJwSqJ9.js                                        35.35 kB │ gzip:     4.43 kB
dist/assets/houston-DCwIQH0M.js                                      35.41 kB │ gzip:     5.76 kB
dist/assets/tokyo-night-L7JSe-Fr.js                                  35.66 kB │ gzip:     6.22 kB
dist/assets/OxyAccountDialogScreen-CNqJuwTi.js                       35.66 kB │ gzip:    11.77 kB
dist/assets/erlang-ClbeWmwF.js                                       37.47 kB │ gzip:     4.35 kB
dist/assets/cobol-DrGMBfQ5.js                                        39.09 kB │ gzip:    10.89 kB
dist/assets/internal-CNYRusi1.js                                     39.77 kB │ gzip:    13.47 kB
dist/assets/asm-9eOKwzR0.js                                          40.71 kB │ gzip:     8.16 kB
dist/assets/shellscript-B8rBzWAH.js                                  41.46 kB │ gzip:     6.06 kB
dist/assets/haskell-DnA2tqqg.js                                      41.48 kB │ gzip:     6.41 kB
dist/assets/esm-CNHmcR-3.js                                          42.18 kB │ gzip:    13.15 kB
dist/assets/perl-CjoICxro.js                                         43.14 kB │ gzip:     4.63 kB
dist/assets/d-B8HTJG2Q.js                                            43.78 kB │ gzip:     8.43 kB
dist/assets/BaseTanStackRouterDevtoolsPanel-fP2H3uLR-7IW2Lq5l.js     44.51 kB │ gzip:    13.04 kB
dist/assets/ruby-DG8qIOyW.js                                         45.83 kB │ gzip:     5.55 kB
dist/assets/go-C0SNItyj.js                                           46.80 kB │ gzip:     5.13 kB
dist/assets/apex-0GHPQT9r.js                                         46.97 kB │ gzip:     6.71 kB
dist/assets/catppuccin-mocha-B9g5nbVy.js                             47.25 kB │ gzip:     7.98 kB
dist/assets/catppuccin-latte-7isrEBjy.js                             47.25 kB │ gzip:     7.98 kB
dist/assets/catppuccin-frappe-DGcst_jF.js                            47.25 kB │ gzip:     7.99 kB
dist/assets/catppuccin-macchiato-DkHyafcy.js                         47.26 kB │ gzip:     7.99 kB
dist/assets/ada-B_m96icB.js                                          48.07 kB │ gzip:     5.96 kB
dist/assets/css-oPTjvU6l.js                                          49.01 kB │ gzip:    11.89 kB
dist/assets/imba-CO89h_5c.js                                         49.92 kB │ gzip:     9.47 kB
dist/assets/everforest-dark-DsqbDDsU.js                              53.74 kB │ gzip:     8.37 kB
dist/assets/everforest-light-xFeNHBfu.js                             53.74 kB │ gzip:     8.36 kB
dist/assets/wikitext-FZfRxBHb.js                                     55.87 kB │ gzip:     4.74 kB
dist/assets/zh-DTERtHPH.js                                           56.74 kB │ gzip:    23.94 kB
dist/assets/stata-CWV7tUNK.js                                        56.99 kB │ gzip:    12.39 kB
dist/assets/html-3YBXMWjP.js                                         57.24 kB │ gzip:    11.72 kB
dist/assets/ballerina-Ba65P_0B.js                                    58.68 kB │ gzip:     8.09 kB
dist/assets/markdown-BL5McdgK.js                                     59.32 kB │ gzip:     5.61 kB
dist/assets/id-DY7lLr6g.js                                           59.79 kB │ gzip:    22.12 kB
dist/assets/tr-Cejkgxsf.js                                           61.71 kB │ gzip:    23.47 kB
dist/assets/ocaml-CZ-IHB_I.js                                        62.44 kB │ gzip:     5.00 kB
dist/assets/it-BBIMy3fm.js                                           63.86 kB │ gzip:    23.35 kB
dist/assets/pt-Cmt6SOhH.js                                           64.00 kB │ gzip:    23.55 kB
dist/assets/de-DnB0efza.js                                           64.13 kB │ gzip:    23.77 kB
dist/assets/ca-B5fA9zBx.js                                           64.25 kB │ gzip:    23.77 kB
dist/assets/es-CxMFQyoe.js                                           64.45 kB │ gzip:    23.73 kB
dist/assets/es-ES-Daj6xL2K.js                                        65.38 kB │ gzip:    20.74 kB
dist/assets/fr-BoYu2Z5R.js                                           66.34 kB │ gzip:    24.28 kB
dist/assets/ja-CzCxutjJ.js                                           68.06 kB │ gzip:    25.31 kB
dist/assets/mojo-CSrq8r9e.js                                         69.79 kB │ gzip:     9.20 kB
dist/assets/python-CGHbIuBr.js                                       69.94 kB │ gzip:     9.08 kB
dist/assets/c-D7-qSLkn.js                                            72.10 kB │ gzip:    10.48 kB
dist/assets/latex-CmLO5ajY.js                                        72.61 kB │ gzip:     6.67 kB
dist/assets/vyper-DRMxijDZ.js                                        74.64 kB │ gzip:    10.68 kB
dist/assets/FileManagementScreen-DQltsuoP.js                         80.03 kB │ gzip:    24.41 kB
dist/assets/hack-ebrLJcUt.js                                         80.18 kB │ gzip:    26.27 kB
dist/assets/ar-vBcw8bWu.js                                           84.90 kB │ gzip:    26.93 kB
dist/assets/swift-B-bdrhpX.js                                        86.68 kB │ gzip:    14.68 kB
dist/assets/fortran-free-form-B5TPZgyE.js                            88.96 kB │ gzip:    11.18 kB
dist/assets/csharp-BxcTSzXa.js                                       89.68 kB │ gzip:    10.62 kB
dist/assets/ru-YKy--Ebj.js                                           91.51 kB │ gzip:    28.57 kB
dist/assets/racket-DGfP4yla.js                                       92.38 kB │ gzip:    15.03 kB
dist/assets/less-BDHGN65n.js                                         97.62 kB │ gzip:    14.71 kB
dist/assets/hi-Do-_joW7.js                                          102.10 kB │ gzip:    27.03 kB
dist/assets/bn-n6siZUNj.js                                          104.25 kB │ gzip:    26.64 kB
dist/assets/blade-BML8odvv.js                                       104.97 kB │ gzip:    28.29 kB
dist/assets/objective-c-BmQmR_Ut.js                                 105.40 kB │ gzip:    23.39 kB
dist/assets/php-CL04f8E1.js                                         111.05 kB │ gzip:    28.62 kB
dist/assets/asciidoc-CC2gsOKb.js                                    131.52 kB │ gzip:     9.30 kB
dist/assets/mdx-CkGV_Csy.js                                         136.10 kB │ gzip:    23.42 kB
dist/assets/objective-cpp-txuM9Z_V.js                               171.96 kB │ gzip:    30.61 kB
dist/assets/javascript-YklWKmnR.js                                  174.81 kB │ gzip:    16.46 kB
dist/assets/tsx-BeQURn2V.js                                         175.52 kB │ gzip:    16.44 kB
dist/assets/jsx-DilTG4Hr.js                                         177.77 kB │ gzip:    16.54 kB
dist/assets/typescript-DM0Cq6v4.js                                  181.06 kB │ gzip:    15.99 kB
dist/assets/angular-ts-xUK1Exkn.js                                  183.72 kB │ gzip:    16.54 kB
dist/assets/vue-vine-CHdU44bo.js                                    190.05 kB │ gzip:    17.95 kB
dist/assets/wolfram-D4Th5g-x.js                                     262.38 kB │ gzip:    77.63 kB
dist/assets/wasm-DeYoUErr.js                                        622.32 kB │ gzip:   231.80 kB
dist/assets/cpp-v_P2_ors.js                                         626.05 kB │ gzip:    44.42 kB
dist/assets/emacs-lisp-DRFW9yeR.js                                  779.84 kB │ gzip:   197.53 kB
dist/assets/index-CCVHmRNg.js                                     9,798.20 kB │ gzip: 2,252.07 kB
[33m[EVAL] Warning:[0m Use of direct `eval` function is strongly discouraged as it poses security risks and may cause issues with minification.
   [38;5;246m╭[0m[38;5;246m─[0m[38;5;246m[[0m ../../node_modules/.bun/expo-modules-core@57.0.17/node_modules/expo-modules-core/src/uuid/index.web.ts:6:10 [38;5;246m][0m
   [38;5;246m│[0m
 [38;5;246m6 │[0m [38;5;249m [0m[38;5;249m [0m[38;5;249m [0m[38;5;249m [0m[38;5;249m [0m[38;5;249m [0m[38;5;249m [0m[38;5;249mr[0m[38;5;249me[0m[38;5;249mt[0m[38;5;249mu[0m[38;5;249mr[0m[38;5;249mn[0m[38;5;249m [0meval[38;5;249m([0m[38;5;249m"[0m[38;5;249mr[0m[38;5;249me[0m[38;5;249mq[0m[38;5;249mu[0m[38;5;249mi[0m[38;5;249mr[0m[38;5;249me[0m[38;5;249m"[0m[38;5;249m)[0m[38;5;249m([0m[38;5;249m"[0m[38;5;249mn[0m[38;5;249mo[0m[38;5;249md[0m[38;5;249me[0m[38;5;249m:[0m[38;5;249mc[0m[38;5;249mr[0m[38;5;249my[0m[38;5;249mp[0m[38;5;249mt[0m[38;5;249mo[0m[38;5;249m"[0m[38;5;249m)[0m[38;5;249m.[0m[38;5;249mr[0m[38;5;249ma[0m[38;5;249mn[0m[38;5;249md[0m[38;5;249mo[0m[38;5;249mm[0m[38;5;249mU[0m[38;5;249mU[0m[38;5;249mI[0m[38;5;249mD[0m[38;5;249m([0m[38;5;249m)[0m[38;5;249m;[0m
 [38;5;240m  │[0m               ──┬─  
 [38;5;240m  │[0m                 ╰─── Use of direct `eval` here.
 [38;5;240m  │[0m 
 [38;5;240m  │[0m [38;5;115mHelp[0m: Consider using indirect eval. For more information, check the documentation: https://rolldown.rs/guide/troubleshooting#avoiding-direct-eval
[38;5;246m───╯[0m

[plugin builtin:vite-reporter] 
(!) Some chunks are larger than 500 kB after minification. Consider:
- Using dynamic import() to code-split the application
- Use build.rollupOptions.output.manualChunks to improve chunking: https://rollupjs.org/configuration-options/#output-manualchunks
- Adjust chunk size limit for this warning via build.chunkSizeWarningLimit.
[33m[EVAL] Warning:[0m Use of direct `eval` function is strongly discouraged as it poses security risks and may cause issues with minification.
    [38;5;246m╭[0m[38;5;246m─[0m[38;5;246m[[0m ../../node_modules/.bun/expo@57.0.21/node_modules/expo/src/async-require/fetchThenEvalJs.ts:20:11 [38;5;246m][0m
    [38;5;246m│[0m
 [38;5;246m20 │[0m [38;5;249m [0m[38;5;249m [0m[38;5;249m [0m[38;5;249m [0m[38;5;249m [0m[38;5;249m [0m[38;5;249m [0m[38;5;249m [0m[38;5;249m [0m[38;5;249mr[0m[38;5;249me[0m[38;5;249mt[0m[38;5;249mu[0m[38;5;249mr[0m[38;5;249mn[0m[38;5;249m [0meval[38;5;249m([0m[38;5;249mb[0m[38;5;249mo[0m[38;5;249md[0m[38;5;249my[0m[38;5;249m)[0m[38;5;249m;[0m
 [38;5;240m   │[0m                 ──┬─  
 [38;5;240m   │[0m                   ╰─── Use of direct `eval` here.
 [38;5;240m   │[0m 
 [38;5;240m   │[0m [38;5;115mHelp[0m: Consider using indirect eval. For more information, check the documentation: https://rolldown.rs/guide/troubleshooting#avoiding-direct-eval
[38;5;246m────╯[0m

✓ built in 3.92s
Wrote /home/nate/Oxy/oxy/.worktrees/1571-alia-machine-principal-20261004/packages/console/dist/_headers (scanned 1 HTML file(s))
