The files belonging to this database system will be owned by user "nate".
This user must also own the server process.

The database cluster will be initialized with locale "C".
The default database encoding has accordingly been set to "SQL_ASCII".
The default text search configuration will be set to "english".

Data page checksums are disabled.

creating directory /home/nate/Oxy/.agent-evidence/i04-i09-runtime-693-alia449-20261004/route-reconciliation-proof/i09-route-v_jr8xys/data ... ok
creating subdirectories ... ok
selecting dynamic shared memory implementation ... posix
selecting default "max_connections" ... 100
selecting default "shared_buffers" ... 128MB
selecting default time zone ... Europe/Bucharest
creating configuration files ... ok
running bootstrap script ... ok
performing post-bootstrap initialization ... ok
syncing data to disk ... ok

Success. You can now start the database server using:

    /usr/lib/postgresql/17/bin/pg_ctl -D /home/nate/Oxy/.agent-evidence/i04-i09-runtime-693-alia449-20261004/route-reconciliation-proof/i09-route-v_jr8xys/data -l logfile start


Traceback (most recent call last):
  File "/home/nate/Oxy/.agent-evidence/i04-i09-runtime-693-alia449-20261004/route-reconciliation-proof/run-route-sql.py", line 9, in <module>
    print(c([p/'pg_ctl','-D',d/'data','-l',d/'server.log','-w','-o',f'-h 127.0.0.1 -p 5635 -k {d}','start']));started=True
          ~^^^^^^^^^^^^^^^^^^^^^^^^^^^^^^^^^^^^^^^^^^^^^^^^^^^^^^^^^^^^^^^^^^^^^^^^^^^^^^^^^^^^^^^^^^^^^^^^^
  File "/home/nate/Oxy/.agent-evidence/i04-i09-runtime-693-alia449-20261004/route-reconciliation-proof/run-route-sql.py", line 5, in c
    def c(args):return subprocess.run([str(x) for x in args],env=e,stdout=subprocess.PIPE,stderr=subprocess.STDOUT,text=True,check=True).stdout
                       ~~~~~~~~~~~~~~^^^^^^^^^^^^^^^^^^^^^^^^^^^^^^^^^^^^^^^^^^^^^^^^^^^^^^^^^^^^^^^^^^^^^^^^^^^^^^^^^^^^^^^^^^^^^^^^^^^
  File "/usr/lib/python3.13/subprocess.py", line 577, in run
    raise CalledProcessError(retcode, process.args,
                             output=stdout, stderr=stderr)
subprocess.CalledProcessError: Command '['/usr/lib/postgresql/17/bin/pg_ctl', '-D', '/home/nate/Oxy/.agent-evidence/i04-i09-runtime-693-alia449-20261004/route-reconciliation-proof/i09-route-v_jr8xys/data', '-l', '/home/nate/Oxy/.agent-evidence/i04-i09-runtime-693-alia449-20261004/route-reconciliation-proof/i09-route-v_jr8xys/server.log', '-w', '-o', '-h 127.0.0.1 -p 5635 -k /home/nate/Oxy/.agent-evidence/i04-i09-runtime-693-alia449-20261004/route-reconciliation-proof/i09-route-v_jr8xys', 'start']' returned non-zero exit status 1.
