✔ RSA pair has the default 2048-bit modulus and matching public exponent (0.766166ms)
✔ key-pair PEM round trip preserves both moduli (0.283766ms)
✔ public-key PEM round trip preserves exponent and modulus (0.147904ms)
✔ private-key PEM round trip preserves private exponent (0.193792ms)
✔ certificate PEM round trip verifies its self-signature (0.836512ms)
✔ valid certificate and corresponding pair satisfy Expo validation (0.898817ms)
✔ Expo manifest signature verifies with independent Node/OpenSSL SHA256 (0.625226ms)
✔ altered manifest bytes fail independent Node/OpenSSL verification (0.198424ms)
✔ private key from another pair is rejected by Expo signing verification (21.241063ms)
✔ reversed certificate validity interval is rejected (0.985034ms)
✔ expired certificate is rejected by Expo validation (21.492252ms)
✔ CSR PEM round trip verifies its signature and requested identity (1.164787ms)
✔ development certificate verifies its issuer and contains requested project scope (21.476047ms)
✔ tampered CSR signature is rejected before development certificate issuance (0.959716ms)
ℹ tests 14
ℹ suites 0
ℹ pass 14
ℹ fail 0
ℹ cancelled 0
ℹ skipped 0
ℹ todo 0
ℹ duration_ms 75.84664
