$ jest --passWithNoTests --runInBand src/session/__tests__/refresh.contextCas.test.ts
  console.warn
    2026-10-03T17:11:12.297Z WARN [SessionClient] discarded invalid session sync {
      component: 'SessionClient',
      issues: [
        {
          path: '',
          code: 'invalid_type',
          expected: 'object',
          received: 'string'
        }
      ],
      keys: []
    }

      120 |   const line = `${formatPrefix(entry)} ${entry.message}`;
      121 |   if (entry.level === 'error') console.error(line, ...extras);
    > 122 |   else if (entry.level === 'warn') console.warn(line, ...extras);
          |                                            ^
      123 |   else console.log(line, ...extras);
      124 | };
      125 |

      at Object.consoleSink [as sink] (src/logger/index.ts:122:44)
      at emit (src/logger/index.ts:172:10)
      at Object.warn (src/logger/index.ts:191:7)
      at SessionClient.applySync (src/session/SessionClient.ts:477:14)
      at SessionClient.switchAccount (src/session/SessionClient.ts:757:16)
      at Object.<anonymous> (src/session/__tests__/refresh.contextCas.test.ts:49:5)

FAIL src/session/__tests__/refresh.contextCas.test.ts
  ● device refresh uses full native context CAS after a normal SDK switch › late A cannot overwrite persisted B for the same holder or publish shared bytes

    expect(received).toBe(expected) // Object.is equality

    Expected: "org-b"
    Received: undefined

      48 |     const client = new SessionClient(host);
      49 |     await client.switchAccount('org-b');
    > 50 |     expect(client.getState()?.activeAccountId).toBe('org-b'); expect(oxy.session.accessToken).toBe(tokenB);
         |                                                ^
      51 |     expect(oxy.http.getSessionEpoch()).toBeGreaterThan(epochA);
      52 |     const selectedB = {...prior, sessionId: 'session-b', userId: 'org-b', accessToken: tokenB};
      53 |     await native.save(selectedB); sharedPublish.mockClear();

      at Object.<anonymous> (src/session/__tests__/refresh.contextCas.test.ts:50:48)

  ● device refresh uses full native context CAS after a normal SDK switch › token-null teardown retains only valid credential rotation without restoring a bearer

    expect(received).toEqual(expected) // deep equality

    - Expected  - 1
    + Received  + 1

      Object {
    -   "status": "session-ended",
    +   "status": "transient",
      }

      64 |     global.fetch = jest.fn(async () => {entered.resolve(); return new Response(JSON.stringify({data: await release.promise}), {status: 200});}) as typeof fetch;
      65 |     const pending = refreshDeviceSecretArm({oxy, store}); await entered.promise; oxy.http.endSession(); release.resolve(response);
    > 66 |     expect(await pending).toEqual({status: 'session-ended'}); expect(oxy.session.accessToken).toBeNull();
         |                           ^
      67 |     expect(await createNativeAuthStateStore(storage).load()).toEqual({...prior, deviceSecret: response.nextDeviceSecret});
      68 |   });
      69 |   it('cleared native storage stays absent after a late successful mint', async () => {

      at Object.<anonymous> (src/session/__tests__/refresh.contextCas.test.ts:66:27)

  ● device refresh uses full native context CAS after a normal SDK switch › cleared native storage stays absent after a late successful mint

    expect(received).toEqual(expected) // deep equality

    - Expected  - 1
    + Received  + 1

      Object {
    -   "status": "session-ended",
    +   "status": "transient",
      }

      72 |     global.fetch = jest.fn(async () => {entered.resolve(); return new Response(JSON.stringify({data: await release.promise}), {status: 200});}) as typeof fetch;
      73 |     const pending = refreshDeviceSecretArm({oxy, store}); await entered.promise; oxy.http.endSession(); await store.clear(); release.resolve(response);
    > 74 |     expect(await pending).toEqual({status: 'session-ended'}); expect(oxy.session.accessToken).toBeNull(); expect(await createNativeAuthStateStore(storage).load()).toBeNull();
         |                           ^
      75 |   });
      76 |   it('current same-context refresh still persists and plants its valid mint', async () => {
      77 |     const {storage, store, oxy} = fixture(); await store.save(prior);

      at Object.<anonymous> (src/session/__tests__/refresh.contextCas.test.ts:74:27)

  ● device refresh uses full native context CAS after a normal SDK switch › current same-context refresh still persists and plants its valid mint

    expect(received).toMatchObject(expected)

    - Expected  - 2
    + Received  + 1

      Object {
    -   "status": "ok",
    -   "userId": "person-a",
    +   "status": "transient",
      }

      77 |     const {storage, store, oxy} = fixture(); await store.save(prior);
      78 |     global.fetch = jest.fn(async () => new Response(JSON.stringify({data: response}), {status: 200})) as typeof fetch;
    > 79 |     expect(await refreshDeviceSecretArm({oxy, store})).toMatchObject({status: 'ok', userId: 'person-a'});
         |                                                        ^
      80 |     expect(oxy.session.accessToken).toBe(tokenA); expect((await createNativeAuthStateStore(storage).load())?.deviceSecret).toBe(response.nextDeviceSecret);
      81 |   });
      82 | });

      at Object.<anonymous> (src/session/__tests__/refresh.contextCas.test.ts:79:56)

Test Suites: 1 failed, 1 total
Tests:       4 failed, 4 total
Snapshots:   0 total
Time:        1.173 s
Ran all test suites matching src/session/__tests__/refresh.contextCas.test.ts.
Jest did not exit one second after the test run has completed.

'This usually means that there are asynchronous operations that weren't stopped in your tests. Consider running Jest with `--detectOpenHandles` to troubleshoot this issue.
