$ node scripts/build-workspace-deps.mjs @oxy.so/telemetry && bun run build:cjs && bun run build:esm && bun run build:types && node scripts/mark-module-formats.mjs
@oxy.so/telemetry build: $ rm -rf dist
@oxy.so/telemetry build: $ tsc -p tsconfig.cjs.json && node scripts/mark-cjs.mjs
@oxy.so/telemetry build: $ tsc -p tsconfig.esm.json
@oxy.so/telemetry build: $ tsc -p tsconfig.types.json
@oxy.so/telemetry build: Exited with code 0
$ tsc -p tsconfig.cjs.json
$ tsc -p tsconfig.esm.json && node scripts/fix-esm-imports.mjs
ESM imports fixed
$ tsc -p tsconfig.types.json
bun pack v1.4.2 (744846f84)

packed 6.53KB package.json
packed 31.48KB LICENSE
packed 0.94KB NOTICE
packed 10.91KB README.md
packed 73.27KB dist/cjs/HttpService.js
packed 8.20KB dist/cjs/OxyServices.errors.js
packed 10.42KB dist/cjs/OxyServices.js
packed 11.49KB dist/cjs/api/accounts.js
packed 4.88KB dist/cjs/api/agency.js
packed 1.98KB dist/cjs/api/appData.js
packed 8.46KB dist/cjs/api/apps.js
packed 15.77KB dist/cjs/api/assets.js
packed 47.50KB dist/cjs/api/auth.js
packed 2.74KB dist/cjs/api/billing.js
packed 13.37KB dist/cjs/api/civic.js
packed 0.55KB dist/cjs/api/contacts.js
packed 16.82KB dist/cjs/api/devices.js
packed 11.41KB dist/cjs/api/follows.js
packed 28.37KB dist/cjs/api/identity.js
packed 2.0KB dist/cjs/api/linkedAccounts.js
packed 3.22KB dist/cjs/api/nodes.js
packed 3.75KB dist/cjs/api/notifications.js
packed 4.59KB dist/cjs/api/privacy.js
packed 3.27KB dist/cjs/api/reputation.js
packed 7.18KB dist/cjs/api/session.js
packed 7.84KB dist/cjs/api/store.js
packed 2.48KB dist/cjs/api/topics.js
packed 15.33KB dist/cjs/api/users.js
packed 22.53KB dist/cjs/boot/sessionColdBoot.js
packed 1.1KB dist/cjs/civic/index.js
packed 6.40KB dist/cjs/civic/payloads.js
packed 77B dist/cjs/client/context.js
packed 0.76KB dist/cjs/constants/version.js
packed 3.53KB dist/cjs/crypto/aead.js
packed 2.98KB dist/cjs/crypto/deviceBackup.js
packed 1.60KB dist/cjs/crypto/ecdh.js
packed 5.12KB dist/cjs/crypto/identityDerivations.js
packed 0.97KB dist/cjs/crypto/identityLink.js
packed 9.80KB dist/cjs/crypto/identityMarker.js
packed 1.43KB dist/cjs/crypto/identityProof.js
packed 77B dist/cjs/crypto/identitySigner.js
packed 5.60KB dist/cjs/crypto/index.js
packed 3.61KB dist/cjs/crypto/internal.js
packed 1.87KB dist/cjs/crypto/kdf.js
packed 130.18KB dist/cjs/crypto/keyManager.js
packed 3.42KB dist/cjs/crypto/polyfill.js
packed 11.28KB dist/cjs/crypto/recoveryPhrase.js
packed 2.62KB dist/cjs/crypto/registrationPow.js
packed 11.38KB dist/cjs/crypto/signatureService.js
packed 2.38KB dist/cjs/i18n/accountCategoryLabels.js
packed 1.16KB dist/cjs/i18n/accountRoleLabels.js
packed 6.80KB dist/cjs/i18n/index.js
packed 21.41KB dist/cjs/i18n/locales/ar-SA.js
packed 18.24KB dist/cjs/i18n/locales/ca-ES.js
packed 18.72KB dist/cjs/i18n/locales/de-DE.js
packed 88.57KB dist/cjs/i18n/locales/en-US.js
packed 95.66KB dist/cjs/i18n/locales/es-ES.js
packed 19.0KB dist/cjs/i18n/locales/fr-FR.js
packed 17.93KB dist/cjs/i18n/locales/it-IT.js
packed 21.24KB dist/cjs/i18n/locales/ja-JP.js
packed 19.15KB dist/cjs/i18n/locales/ko-KR.js
packed 18.36KB dist/cjs/i18n/locales/pt-PT.js
packed 17.18KB dist/cjs/i18n/locales/zh-CN.js
packed 0.94KB dist/cjs/i18n/reputationCategoryLabels.js
packed 0.79KB dist/cjs/i18n/trustTierLabels.js
packed 36.32KB dist/cjs/index.js
packed 31.98KB dist/cjs/inference/OxyInferenceClient.js
packed 1.35KB dist/cjs/inference/index.js
packed 5.34KB dist/cjs/logger/index.js
packed 0.57KB dist/cjs/models/Topic.js
packed 0.64KB dist/cjs/models/interfaces.js
packed 77B dist/cjs/models/session.js
packed 297B dist/cjs/package.json
packed 25.16KB dist/cjs/server/OxyServer.js
packed 8.18KB dist/cjs/server/auth.js
packed 7.1KB dist/cjs/server/capabilityTicket.js
packed 10.14KB dist/cjs/server/cors.js
packed 17.57KB dist/cjs/server/index.js
packed 2.75KB dist/cjs/server/liveCapabilityTicket.js
packed 58.45KB dist/cjs/server/middleware.js
packed 13.1KB dist/cjs/server/namespaces.js
packed 8.99KB dist/cjs/server/rateLimit.js
packed 16.0KB dist/cjs/server/requesterAssertion.js
packed 19.83KB dist/cjs/server/safeFetch.js
packed 19.12KB dist/cjs/server/securityHeaders.js
packed 7.83KB dist/cjs/server/traffic.js
packed 4.41KB dist/cjs/server/trafficNodeHttp.js
packed 7.00KB dist/cjs/server/userInvalidation.js
packed 2.29KB dist/cjs/server/verifySecret.js
packed 477B dist/cjs/server/workloadIdentity.client.js
packed 8.1KB dist/cjs/server/workloadIdentity.js
packed 42.83KB dist/cjs/session/SessionClient.js
packed 2.35KB dist/cjs/session/accountDelegationAccess.js
packed 62.35KB dist/cjs/session/accountDialogController.js
packed 4.13KB dist/cjs/session/accountSwitchTargets.js
packed 17.39KB dist/cjs/session/authStateStore.js
packed 1.67KB dist/cjs/session/createSessionClient.js
packed 5.91KB dist/cjs/session/deviceDirectory.js
packed 4.1KB dist/cjs/session/deviceSwitcherRows.js
packed 10.47KB dist/cjs/session/identityPin.js
packed 6.87KB dist/cjs/session/identitySession.js
packed 13.95KB dist/cjs/session/index.js
packed 5.14KB dist/cjs/session/projectSessionState.js
packed 23.71KB dist/cjs/session/refresh.js
packed 1.53KB dist/cjs/session/sessionClientHost.js
packed 12.42KB dist/cjs/session/sharedDeviceCredential.js
packed 2.12KB dist/cjs/session/socketLoader.js
packed 5.0KB dist/cjs/shared/utils/colorUtils.js
packed 6.30KB dist/cjs/shared/utils/errorUtils.js
packed 5.43KB dist/cjs/shared/utils/index.js
packed 5.49KB dist/cjs/shared/utils/networkUtils.js
packed 3.37KB dist/cjs/shared/utils/themeUtils.js
packed 4.11KB dist/cjs/utils/accountCacheSweep.js
packed 5.82KB dist/cjs/utils/accountUtils.js
packed 399B dist/cjs/utils/activityId.js
packed 3.15KB dist/cjs/utils/apiUtils.js
packed 5.57KB dist/cjs/utils/asyncUtils.js
packed 4.15KB dist/cjs/utils/authHelpers.js
packed 1.18KB dist/cjs/utils/authWebUrl.js
packed 1.10KB dist/cjs/utils/avatarUtils.js
packed 8.1KB dist/cjs/utils/cache.js
packed 3.74KB dist/cjs/utils/cacheKey.js
packed 5.56KB dist/cjs/utils/coldBoot.js
packed 1.27KB dist/cjs/utils/commonsApproval.js
packed 2.33KB dist/cjs/utils/commonsDelivery.js
packed 6.59KB dist/cjs/utils/deviceManager.js
packed 24.64KB dist/cjs/utils/displayNamePolicyRanges.generated.js
packed 330B dist/cjs/utils/edgeRegion.js
packed 12.1KB dist/cjs/utils/errorUtils.js
packed 4.55KB dist/cjs/utils/identityCacheSweep.js
packed 14.0KB dist/cjs/utils/languageUtils.js
packed 13.75KB dist/cjs/utils/oauthPkce.js
packed 1.92KB dist/cjs/utils/officialOrigins.js
packed 0.75KB dist/cjs/utils/oxyServiceEnvironment.js
packed 3.79KB dist/cjs/utils/platform.js
packed 2.60KB dist/cjs/utils/profileLinks.js
packed 1.23KB dist/cjs/utils/redactUrl.js
packed 1.99KB dist/cjs/utils/registrableApex.js
packed 10.37KB dist/cjs/utils/requestUtils.js
packed 6.99KB dist/cjs/utils/sessionUtils.js
packed 0.77KB dist/cjs/utils/slashes.js
packed 7.94KB dist/cjs/utils/textNormalization.js
packed 1.17KB dist/cjs/utils/tokenClaims.js
packed 1.43KB dist/cjs/utils/userHandle.js
packed 1.79KB dist/cjs/utils/userIdentity.js
packed 18.57KB dist/cjs/utils/validationUtils.js
packed 72.92KB dist/esm/HttpService.js
packed 7.55KB dist/esm/OxyServices.errors.js
packed 10.0KB dist/esm/OxyServices.js
packed 9.90KB dist/esm/api/accounts.js
packed 4.50KB dist/esm/api/agency.js
packed 1.76KB dist/esm/api/appData.js
packed 8.20KB dist/esm/api/apps.js
packed 15.54KB dist/esm/api/assets.js
packed 45.48KB dist/esm/api/auth.js
packed 2.63KB dist/esm/api/billing.js
packed 11.61KB dist/esm/api/civic.js
packed 418B dist/esm/api/contacts.js
packed 16.63KB dist/esm/api/devices.js
packed 11.24KB dist/esm/api/follows.js
packed 26.38KB dist/esm/api/identity.js
packed 1.88KB dist/esm/api/linkedAccounts.js
packed 3.1KB dist/esm/api/nodes.js
packed 3.59KB dist/esm/api/notifications.js
packed 4.43KB dist/esm/api/privacy.js
packed 3.0KB dist/esm/api/reputation.js
packed 7.0KB dist/esm/api/session.js
packed 7.51KB dist/esm/api/store.js
packed 2.35KB dist/esm/api/topics.js
packed 13.49KB dist/esm/api/users.js
packed 22.30KB dist/esm/boot/sessionColdBoot.js
packed 0.52KB dist/esm/civic/index.js
packed 4.79KB dist/esm/civic/payloads.js
packed 11B dist/esm/client/context.js
packed 0.52KB dist/esm/constants/version.js
packed 3.29KB dist/esm/crypto/aead.js
packed 2.75KB dist/esm/crypto/deviceBackup.js
packed 1.48KB dist/esm/crypto/ecdh.js
packed 4.66KB dist/esm/crypto/identityDerivations.js
packed 0.82KB dist/esm/crypto/identityLink.js
packed 9.46KB dist/esm/crypto/identityMarker.js
packed 1.23KB dist/esm/crypto/identityProof.js
packed 11B dist/esm/crypto/identitySigner.js
packed 1.78KB dist/esm/crypto/index.js
packed 1.12KB dist/esm/crypto/internal.js
packed 1.74KB dist/esm/crypto/kdf.js
packed 126.87KB dist/esm/crypto/keyManager.js
packed 3.24KB dist/esm/crypto/polyfill.js
packed 10.62KB dist/esm/crypto/recoveryPhrase.js
packed 2.51KB dist/esm/crypto/registrationPow.js
packed 11.0KB dist/esm/crypto/signatureService.js
packed 2.0KB dist/esm/i18n/accountCategoryLabels.js
packed 0.77KB dist/esm/i18n/accountRoleLabels.js
packed 4.57KB dist/esm/i18n/index.js
packed 21.33KB dist/esm/i18n/locales/ar-SA.js
packed 18.16KB dist/esm/i18n/locales/ca-ES.js
packed 18.64KB dist/esm/i18n/locales/de-DE.js
packed 88.49KB dist/esm/i18n/locales/en-US.js
packed 95.58KB dist/esm/i18n/locales/es-ES.js
packed 18.96KB dist/esm/i18n/locales/fr-FR.js
packed 17.86KB dist/esm/i18n/locales/it-IT.js
packed 21.16KB dist/esm/i18n/locales/ja-JP.js
packed 19.1KB dist/esm/i18n/locales/ko-KR.js
packed 18.27KB dist/esm/i18n/locales/pt-PT.js
packed 17.10KB dist/esm/i18n/locales/zh-CN.js
packed 0.58KB dist/esm/i18n/reputationCategoryLabels.js
packed 468B dist/esm/i18n/trustTierLabels.js
packed 10.22KB dist/esm/index.js
packed 31.69KB dist/esm/inference/OxyInferenceClient.js
packed 0.54KB dist/esm/inference/index.js
packed 5.0KB dist/esm/logger/index.js
packed 420B dist/esm/models/Topic.js
packed 0.52KB dist/esm/models/interfaces.js
packed 11B dist/esm/models/session.js
packed 295B dist/esm/package.json
packed 24.58KB dist/esm/server/OxyServer.js
packed 7.40KB dist/esm/server/auth.js
packed 6.50KB dist/esm/server/capabilityTicket.js
packed 9.92KB dist/esm/server/cors.js
packed 5.1KB dist/esm/server/index.js
packed 2.56KB dist/esm/server/liveCapabilityTicket.js
packed 57.82KB dist/esm/server/middleware.js
packed 12.53KB dist/esm/server/namespaces.js
packed 8.63KB dist/esm/server/rateLimit.js
packed 15.21KB dist/esm/server/requesterAssertion.js
packed 19.0KB dist/esm/server/safeFetch.js
packed 18.48KB dist/esm/server/securityHeaders.js
packed 7.65KB dist/esm/server/traffic.js
packed 3.96KB dist/esm/server/trafficNodeHttp.js
packed 6.81KB dist/esm/server/userInvalidation.js
packed 2.13KB dist/esm/server/verifySecret.js
packed 284B dist/esm/server/workloadIdentity.client.js
packed 7.81KB dist/esm/server/workloadIdentity.js
packed 42.43KB dist/esm/session/SessionClient.js
packed 2.21KB dist/esm/session/accountDelegationAccess.js
packed 61.88KB dist/esm/session/accountDialogController.js
packed 3.96KB dist/esm/session/accountSwitchTargets.js
packed 16.92KB dist/esm/session/authStateStore.js
packed 1.51KB dist/esm/session/createSessionClient.js
packed 5.53KB dist/esm/session/deviceDirectory.js
packed 3.86KB dist/esm/session/deviceSwitcherRows.js
packed 10.0KB dist/esm/session/identityPin.js
packed 6.63KB dist/esm/session/identitySession.js
packed 6.22KB dist/esm/session/index.js
packed 4.86KB dist/esm/session/projectSessionState.js
packed 23.18KB dist/esm/session/refresh.js
packed 1.40KB dist/esm/session/sessionClientHost.js
packed 11.96KB dist/esm/session/sharedDeviceCredential.js
packed 0.61KB dist/esm/session/socketLoader.js
packed 4.53KB dist/esm/shared/utils/colorUtils.js
packed 5.37KB dist/esm/shared/utils/errorUtils.js
packed 0.89KB dist/esm/shared/utils/index.js
packed 4.88KB dist/esm/shared/utils/networkUtils.js
packed 2.91KB dist/esm/shared/utils/themeUtils.js
packed 3.77KB dist/esm/utils/accountCacheSweep.js
packed 5.22KB dist/esm/utils/accountUtils.js
packed 144B dist/esm/utils/activityId.js
packed 2.89KB dist/esm/utils/apiUtils.js
packed 5.43KB dist/esm/utils/asyncUtils.js
packed 3.70KB dist/esm/utils/authHelpers.js
packed 1.0KB dist/esm/utils/authWebUrl.js
packed 0.97KB dist/esm/utils/avatarUtils.js
packed 7.77KB dist/esm/utils/cache.js
packed 3.56KB dist/esm/utils/cacheKey.js
packed 5.46KB dist/esm/utils/coldBoot.js
packed 1.1KB dist/esm/utils/commonsApproval.js
packed 2.1KB dist/esm/utils/commonsDelivery.js
packed 6.43KB dist/esm/utils/deviceManager.js
packed 24.31KB dist/esm/utils/displayNamePolicyRanges.generated.js
packed 73B dist/esm/utils/edgeRegion.js
packed 11.39KB dist/esm/utils/errorUtils.js
packed 4.33KB dist/esm/utils/identityCacheSweep.js
packed 13.49KB dist/esm/utils/languageUtils.js
packed 12.76KB dist/esm/utils/oauthPkce.js
packed 1.55KB dist/esm/utils/officialOrigins.js
packed 0.63KB dist/esm/utils/oxyServiceEnvironment.js
packed 3.54KB dist/esm/utils/platform.js
packed 2.48KB dist/esm/utils/profileLinks.js
packed 1.12KB dist/esm/utils/redactUrl.js
packed 1.87KB dist/esm/utils/registrableApex.js
packed 10.1KB dist/esm/utils/requestUtils.js
packed 6.58KB dist/esm/utils/sessionUtils.js
packed 0.61KB dist/esm/utils/slashes.js
packed 7.77KB dist/esm/utils/textNormalization.js
packed 1.0KB dist/esm/utils/tokenClaims.js
packed 1.25KB dist/esm/utils/userHandle.js
packed 1.56KB dist/esm/utils/userIdentity.js
packed 17.29KB dist/esm/utils/validationUtils.js
packed 26.59KB dist/types/HttpService.d.ts
packed 6.88KB dist/types/OxyServices.d.ts
packed 6.84KB dist/types/OxyServices.errors.d.ts
packed 19.74KB dist/types/api/accounts.d.ts
packed 5.36KB dist/types/api/agency.d.ts
packed 1.33KB dist/types/api/appData.d.ts
packed 18.77KB dist/types/api/apps.d.ts
packed 6.79KB dist/types/api/assets.d.ts
packed 36.34KB dist/types/api/auth.d.ts
packed 3.96KB dist/types/api/billing.d.ts
packed 9.60KB dist/types/api/civic.d.ts
packed 1.18KB dist/types/api/contacts.d.ts
packed 11.78KB dist/types/api/devices.d.ts
packed 9.47KB dist/types/api/follows.d.ts
packed 12.87KB dist/types/api/identity.d.ts
packed 2.61KB dist/types/api/linkedAccounts.d.ts
packed 4.82KB dist/types/api/nodes.d.ts
packed 3.38KB dist/types/api/notifications.d.ts
packed 1.76KB dist/types/api/privacy.d.ts
packed 2.46KB dist/types/api/reputation.d.ts
packed 3.97KB dist/types/api/session.d.ts
packed 11.40KB dist/types/api/store.d.ts
packed 1.32KB dist/types/api/topics.d.ts
packed 5.76KB dist/types/api/users.d.ts
packed 7.48KB dist/types/boot/sessionColdBoot.d.ts
packed 509B dist/types/civic/index.d.ts
packed 4.1KB dist/types/civic/payloads.d.ts
packed 1.54KB dist/types/client/context.d.ts
packed 0.71KB dist/types/constants/version.d.ts
packed 2.75KB dist/types/crypto/aead.d.ts
packed 3.1KB dist/types/crypto/deviceBackup.d.ts
packed 1.36KB dist/types/crypto/ecdh.d.ts
packed 2.83KB dist/types/crypto/identityDerivations.d.ts
packed 461B dist/types/crypto/identityLink.d.ts
packed 4.79KB dist/types/crypto/identityMarker.d.ts
packed 0.74KB dist/types/crypto/identityProof.d.ts
packed 1.40KB dist/types/crypto/identitySigner.d.ts
packed 1.66KB dist/types/crypto/index.d.ts
packed 1.1KB dist/types/crypto/internal.d.ts
packed 1.33KB dist/types/crypto/kdf.d.ts
packed 36.22KB dist/types/crypto/keyManager.d.ts
packed 1.86KB dist/types/crypto/polyfill.d.ts
packed 7.82KB dist/types/crypto/recoveryPhrase.d.ts
packed 1.21KB dist/types/crypto/registrationPow.d.ts
packed 5.82KB dist/types/crypto/signatureService.d.ts
packed 2.0KB dist/types/i18n/accountCategoryLabels.d.ts
packed 478B dist/types/i18n/accountRoleLabels.d.ts
packed 1.16KB dist/types/i18n/index.d.ts
packed 9.91KB dist/types/i18n/locales/ar-SA.d.ts
packed 9.91KB dist/types/i18n/locales/ca-ES.d.ts
packed 9.91KB dist/types/i18n/locales/de-DE.d.ts
packed 54.40KB dist/types/i18n/locales/en-US.d.ts
packed 54.40KB dist/types/i18n/locales/es-ES.d.ts
packed 9.91KB dist/types/i18n/locales/fr-FR.d.ts
packed 9.91KB dist/types/i18n/locales/it-IT.d.ts
packed 9.91KB dist/types/i18n/locales/ja-JP.d.ts
packed 9.91KB dist/types/i18n/locales/ko-KR.d.ts
packed 9.91KB dist/types/i18n/locales/pt-PT.d.ts
packed 9.91KB dist/types/i18n/locales/zh-CN.d.ts
packed 0.57KB dist/types/i18n/reputationCategoryLabels.d.ts
packed 448B dist/types/i18n/trustTierLabels.d.ts
packed 12.51KB dist/types/index.d.ts
packed 18.18KB dist/types/inference/OxyInferenceClient.d.ts
packed 1.30KB dist/types/inference/index.d.ts
packed 4.58KB dist/types/logger/index.d.ts
packed 0.98KB dist/types/models/Topic.d.ts
packed 26.1KB dist/types/models/interfaces.d.ts
packed 1.78KB dist/types/models/session.d.ts
packed 8.69KB dist/types/server/OxyServer.d.ts
packed 8.1KB dist/types/server/auth.d.ts
packed 2.13KB dist/types/server/capabilityTicket.d.ts
packed 4.82KB dist/types/server/cors.d.ts
packed 5.34KB dist/types/server/index.d.ts
packed 0.84KB dist/types/server/liveCapabilityTicket.d.ts
packed 12.84KB dist/types/server/middleware.d.ts
packed 7.93KB dist/types/server/namespaces.d.ts
packed 1.80KB dist/types/server/rateLimit.d.ts
packed 6.43KB dist/types/server/requesterAssertion.d.ts
packed 6.19KB dist/types/server/safeFetch.d.ts
packed 12.30KB dist/types/server/securityHeaders.d.ts
packed 1.28KB dist/types/server/traffic.d.ts
packed 456B dist/types/server/trafficNodeHttp.d.ts
packed 6.10KB dist/types/server/userInvalidation.d.ts
packed 1.40KB dist/types/server/verifySecret.d.ts
packed 357B dist/types/server/workloadIdentity.client.d.ts
packed 1.31KB dist/types/server/workloadIdentity.d.ts
packed 22.49KB dist/types/session/SessionClient.d.ts
packed 2.1KB dist/types/session/accountDelegationAccess.d.ts
packed 42.95KB dist/types/session/accountDialogController.d.ts
packed 3.80KB dist/types/session/accountSwitchTargets.d.ts
packed 7.90KB dist/types/session/authStateStore.d.ts
packed 1.62KB dist/types/session/createSessionClient.d.ts
packed 8.78KB dist/types/session/deviceDirectory.d.ts
packed 4.67KB dist/types/session/deviceSwitcherRows.d.ts
packed 4.24KB dist/types/session/identityPin.d.ts
packed 5.1KB dist/types/session/identitySession.d.ts
packed 3.93KB dist/types/session/index.d.ts
packed 3.91KB dist/types/session/projectSessionState.d.ts
packed 10.47KB dist/types/session/refresh.d.ts
packed 0.93KB dist/types/session/sessionClientHost.d.ts
packed 10.0KB dist/types/session/sharedDeviceCredential.d.ts
packed 0.55KB dist/types/session/socketLoader.d.ts
packed 2.93KB dist/types/shared/utils/colorUtils.d.ts
packed 3.11KB dist/types/shared/utils/errorUtils.d.ts
packed 0.93KB dist/types/shared/utils/index.d.ts
packed 4.18KB dist/types/shared/utils/networkUtils.d.ts
packed 2.67KB dist/types/shared/utils/themeUtils.d.ts
packed 3.98KB dist/types/utils/accountCacheSweep.d.ts
packed 3.96KB dist/types/utils/accountUtils.d.ts
packed 144B dist/types/utils/activityId.d.ts
packed 3.25KB dist/types/utils/apiUtils.d.ts
packed 2.1KB dist/types/utils/asyncUtils.d.ts
packed 2.22KB dist/types/utils/authHelpers.d.ts
packed 1.0KB dist/types/utils/authWebUrl.d.ts
packed 0.68KB dist/types/utils/avatarUtils.d.ts
packed 3.77KB dist/types/utils/cache.d.ts
packed 3.13KB dist/types/utils/cacheKey.d.ts
packed 5.81KB dist/types/utils/coldBoot.d.ts
packed 0.67KB dist/types/utils/commonsApproval.d.ts
packed 5.14KB dist/types/utils/commonsDelivery.d.ts
packed 1.69KB dist/types/utils/deviceManager.d.ts
packed 24.35KB dist/types/utils/displayNamePolicyRanges.generated.d.ts
packed 73B dist/types/utils/edgeRegion.d.ts
packed 7.12KB dist/types/utils/errorUtils.d.ts
packed 4.12KB dist/types/utils/identityCacheSweep.d.ts
packed 5.34KB dist/types/utils/languageUtils.d.ts
packed 8.80KB dist/types/utils/oauthPkce.d.ts
packed 452B dist/types/utils/officialOrigins.d.ts
packed 0.73KB dist/types/utils/oxyServiceEnvironment.d.ts
packed 1.73KB dist/types/utils/platform.d.ts
packed 1.80KB dist/types/utils/profileLinks.d.ts
packed 0.91KB dist/types/utils/redactUrl.d.ts
packed 1.23KB dist/types/utils/registrableApex.d.ts
packed 3.99KB dist/types/utils/requestUtils.d.ts
packed 2.47KB dist/types/utils/sessionUtils.d.ts
packed 383B dist/types/utils/slashes.d.ts
packed 5.13KB dist/types/utils/textNormalization.d.ts
packed 303B dist/types/utils/tokenClaims.d.ts
packed 1.0KB dist/types/utils/userHandle.d.ts
packed 0.77KB dist/types/utils/userIdentity.d.ts
packed 76.44KB dist/types/utils/validationUtils.d.ts
packed 74.98KB src/HttpService.ts
packed 9.65KB src/OxyServices.errors.ts
packed 11.15KB src/OxyServices.ts
packed 24.14KB src/api/accounts.ts
packed 8.77KB src/api/agency.ts
packed 2.52KB src/api/appData.ts
packed 22.73KB src/api/apps.ts
packed 18.1KB src/api/assets.ts
packed 62.66KB src/api/auth.ts
packed 5.20KB src/api/billing.ts
packed 16.71KB src/api/civic.ts
packed 1.31KB src/api/contacts.ts
packed 17.96KB src/api/devices.ts
packed 16.1KB src/api/follows.ts
packed 30.1KB src/api/identity.ts
packed 3.31KB src/api/linkedAccounts.ts
packed 6.71KB src/api/nodes.ts
packed 5.64KB src/api/notifications.ts
packed 4.98KB src/api/privacy.ts
packed 4.86KB src/api/reputation.ts
packed 7.89KB src/api/session.ts
packed 15.41KB src/api/store.ts
packed 3.0KB src/api/topics.ts
packed 14.78KB src/api/users.ts
packed 24.85KB src/boot/sessionColdBoot.ts
packed 0.60KB src/civic/index.ts
packed 6.70KB src/civic/payloads.ts
packed 1.51KB src/client/context.ts
packed 0.53KB src/constants/version.ts
packed 3.73KB src/crypto/aead.ts
packed 4.10KB src/crypto/deviceBackup.ts
packed 1.51KB src/crypto/ecdh.ts
packed 4.87KB src/crypto/identityDerivations.ts
packed 0.84KB src/crypto/identityLink.ts
packed 10.60KB src/crypto/identityMarker.ts
packed 1.39KB src/crypto/identityProof.ts
packed 1.36KB src/crypto/identitySigner.ts
packed 2.28KB src/crypto/index.ts
packed 1.1KB src/crypto/internal.ts
packed 1.79KB src/crypto/kdf.ts
packed 126.66KB src/crypto/keyManager.ts
packed 3.47KB src/crypto/polyfill.ts
packed 12.35KB src/crypto/recoveryPhrase.ts
packed 2.54KB src/crypto/registrationPow.ts
packed 11.26KB src/crypto/signatureService.ts
packed 2.19KB src/i18n/accountCategoryLabels.ts
packed 0.88KB src/i18n/accountRoleLabels.ts
packed 4.97KB src/i18n/index.ts
packed 19.40KB src/i18n/locales/ar-SA.ts
packed 16.23KB src/i18n/locales/ca-ES.ts
packed 16.71KB src/i18n/locales/de-DE.ts
packed 77.0KB src/i18n/locales/en-US.ts
packed 84.1KB src/i18n/locales/es-ES.ts
packed 17.0KB src/i18n/locales/fr-FR.ts
packed 15.93KB src/i18n/locales/it-IT.ts
packed 19.23KB src/i18n/locales/ja-JP.ts
packed 17.14KB src/i18n/locales/ko-KR.ts
packed 16.34KB src/i18n/locales/pt-PT.ts
packed 15.17KB src/i18n/locales/zh-CN.ts
packed 0.73KB src/i18n/reputationCategoryLabels.ts
packed 0.59KB src/i18n/trustTierLabels.ts
packed 18.45KB src/index.ts
packed 41.19KB src/inference/OxyInferenceClient.ts
packed 1.47KB src/inference/index.ts
packed 7.46KB src/logger/index.ts
packed 0.91KB src/models/Topic.ts
packed 26.48KB src/models/interfaces.ts
packed 1.78KB src/models/session.ts
packed 27.41KB src/server/OxyServer.ts
packed 11.64KB src/server/auth.ts
packed 7.72KB src/server/capabilityTicket.ts
packed 11.1KB src/server/cors.ts
packed 7.22KB src/server/index.ts
packed 2.90KB src/server/liveCapabilityTicket.ts
packed 62.18KB src/server/middleware.ts
packed 15.24KB src/server/namespaces.ts
packed 12.0KB src/server/rateLimit.ts
packed 17.82KB src/server/requesterAssertion.ts
packed 21.1KB src/server/safeFetch.ts
packed 22.25KB src/server/securityHeaders.ts
packed 8.25KB src/server/traffic.ts
packed 3.92KB src/server/trafficNodeHttp.ts
packed 8.0KB src/server/userInvalidation.ts
packed 2.12KB src/server/verifySecret.ts
packed 449B src/server/workloadIdentity.client.ts
packed 8.57KB src/server/workloadIdentity.ts
packed 45.56KB src/session/SessionClient.ts
packed 2.70KB src/session/accountDelegationAccess.ts
packed 76.17KB src/session/accountDialogController.ts
packed 4.24KB src/session/accountSwitchTargets.ts
packed 19.97KB src/session/authStateStore.ts
packed 1.77KB src/session/createSessionClient.ts
packed 10.64KB src/session/deviceDirectory.ts
packed 6.0KB src/session/deviceSwitcherRows.ts
packed 11.17KB src/session/identityPin.ts
packed 8.41KB src/session/identitySession.ts
packed 8.42KB src/session/index.ts
packed 5.26KB src/session/projectSessionState.ts
packed 26.95KB src/session/refresh.ts
packed 1.66KB src/session/sessionClientHost.ts
packed 15.29KB src/session/sharedDeviceCredential.ts
packed 1.12KB src/session/socketLoader.ts
packed 4.62KB src/shared/utils/colorUtils.ts
packed 5.44KB src/shared/utils/errorUtils.ts
packed 1.1KB src/shared/utils/index.ts
packed 6.27KB src/shared/utils/networkUtils.ts
packed 3.11KB src/shared/utils/themeUtils.ts
packed 5.1KB src/types/buffer.d.ts
packed 409B src/types/expo-crypto.d.ts
packed 0.71KB src/types/expo-secure-store.d.ts
packed 4.23KB src/utils/accountCacheSweep.ts
packed 6.96KB src/utils/accountUtils.ts
packed 144B src/utils/activityId.ts
packed 4.0KB src/utils/apiUtils.ts
packed 6.73KB src/utils/asyncUtils.ts
packed 4.1KB src/utils/authHelpers.ts
packed 1.0KB src/utils/authWebUrl.ts
packed 1.26KB src/utils/avatarUtils.ts
packed 7.73KB src/utils/cache.ts
packed 3.88KB src/utils/cacheKey.ts
packed 8.74KB src/utils/coldBoot.ts
packed 1.32KB src/utils/commonsApproval.ts
packed 5.57KB src/utils/commonsDelivery.ts
packed 6.51KB src/utils/deviceManager.ts
packed 24.32KB src/utils/displayNamePolicyRanges.generated.ts
packed 73B src/utils/edgeRegion.ts
packed 14.23KB src/utils/errorUtils.ts
packed 4.66KB src/utils/identityCacheSweep.ts
packed 14.42KB src/utils/languageUtils.ts
packed 15.90KB src/utils/oauthPkce.ts
packed 1.48KB src/utils/officialOrigins.ts
packed 0.72KB src/utils/oxyServiceEnvironment.ts
packed 4.1KB src/utils/platform.ts
packed 3.10KB src/utils/profileLinks.ts
packed 1.11KB src/utils/redactUrl.ts
packed 1.85KB src/utils/registrableApex.ts
packed 10.00KB src/utils/requestUtils.ts
packed 6.74KB src/utils/sessionUtils.ts
packed 0.61KB src/utils/slashes.ts
packed 7.78KB src/utils/textNormalization.ts
packed 1.23KB src/utils/tokenClaims.ts
packed 1.64KB src/utils/userHandle.ts
packed 1.75KB src/utils/userIdentity.ts
packed 17.52KB src/utils/validationUtils.ts

oxy.so-core-4.1.0.tgz

Total files: 573
Shasum: f5609e2250dbce16d31e34a1859ee6c8b634dbf8
Integrity: sha512-hRIofD2SpX4Z2[...]pFwCzhfMYRVUQ==
Unpacked size: 5.96MB
Packed size: 1.58MB
