mutation: remove parameterized canonical xmin predicate
originalSHA256: 20d542fa74f1b69e41b530fd9140db4c5709c6f097955a26582b433ea1781dac
The files belonging to this database system will be owned by user "nate".
This user must also own the server process.

The database cluster will be initialized with locale "C".
The default text search configuration will be set to "english".

Data page checksums are disabled.

creating directory /tmp/oxy-old-auth-retirement-nelht59g/pg1519-fga_fnc2/data ... ok
creating subdirectories ... ok
selecting dynamic shared memory implementation ... posix
selecting default "max_connections" ... 100
selecting default "shared_buffers" ... 128MB
selecting default time zone ... Europe/Bucharest
creating configuration files ... ok
running bootstrap script ... ok
performing post-bootstrap initialization ... ok
syncing data to disk ... ok

Success. You can now start the database server using:

    /usr/lib/postgresql/17/bin/pg_ctl -D /tmp/oxy-old-auth-retirement-nelht59g/pg1519-fga_fnc2/data -l logfile start


waiting for server to start.... done
server started

{"command": ["bun", "--no-env-file", "run", "db:migrate"], "exitCode": 0, "log": "/tmp/oxy-old-auth-retirement-nelht59g/pg1519-fga_fnc2/migration-fresh.txt"}
{"command": ["bun", "--no-env-file", "run", "db:migrate"], "exitCode": 0, "log": "/tmp/oxy-old-auth-retirement-nelht59g/pg1519-fga_fnc2/migration-repeat.txt"}
{"newLocalServerPid": 3903684, "dataDirectory": "/tmp/oxy-old-auth-retirement-nelht59g/pg1519-fga_fnc2/data", "database": "oxy_rehearsal_1519_2450d6ac09dcfb9f", "command": ["bun", "--no-env-file", "run", "test", "--runInBand", "--runTestsByPath", "src/scripts/__tests__/oldIssuerAuthRetirement.db.test.ts"], "exitCode": 1, "log": "/tmp/oxy-old-auth-retirement-nelht59g/pg1519-fga_fnc2/auth-retirement-api.txt", "productionAccess": false}
waiting for server to shut down.... done
server stopped

Traceback (most recent call last):
  File "/home/nate/Oxy/oxy/.worktrees/1519-i05-foreground-capability-20261003/scripts/rehearsal/test-old-issuer-auth-retirement.py", line 104, in <module>
    main()
    ~~~~^^
  File "/home/nate/Oxy/oxy/.worktrees/1519-i05-foreground-capability-20261003/scripts/rehearsal/test-old-issuer-auth-retirement.py", line 97, in main
    result.check_returncode()
    ~~~~~~~~~~~~~~~~~~~~~~~^^
  File "/usr/lib/python3.13/subprocess.py", line 508, in check_returncode
    raise CalledProcessError(self.returncode, self.args, self.stdout,
                             self.stderr)
subprocess.CalledProcessError: Command '['bun', '--no-env-file', 'run', 'test', '--runInBand', '--runTestsByPath', 'src/scripts/__tests__/oldIssuerAuthRetirement.db.test.ts']' returned non-zero exit status 1.
mutant exit: 1
source restored byte-identical
