✔ RSA pair has the default 2048-bit modulus and matching public exponent (0.564916ms)
✔ key-pair PEM round trip preserves both moduli (0.442147ms)
✔ public-key PEM round trip preserves exponent and modulus (0.097087ms)
✔ private-key PEM round trip preserves private exponent (0.14094ms)
✔ certificate PEM round trip verifies its self-signature (0.225908ms)
✔ valid certificate and corresponding pair satisfy Expo validation (0.87141ms)
✔ Expo manifest signature verifies with independent Node/OpenSSL SHA256 (0.174448ms)
✔ altered manifest bytes fail independent Node/OpenSSL verification (0.183055ms)
✔ private key from another pair is rejected by Expo signing verification (0.857819ms)
✔ reversed certificate validity interval is rejected (0.571303ms)
✔ expired certificate is rejected by Expo validation (3.483445ms)
✔ CSR PEM round trip verifies its signature and requested identity (1.674475ms)
✔ development certificate verifies its issuer and contains requested project scope (2.333026ms)
✔ tampered CSR signature is rejected before development certificate issuance (1.206134ms)
ℹ tests 14
ℹ suites 0
ℹ pass 14
ℹ fail 0
ℹ cancelled 0
ℹ skipped 0
ℹ todo 0
ℹ duration_ms 17.213054
