$ node --test test/*.cjs
✔ RSA pair has the default 2048-bit modulus and matching public exponent (0.988322ms)
✔ key-pair PEM round trip preserves both moduli (0.408555ms)
✔ public-key PEM round trip preserves exponent and modulus (0.100593ms)
✔ private-key PEM round trip preserves private exponent (0.153677ms)
✔ certificate PEM round trip verifies its self-signature (0.165323ms)
✔ valid certificate and corresponding pair satisfy Expo validation (0.642432ms)
✔ Expo manifest signature verifies with independent Node/OpenSSL SHA256 (0.133781ms)
✔ altered manifest bytes fail independent Node/OpenSSL verification (0.152118ms)
✔ private key from another pair is rejected by Expo signing verification (0.698131ms)
✔ reversed certificate validity interval is rejected (0.531782ms)
✔ expired certificate is rejected by Expo validation (3.121389ms)
✔ CSR PEM round trip verifies its signature and requested identity (1.066363ms)
✔ development certificate verifies its issuer and contains requested project scope (6.357116ms)
✔ tampered CSR signature is rejected before development certificate issuance (1.300512ms)
✔ native CSR verifies using system OpenSSL independently (4.979529ms)
✔ system OpenSSL CSR retains CN/O/OU and verifies using native implementation (7.156489ms)
✔ system OpenSSL reads native certificate code-signing critical extensions (8.589415ms)
✔ native certificate is accepted as its exact self-signed OpenSSL trust anchor (3.9451ms)
✔ trailing CSR ASN1 value is refused before signature validation (1.144466ms)
✔ nested extra CSR signature algorithm field is refused (0.853274ms)
✔ nonempty NULL CSR algorithm parameter is refused on actual DER bytes (0.562615ms)
✔ unknown CSR algorithm is refused even with unchanged signature (0.526367ms)
✔ CSR signature bit mutation stays denied before issuance (1.362515ms)
✔ PEM with a second object is refused (0.120257ms)
✔ invalid base64 padding is refused (0.102509ms)
✔ wrong public/private key pair is refused by validation (34.898037ms)
✔ OpenSSL RSA verifier accepts known-key canonical DigestInfo (0.944061ms)
✔ OpenSSL RSA verifier rejects known-key extra-nested DigestInfo (0.743976ms)
✔ OpenSSL RSA verifier rejects known-key nonempty-null DigestInfo (0.574699ms)
✔ OpenSSL RSA verifier rejects known-key trailing DigestInfo (0.544348ms)
✔ certificate trailing DER cannot influence its parsed subject (1.045035ms)
✔ mutated certificate signature cannot pass self-signed validation (1.396702ms)
✔ unpaired UTF16 common name is refused before certificate issuance (0.159502ms)
✔ actual forked Expo Security.js reads an OpenSSL EC certificate DN (30.145276ms)
✔ oversized or non-string PEM is refused before DER parsing (0.228929ms)
✔ EC PEM cannot be presented as an RSA code-signing key (0.514317ms)
✔ both certificate issuers encode a canonical positive serial: redundant leading zero (12.066825ms)
✔ both certificate issuers encode a canonical positive serial: multiple leading zeros (5.110207ms)
✔ both certificate issuers encode a canonical positive serial: required sign padding (3.873182ms)
✔ both certificate issuers encode a canonical positive serial: all-zero entropy remains nonzero (4.098757ms)
✔ both certificate issuers encode a canonical positive serial: high entropy remains positive (4.404355ms)
ℹ tests 41
ℹ suites 0
ℹ pass 41
ℹ fail 0
ℹ cancelled 0
ℹ skipped 0
ℹ todo 0
ℹ duration_ms 191.183848
