$ node --test test/*.cjs
✔ RSA pair has the default 2048-bit modulus and matching public exponent (1.0528ms)
✔ key-pair PEM round trip preserves both moduli (0.461738ms)
✔ public-key PEM round trip preserves exponent and modulus (0.122808ms)
✔ private-key PEM round trip preserves private exponent (0.152133ms)
✔ certificate PEM round trip verifies its self-signature (0.212251ms)
✔ valid certificate and corresponding pair satisfy Expo validation (0.858966ms)
✔ Expo manifest signature verifies with independent Node/OpenSSL SHA256 (0.190657ms)
✔ altered manifest bytes fail independent Node/OpenSSL verification (0.173499ms)
✔ private key from another pair is rejected by Expo signing verification (0.718246ms)
✔ reversed certificate validity interval is rejected (0.49566ms)
✔ expired certificate is rejected by Expo validation (3.02789ms)
✔ CSR PEM round trip verifies its signature and requested identity (0.860181ms)
✔ development certificate verifies its issuer and contains requested project scope (3.140129ms)
✔ tampered CSR signature is rejected before development certificate issuance (0.905008ms)
✔ native CSR verifies using system OpenSSL independently (5.292541ms)
✔ system OpenSSL CSR retains CN/O/OU and verifies using native implementation (7.009883ms)
✔ system OpenSSL reads native certificate code-signing critical extensions (8.780998ms)
✔ native certificate is accepted as its exact self-signed OpenSSL trust anchor (4.032633ms)
✔ trailing CSR ASN1 value is refused before signature validation (1.090237ms)
✔ nested extra CSR signature algorithm field is refused (1.032792ms)
✔ nonempty NULL CSR algorithm parameter is refused on actual DER bytes (0.597751ms)
✔ unknown CSR algorithm is refused even with unchanged signature (0.559779ms)
✔ CSR signature bit mutation stays denied before issuance (1.42261ms)
✔ PEM with a second object is refused (0.132888ms)
✔ invalid base64 padding is refused (0.093787ms)
✔ wrong public/private key pair is refused by validation (27.886366ms)
✔ OpenSSL RSA verifier accepts known-key canonical DigestInfo (0.798686ms)
✔ OpenSSL RSA verifier rejects known-key extra-nested DigestInfo (0.527048ms)
✔ OpenSSL RSA verifier rejects known-key nonempty-null DigestInfo (0.453665ms)
✔ OpenSSL RSA verifier rejects known-key trailing DigestInfo (0.505252ms)
✔ certificate trailing DER cannot influence its parsed subject (1.095685ms)
✔ mutated certificate signature cannot pass self-signed validation (1.362956ms)
✔ unpaired UTF16 common name is refused before certificate issuance (0.176875ms)
✔ actual forked Expo Security.js reads an OpenSSL EC certificate DN (30.446581ms)
✔ oversized or non-string PEM is refused before DER parsing (0.256206ms)
✔ EC PEM cannot be presented as an RSA code-signing key (0.617512ms)
✖ both certificate issuers encode a canonical positive serial: redundant leading zero (4.842667ms)
✖ both certificate issuers encode a canonical positive serial: multiple leading zeros (2.676147ms)
✔ both certificate issuers encode a canonical positive serial: required sign padding (4.563215ms)
✖ both certificate issuers encode a canonical positive serial: all-zero entropy remains nonzero (2.426458ms)
✔ both certificate issuers encode a canonical positive serial: high entropy remains positive (3.863503ms)
ℹ tests 41
ℹ suites 0
ℹ pass 38
ℹ fail 3
ℹ cancelled 0
ℹ skipped 0
ℹ todo 0
ℹ duration_ms 199.362419

✖ failing tests:

test at test/serial-canonical.cjs:21:3
✖ both certificate issuers encode a canonical positive serial: redundant leading zero (4.842667ms)
  Error: error:0480006C:PEM routines::no start line
      at new X509Certificate (node:internal/crypto/x509:121:21)
      at certificateView (/home/nate/Oxy/oxy/.worktrees/1571-expo-cli-self-reference-20261004/tooling/expo-code-signing-native/index.cjs:195:17)
      at issue (/home/nate/Oxy/oxy/.worktrees/1571-expo-cli-self-reference-20261004/tooling/expo-code-signing-native/index.cjs:287:9)
      at Object.generateSelfSignedCodeSigningCertificate (/home/nate/Oxy/oxy/.worktrees/1571-expo-cli-self-reference-20261004/tooling/expo-code-signing-native/index.cjs:296:9)
      at TestContext.<anonymous> (/home/nate/Oxy/oxy/.worktrees/1571-expo-cli-self-reference-20261004/tooling/expo-code-signing-native/test/serial-canonical.cjs:26:24)
      at Test.runInAsyncScope (node:async_hooks:227:14)
      at Test.run (node:internal/test_runner/test:1402:25)
      at Test.start (node:internal/test_runner/test:1262:17)
      at startSubtestAfterBootstrap (node:internal/test_runner/harness:387:17) {
    library: 'PEM routines',
    reason: 'no start line',
    code: 'ERR_OSSL_PEM_NO_START_LINE'
  }

test at test/serial-canonical.cjs:21:3
✖ both certificate issuers encode a canonical positive serial: multiple leading zeros (2.676147ms)
  Error: error:0480006C:PEM routines::no start line
      at new X509Certificate (node:internal/crypto/x509:121:21)
      at certificateView (/home/nate/Oxy/oxy/.worktrees/1571-expo-cli-self-reference-20261004/tooling/expo-code-signing-native/index.cjs:195:17)
      at issue (/home/nate/Oxy/oxy/.worktrees/1571-expo-cli-self-reference-20261004/tooling/expo-code-signing-native/index.cjs:287:9)
      at Object.generateSelfSignedCodeSigningCertificate (/home/nate/Oxy/oxy/.worktrees/1571-expo-cli-self-reference-20261004/tooling/expo-code-signing-native/index.cjs:296:9)
      at TestContext.<anonymous> (/home/nate/Oxy/oxy/.worktrees/1571-expo-cli-self-reference-20261004/tooling/expo-code-signing-native/test/serial-canonical.cjs:26:24)
      at Test.runInAsyncScope (node:async_hooks:227:14)
      at Test.run (node:internal/test_runner/test:1402:25)
      at Test.processPendingSubtests (node:internal/test_runner/test:974:18)
      at Test.postRun (node:internal/test_runner/test:1542:19)
      at Test.run (node:internal/test_runner/test:1467:12) {
    library: 'PEM routines',
    reason: 'no start line',
    code: 'ERR_OSSL_PEM_NO_START_LINE'
  }

test at test/serial-canonical.cjs:21:3
✖ both certificate issuers encode a canonical positive serial: all-zero entropy remains nonzero (2.426458ms)
  Error: error:0480006C:PEM routines::no start line
      at new X509Certificate (node:internal/crypto/x509:121:21)
      at certificateView (/home/nate/Oxy/oxy/.worktrees/1571-expo-cli-self-reference-20261004/tooling/expo-code-signing-native/index.cjs:195:17)
      at issue (/home/nate/Oxy/oxy/.worktrees/1571-expo-cli-self-reference-20261004/tooling/expo-code-signing-native/index.cjs:287:9)
      at Object.generateSelfSignedCodeSigningCertificate (/home/nate/Oxy/oxy/.worktrees/1571-expo-cli-self-reference-20261004/tooling/expo-code-signing-native/index.cjs:296:9)
      at TestContext.<anonymous> (/home/nate/Oxy/oxy/.worktrees/1571-expo-cli-self-reference-20261004/tooling/expo-code-signing-native/test/serial-canonical.cjs:26:24)
      at Test.runInAsyncScope (node:async_hooks:227:14)
      at Test.run (node:internal/test_runner/test:1402:25)
      at Test.processPendingSubtests (node:internal/test_runner/test:974:18)
      at Test.postRun (node:internal/test_runner/test:1542:19)
      at Test.run (node:internal/test_runner/test:1467:12) {
    library: 'PEM routines',
    reason: 'no start line',
    code: 'ERR_OSSL_PEM_NO_START_LINE'
  }
error: script "test" exited with code 1
