$ jest --runInBand src/routes/__tests__/oauthAuthorizeRedirect.test.ts src/services/__tests__/authSession.service.test.ts src/routes/__tests__/oauthConsentFinalizers.test.ts
{"level":30,"time":1790989394043,"pid":3303904,"hostname":"SuperPC","maxPoolSize":8,"msg":"Connected to PostgreSQL successfully"}
{"level":40,"time":1790989394953,"pid":3303904,"hostname":"SuperPC","authorizeCode":"ac-2cbff...","identityUserId":"01a0ff49-63f9-74ae-9c3a-39954746b1b1","reason":"forbidden","msg":"[AuthSession] Delegated subject refused on signed approval"}
{"level":30,"time":1790989395338,"pid":3303904,"hostname":"SuperPC","sessionToken":"st-3c06b...","applicationId":"01a0ff49-657e-781c-a985-9436cc1ee5af","identityUserId":"01a0ff49-657a-767c-aa2e-efe223a283dd","delegated":false,"msg":"[AuthSession] OAuth authorization finalized"}
{"level":30,"time":1790989395632,"pid":3303904,"hostname":"SuperPC","sessionToken":"st-6b96b...","applicationId":"01a0ff49-66a4-7224-acae-fe1d102938d4","identityUserId":"01a0ff49-66a0-7949-a960-db9e306fefe3","delegated":false,"msg":"[AuthSession] OAuth authorization finalized"}
{"level":50,"time":1790989395657,"pid":3303904,"hostname":"SuperPC","sessionToken":"st-f9681...","applicationId":"01a0ff49-66b7-7dcc-9a09-9598f12df0d0","err":{"type":"Object","message":"mint exploded","stack":"Error: mint exploded\n    at /home/nate/Oxy/oxy/.worktrees/i01-i03-bot-authority-20261003/packages/api/src/services/__tests__/authSession.service.test.ts:963:45\n    at Generator.next (<anonymous>)\n    at fulfilled (/home/nate/Oxy/oxy/.worktrees/i01-i03-bot-authority-20261003/packages/api/src/services/__tests__/authSession.service.test.ts:31:58)\n    at processTicksAndRejections (node:internal/process/task_queues:104:5)","name":"Error"},"msg":"[AuthSession] Authorization code mint failed after the request was spent"}
{"level":30,"time":1790989395727,"pid":3303904,"hostname":"SuperPC","sessionToken":"st-812dc...","applicationId":"01a0ff49-6706-7325-aa76-340226d5b383","identityUserId":"01a0ff49-6702-7cd9-b4cb-2ff78086c5b0","delegated":false,"msg":"[AuthSession] OAuth authorization finalized"}
{"level":30,"time":1790989395740,"pid":3303904,"hostname":"SuperPC","sessionToken":"st-426df...","applicationId":"01a0ff49-6713-7d1e-9808-999e699e3baa","identityUserId":"01a0ff49-6710-771b-ac1e-22b02556c160","delegated":false,"msg":"[AuthSession] OAuth authorization finalized"}
{"level":30,"time":1790989395755,"pid":3303904,"hostname":"SuperPC","sessionToken":"st-7d993...","applicationId":"01a0ff49-6721-7be9-91d6-1988362972a1","identityUserId":"01a0ff49-671c-7762-9923-ff3fc4eac9ca","delegated":false,"msg":"[AuthSession] OAuth authorization finalized"}
{"level":30,"time":1790989395770,"pid":3303904,"hostname":"SuperPC","sessionToken":"st-fe81d...","applicationId":"01a0ff49-6730-714c-860b-b10da261e81a","identityUserId":"01a0ff49-672c-7299-84e1-16417798359b","delegated":false,"msg":"[AuthSession] OAuth authorization finalized"}
{"level":30,"time":1790989395787,"pid":3303904,"hostname":"SuperPC","sessionToken":"st-57122...","applicationId":"01a0ff49-673f-730e-a816-a27300f152cc","identityUserId":"01a0ff49-673c-7e3e-a71c-8adcd4669d10","delegated":false,"msg":"[AuthSession] OAuth authorization finalized"}
{"level":30,"time":1790989395800,"pid":3303904,"hostname":"SuperPC","sessionToken":"st-4a714...","applicationId":"01a0ff49-6750-7e4a-a91a-9c10a08b2314","identityUserId":"01a0ff49-674d-76e2-95fe-eae9dd13a037","delegated":false,"msg":"[AuthSession] OAuth authorization finalized"}
{"level":30,"time":1790989395818,"pid":3303904,"hostname":"SuperPC","sessionToken":"st-8ba89...","applicationId":"01a0ff49-675f-7c01-b526-2c35f7aea07a","identityUserId":"01a0ff49-675c-7e13-bb4f-4c1b4f6cc5ef","delegated":true,"msg":"[AuthSession] OAuth authorization finalized"}
{"level":40,"time":1790989395832,"pid":3303904,"hostname":"SuperPC","identityUserId":"01a0ff49-676d-79b4-9cb9-92b119fcdd2c","reason":"forbidden","msg":"[AuthSession] Delegated subject refused on finalize"}
{"level":30,"time":1790989395850,"pid":3303904,"hostname":"SuperPC","sessionToken":"st-b8ae8...","applicationId":"01a0ff49-677f-7c06-8d30-a3464a63853e","identityUserId":"01a0ff49-677c-744b-b936-d7ffb9bf6a52","delegated":true,"msg":"[AuthSession] OAuth authorization finalized"}

Test Suites: 3 passed, 3 total
Tests:       110 passed, 110 total
Snapshots:   0 total
Time:        4.22 s
Ran all test suites matching src/routes/__tests__/oauthAuthorizeRedirect.test.ts|src/services/__tests__/authSession.service.test.ts|src/routes/__tests__/oauthConsentFinalizers.test.ts.
