Applying 141 migration(s): 0000_groovy_colossus, 0001_worthless_zarda, 0002_messy_karnak, 0003_eminent_luke_cage, 0004_nebulous_warbound, 0005_transparency_immutability, 0006_workable_blonde_phantom, 0007_billing_payment_intent_idempotency, 0008_billing_subscription_all_stripe_statuses, 0009_signed_records_fork_mirror, 0010_icy_madame_hydra, 0011_account_kind_channel, 0012_users_name_display, 0013_users_account_categories, 0014_account_member_permission_overrides, 0015_application_follow_scopes, 0016_follow_graph, 0018_follow_namespaces, 0019_follow_enum_checks, 0020_follow_events_claim, 0021_signed_records_author_feed_index, 0022_signed_records_accept_app_record, 0023_timestamp_millisecond_defaults, 0024_applications_chain_namespaces, 0025_chains_write_scope, 0026_chains_read_scope, 0027_app_store_listings_and_reviews, 0028_device_principals_and_contexts, 0029_session_token_binding, 0030_browser_hub_handle, 0031_inference_scope_family, 0032_machine_credentials, 0033_inference_ledger_and_usage_telemetry, 0034_inference_ledger_immutability, 0035_inference_catalogue, 0036_inference_revision_immutability, 0037_inbox_delivery_and_search, 0038_inbox_snapshot_sync_v2, 0039_inference_routing_policies, 0040_inference_routing_immutability, 0041_inference_provider_connections, 0042_inference_provider_connection_immutability, 0043_application_credential_audit_immutability, 0044_account_billing_and_reconciliation, 0045_account_billing_immutability, 0046_billing_ledger_actor, 0047_retire_developer_api_keys, 0048_staff_capabilities_and_spend_anomalies, 0049_inference_provider_connection_actor, 0050_inference_model_provenance_marking, 0051_retire_account_credentials, 0052_inference_token_anomalies, 0053_inference_model_release_ingestion, 0054_provider_secret_ref_grammar, 0055_service_acting_as_scopes, 0056_service_acting_as_revocations, 0057_service_account_switch_scope, 0058_revoke_person_sessions_on_bots_and_channels, 0059_delegated_capability_architecture, 0060_natural_raider, 0061_goofy_tyrannus, 0062_fantastic_living_tribunal, 0063_mcp_oauth_authority, 0064_burly_revanche, 0065_mixed_infant_terrible, 0066_bright_nekra, 0067_awesome_rawhide_kid, 0069_dazzling_switch, 0070_sanitize_legacy_application_icon_urls, 0071_spicy_kabuki, 0072_powerful_zaran, 0073_young_lake, 0068_natural_slapstick, 0074_minor_silk_fever, 0075_register_clarity_surf_origin, 0076_loud_strong_guy, 0077_narrow_homiio_reputation_scope, 0078_agency_authority_and_event_outbox, 0079_faulty_tigra, 0080_real_thor, 0081_inference_funding_classes, 0082_inference_funding_evidence, 0083_external_identity_registry, 0084_external_identity_claim_pins, 0085_external_identity_meta_proofs, 0086_external_identity_instagram_pins, 0087_lethal_boom_boom, 0088_rainy_vertigo, 0089_panoramic_lord_tyger, 0090_awesome_marvel_apes, 0091_identity_web_envelopes, 0092_identity_moves, 0093_identity_root_authority, 0094_identity_recovery_attempts, 0095_identity_move_commitment, 0096_identity_single_scheme, 0097_drop_device_pairing_sessions, 0098_drop_identity_move_protocol_version, 0099_application_workload_identities, 0100_people_search_trigram_index, 0101_email_suppressions, 0102_workload_identity_scopes, 0103_workload_attribution_identities, 0104_kaana_catalogue_sync, 0105_linked_accounts, 0106_account_events, 0107_retire_oxy_identity_app, 0108_drop_browser_hub_handle, 0109_instance_fetch_scope, 0110_email_verifications, 0111_identity_link_requests, 0112_drop_web_identity_carrier, 0113_device_credentials, 0114_drop_device_session_secret, 0115_device_join_codes, 0116_email_password_signin, 0117_storage_object_deletions, 0118_drop_passkeys, 0119_reputation_rules_in_code, 0120_file_storage_deletions, 0121_email_relay_message_id, 0122_federated_avatar_retry, 0123_stickers, 0124_files_per_owner_live_key, 0125_audio_token_units, 0126_inference_model_capability_declarations, 0127_session_milliseconds_unit, 0128_inference_deployment_accepted_parameters, 0129_power_routing_profiles, 0130_decisions_api_format, 0131_scoped_execution_audience, 0132_billing_stripe_event_ledger, 0133_inference_metered_usage, 0134_inference_auto_lineage, 0135_i07_product_access, 0136_i07_provider_evidence, 0137_public_albert_cleary, 0138_eminent_hulk, 0139_condemned_cloak, 0140_billing_sandbox_namespace, 0141_i05_foreground_requester
Postgres notice: identifier "reputation_balances_last_transaction_id_reputation_transactions_id_fk" will be truncated to "reputation_balances_last_transaction_id_reputation_transactions"
Postgres notice: identifier "reputation_reviewing_reliability_balance_id_reputation_balances_id_fk" will be truncated to "reputation_reviewing_reliability_balance_id_reputation_balances"
Postgres notice: identifier "reputation_disputes_transaction_id_reputation_transactions_id_fk" will be truncated to "reputation_disputes_transaction_id_reputation_transactions_id_f"
Postgres notice: identifier "reputation_transactions_reversed_transaction_id_reputation_transactions_id_fk" will be truncated to "reputation_transactions_reversed_transaction_id_reputation_tran"
Postgres notice: identifier "transparency_checkpoint_anchors_checkpoint_id_transparency_checkpoints_id_fk" will be truncated to "transparency_checkpoint_anchors_checkpoint_id_transparency_chec"
Postgres notice: identifier "transparency_checkpoint_signatures_checkpoint_id_transparency_checkpoints_id_fk" will be truncated to "transparency_checkpoint_signatures_checkpoint_id_transparency_c"
Postgres notice: identifier "transparency_checkpoint_snapshot_entries_checkpoint_id_transparency_checkpoints_id_fk" will be truncated to "transparency_checkpoint_snapshot_entries_checkpoint_id_transpar"
Postgres notice: identifier "validation_request_validators_request_id_validation_requests_id_fk" will be truncated to "validation_request_validators_request_id_validation_requests_id"
Postgres notice: identifier "validation_requests_resolved_txn_id_reputation_transactions_id_fk" will be truncated to "validation_requests_resolved_txn_id_reputation_transactions_id_"
Postgres notice: identifier "moderation_effects_reversal_transaction_id_reputation_transactions_id_fk" will be truncated to "moderation_effects_reversal_transaction_id_reputation_transacti"
Postgres notice: identifier "reputation_transactions_credential_id_application_credentials_id_fk" will be truncated to "reputation_transactions_credential_id_application_credentials_i"
Postgres notice: identifier "follow_application_overrides_relationship_id_follow_relationships_id_fk" will be truncated to "follow_application_overrides_relationship_id_follow_relationshi"
Postgres notice: identifier "application_credential_audit_events_application_id_applications_id_fk" will be truncated to "application_credential_audit_events_application_id_applications"
Postgres notice: identifier "application_credential_audit_events_credential_id_application_credentials_id_fk" will be truncated to "application_credential_audit_events_credential_id_application_c"
Postgres notice: identifier "application_credential_audit_events_application_id_created_at_idx" will be truncated to "application_credential_audit_events_application_id_created_at_i"
Postgres notice: identifier "application_credential_audit_events_credential_id_created_at_idx" will be truncated to "application_credential_audit_events_credential_id_created_at_id"
Postgres notice: identifier "inference_usage_daily_rollups_day_account_id_application_id_application_credential_id_environment_requested_model_reference_serving_provider_outcome_pk" will be truncated to "inference_usage_daily_rollups_day_account_id_application_id_app"
Postgres notice: identifier "inference_usage_daily_rollups_application_credential_id_application_credentials_id_fk" will be truncated to "inference_usage_daily_rollups_application_credential_id_applica"
Postgres notice: identifier "inference_usage_events_application_credential_id_application_credentials_id_fk" will be truncated to "inference_usage_events_application_credential_id_application_cr"
Postgres notice: identifier "spending_limit_notifications_spending_limit_id_spending_limits_id_fk" will be truncated to "spending_limit_notifications_spending_limit_id_spending_limits_"
Postgres notice: identifier "spending_limits_scope_application_credential_id_application_credentials_id_fk" will be truncated to "spending_limits_scope_application_credential_id_application_cre"
Postgres notice: identifier "usage_receipts_application_credential_id_application_credentials_id_fk" will be truncated to "usage_receipts_application_credential_id_application_credential"
Postgres notice: identifier "usage_reservations_application_credential_id_application_credentials_id_fk" will be truncated to "usage_reservations_application_credential_id_application_creden"
Postgres notice: identifier "usage_reservations_ceiling_price_version_id_price_versions_id_fk" will be truncated to "usage_reservations_ceiling_price_version_id_price_versions_id_f"
Postgres notice: identifier "inference_deployments_model_revision_id_inference_model_revisions_id_fk" will be truncated to "inference_deployments_model_revision_id_inference_model_revisio"
Postgres notice: identifier "inference_deployments_permission_state_changed_by_user_id_users_id_fk" will be truncated to "inference_deployments_permission_state_changed_by_user_id_users"
Postgres notice: identifier "inference_model_evaluations_model_revision_id_inference_model_revisions_id_fk" will be truncated to "inference_model_evaluations_model_revision_id_inference_model_r"
Postgres notice: identifier "inference_routing_profile_candidates_routing_profile_id_inference_routing_profiles_id_fk" will be truncated to "inference_routing_profile_candidates_routing_profile_id_inferen"
Postgres notice: identifier "inference_routing_profile_candidates_model_id_inference_models_id_fk" will be truncated to "inference_routing_profile_candidates_model_id_inference_models_"
Postgres notice: identifier "inference_routing_profile_candidates_model_revision_id_inference_model_revisions_id_fk" will be truncated to "inference_routing_profile_candidates_model_revision_id_inferenc"
Postgres notice: identifier "inference_route_switch_events_routing_policy_version_id_inference_routing_policy_versions_id_fk" will be truncated to "inference_route_switch_events_routing_policy_version_id_inferen"
Postgres notice: identifier "inference_routing_policy_fallbacks_model_id_inference_models_id_fk" will be truncated to "inference_routing_policy_fallbacks_model_id_inference_models_id"
Postgres notice: identifier "inference_routing_policy_fallbacks_model_revision_id_inference_model_revisions_id_fk" will be truncated to "inference_routing_policy_fallbacks_model_revision_id_inference_"
Postgres notice: identifier "inference_routing_policy_versions_routing_policy_id_inference_routing_policies_id_fk" will be truncated to "inference_routing_policy_versions_routing_policy_id_inference_r"
Postgres notice: identifier "inference_routing_policy_versions_default_model_id_inference_models_id_fk" will be truncated to "inference_routing_policy_versions_default_model_id_inference_mo"
Postgres notice: identifier "inference_routing_policy_versions_default_model_revision_id_inference_model_revisions_id_fk" will be truncated to "inference_routing_policy_versions_default_model_revision_id_inf"
Postgres notice: identifier "inference_routing_policy_versions_default_routing_profile_id_inference_routing_profiles_id_fk" will be truncated to "inference_routing_policy_versions_default_routing_profile_id_in"
Postgres notice: identifier "inference_routing_policy_versions_created_by_user_id_users_id_fk" will be truncated to "inference_routing_policy_versions_created_by_user_id_users_id_f"
Postgres notice: identifier "usage_receipts_routing_policy_version_id_inference_routing_policy_versions_id_fk" will be truncated to "usage_receipts_routing_policy_version_id_inference_routing_poli"
Postgres notice: identifier "inference_provider_connection_audit_events_connection_id_inference_provider_connections_id_fk" will be truncated to "inference_provider_connection_audit_events_connection_id_infere"
Postgres notice: identifier "inference_provider_connection_audit_events_owner_account_id_users_id_fk" will be truncated to "inference_provider_connection_audit_events_owner_account_id_use"
Postgres notice: identifier "inference_provider_connection_audit_events_actor_user_id_users_id_fk" will be truncated to "inference_provider_connection_audit_events_actor_user_id_users_"
Postgres notice: identifier "inference_provider_connections_application_id_applications_id_fk" will be truncated to "inference_provider_connections_application_id_applications_id_f"
Postgres notice: identifier "inference_provider_connection_audit_events_connection_created_idx" will be truncated to "inference_provider_connection_audit_events_connection_created_i"
Postgres notice: identifier "billing_external_payments_ledger_entry_id_billing_ledger_entries_id_fk" will be truncated to "billing_external_payments_ledger_entry_id_billing_ledger_entrie"
Postgres notice: identifier "billing_reconciliation_discrepancies_run_id_billing_reconciliation_runs_id_fk" will be truncated to "billing_reconciliation_discrepancies_run_id_billing_reconciliat"
Postgres notice: identifier "billing_reconciliation_discrepancies_ledger_entry_id_billing_ledger_entries_id_fk" will be truncated to "billing_reconciliation_discrepancies_ledger_entry_id_billing_le"
Postgres notice: identifier "inference_model_gpai_documentation_model_revision_id_inference_model_revisions_id_fk" will be truncated to "inference_model_gpai_documentation_model_revision_id_inference_"
Postgres notice: identifier "inference_model_gpai_documentation_recorded_by_user_id_users_id_fk" will be truncated to "inference_model_gpai_documentation_recorded_by_user_id_users_id"
Postgres notice: identifier "inference_model_release_artifacts_release_id_inference_model_releases_id_fk" will be truncated to "inference_model_release_artifacts_release_id_inference_model_re"
Postgres notice: identifier "inference_model_release_signatures_release_id_inference_model_releases_id_fk" will be truncated to "inference_model_release_signatures_release_id_inference_model_r"
Postgres notice: identifier "inference_model_releases_model_revision_id_inference_model_revisions_id_fk" will be truncated to "inference_model_releases_model_revision_id_inference_model_revi"
Postgres notice: identifier "app_capability_catalog_registrations_registered_by_application_id_applications_id_fk" will be truncated to "app_capability_catalog_registrations_registered_by_application_"
Postgres notice: identifier "app_capability_catalog_registrations_registered_by_credential_id_application_credentials_id_fk" will be truncated to "app_capability_catalog_registrations_registered_by_credential_i"
Postgres notice: identifier "capability_execution_authorizations_requester_account_id_users_id_fk" will be truncated to "capability_execution_authorizations_requester_account_id_users_"
Postgres notice: identifier "capability_execution_authorizations_owner_account_id_users_id_fk" will be truncated to "capability_execution_authorizations_owner_account_id_users_id_f"
Postgres notice: identifier "capability_execution_authorizations_coordinator_application_id_applications_id_fk" will be truncated to "capability_execution_authorizations_coordinator_application_id_"
Postgres notice: identifier "capability_execution_authorizations_coordinator_credential_id_application_credentials_id_fk" will be truncated to "capability_execution_authorizations_coordinator_credential_id_a"
Postgres notice: identifier "capability_execution_authorizations_actor_account_id_users_id_fk" will be truncated to "capability_execution_authorizations_actor_account_id_users_id_f"
Postgres notice: identifier "capability_execution_authorizations_effective_account_id_users_id_fk" will be truncated to "capability_execution_authorizations_effective_account_id_users_"
Postgres notice: identifier "mcp_oauth_refresh_tokens_parent_token_id_mcp_oauth_refresh_tokens_id_fk" will be truncated to "mcp_oauth_refresh_tokens_parent_token_id_mcp_oauth_refresh_toke"
Postgres notice: identifier "inference_deployment_routing_score_events_measurement_windows_check" will be truncated to "inference_deployment_routing_score_events_measurement_windows_c"
Postgres notice: identifier "inference_deployment_routing_score_events_price_version_id_price_versions_id_fk" will be truncated to "inference_deployment_routing_score_events_price_version_id_pric"
Postgres notice: identifier "inference_deployment_routing_scores_price_version_id_price_versions_id_fk" will be truncated to "inference_deployment_routing_scores_price_version_id_price_vers"
Postgres notice: identifier "inference_provider_credential_operations_expected_revision_positive" will be truncated to "inference_provider_credential_operations_expected_revision_posi"
Postgres notice: identifier "inference_provider_connection_audit_events_actor_user_id_users_id_fk" will be truncated to "inference_provider_connection_audit_events_actor_user_id_users_"
Postgres notice: identifier "inference_provider_credential_operations_connection_id_created_at_idx" will be truncated to "inference_provider_credential_operations_connection_id_created_"
Postgres notice: identifier "inference_deployments_platform_fee_price_version_id_price_versions_id_fk" will be truncated to "inference_deployments_platform_fee_price_version_id_price_versi"
Postgres notice: identifier "inference_provider_credential_validations_connection_id_inference_provider_connections_id_fk" will be truncated to "inference_provider_credential_validations_connection_id_inferen"
Postgres notice: identifier "inference_provider_credential_validations_application_id_applications_id_fk" will be truncated to "inference_provider_credential_validations_application_id_applic"
Postgres notice: identifier "inference_provider_credential_validations_pending_generation_key" will be truncated to "inference_provider_credential_validations_pending_generation_ke"
Postgres notice: identifier "inference_provider_credential_validations_connection_created_at_idx" will be truncated to "inference_provider_credential_validations_connection_created_at"
Postgres notice: identifier "inference_provider_credential_validations_connection_id_inference_provider_connections_id_fk" will be truncated to "inference_provider_credential_validations_connection_id_inferen"
Postgres notice: identifier "inference_provider_credential_validations_deployment_id_inference_deployments_id_fk" will be truncated to "inference_provider_credential_validations_deployment_id_inferen"
Postgres notice: identifier "inference_provider_credential_validations_connection_identity_fk" will be truncated to "inference_provider_credential_validations_connection_identity_f"
Postgres notice: identifier "mcp_oauth_account_link_intents_connection_id_mcp_oauth_connections_id_fk" will be truncated to "mcp_oauth_account_link_intents_connection_id_mcp_oauth_connecti"
Postgres notice: identifier "mcp_oauth_account_link_intents_requested_by_grant_id_mcp_oauth_grants_id_fk" will be truncated to "mcp_oauth_account_link_intents_requested_by_grant_id_mcp_oauth_"
Postgres notice: identifier "mcp_oauth_account_link_intents_approved_grant_id_mcp_oauth_grants_id_fk" will be truncated to "mcp_oauth_account_link_intents_approved_grant_id_mcp_oauth_gran"
Postgres notice: identifier "mcp_oauth_connection_accounts_connection_id_mcp_oauth_connections_id_fk" will be truncated to "mcp_oauth_connection_accounts_connection_id_mcp_oauth_connectio"
Postgres notice: identifier "delegation_grants_catalog_registration_id_app_capability_catalog_registrations_id_fk" will be truncated to "delegation_grants_catalog_registration_id_app_capability_catalo"
Postgres notice: identifier "inference_deployment_routing_score_events_funding_evidence_check" will be truncated to "inference_deployment_routing_score_events_funding_evidence_chec"
Postgres notice: identifier "inference_deployment_routing_score_events_funding_evidence_check" will be truncated to "inference_deployment_routing_score_events_funding_evidence_chec"
Postgres notice: identifier "inference_deployment_routing_score_events_funding_evidence_check" will be truncated to "inference_deployment_routing_score_events_funding_evidence_chec"
Postgres notice: identifier "external_identity_actors_canonical_acct_external_identities_canonical_acct_fk" will be truncated to "external_identity_actors_canonical_acct_external_identities_can"
Postgres notice: identifier "external_identity_claims_actor_uri_external_identity_actors_actor_uri_fk" will be truncated to "external_identity_claims_actor_uri_external_identity_actors_act"
Postgres notice: identifier "external_identity_meta_proofs_instagram_actor_uri_threads_actor_uri_pk" will be truncated to "external_identity_meta_proofs_instagram_actor_uri_threads_actor"
Postgres notice: identifier "external_identity_meta_proofs_instagram_actor_uri_external_identity_actors_actor_uri_fk" will be truncated to "external_identity_meta_proofs_instagram_actor_uri_external_iden"
Postgres notice: identifier "external_identity_meta_proofs_threads_actor_uri_external_identity_actors_actor_uri_fk" will be truncated to "external_identity_meta_proofs_threads_actor_uri_external_identi"
Postgres notice: identifier "external_identity_instagram_pins_actor_uri_external_identity_actors_actor_uri_fk" will be truncated to "external_identity_instagram_pins_actor_uri_external_identity_ac"
Postgres notice: identifier "application_workload_identities_application_id_applications_id_fk" will be truncated to "application_workload_identities_application_id_applications_id_"
Postgres notice: identifier "application_credentials_workload_identity_id_application_workload_identities_id_fk" will be truncated to "application_credentials_workload_identity_id_application_worklo"
Postgres notice: identifier "inference_deployments_auto_approval_policy_id_inference_catalogue_auto_approval_policies_id_fk" will be truncated to "inference_deployments_auto_approval_policy_id_inference_catalog"
Postgres notice: identifier "linked_account_oauth_challenges_client_application_id_applications_id_fk" will be truncated to "linked_account_oauth_challenges_client_application_id_applicati"
Postgres notice: identifier "linked_account_oauth_challenges_linked_account_id_user_linked_accounts_id_fk" will be truncated to "linked_account_oauth_challenges_linked_account_id_user_linked_a"
Postgres notice: identifier "federated_account_moves_requested_by_application_id_applications_id_fk" will be truncated to "federated_account_moves_requested_by_application_id_application"
Postgres notice: identifier "inference_route_switch_events_routing_profile_id_inference_routing_profiles_id_fk" will be truncated to "inference_route_switch_events_routing_profile_id_inference_rout"
Postgres notice: identifier "inference_metered_usage_application_credential_id_application_credentials_id_fk" will be truncated to "inference_metered_usage_application_credential_id_application_c"
Postgres notice: identifier "inference_metered_usage_routing_policy_version_id_inference_routing_policy_versions_id_fk" will be truncated to "inference_metered_usage_routing_policy_version_id_inference_rou"
Postgres notice: identifier "inference_metered_usage_settled_price_version_id_price_versions_id_fk" will be truncated to "inference_metered_usage_settled_price_version_id_price_versions"
Postgres notice: identifier "service_acting_as_authority_epochs_application_id_applications_id_fk" will be truncated to "service_acting_as_authority_epochs_application_id_applications_"
Postgres notice: identifier "billing_credit_refund_observations_provider_account_ref_event_id_pk" will be truncated to "billing_credit_refund_observations_provider_account_ref_event_i"
Applied 141 migration(s): 0000_groovy_colossus, 0001_worthless_zarda, 0002_messy_karnak, 0003_eminent_luke_cage, 0004_nebulous_warbound, 0005_transparency_immutability, 0006_workable_blonde_phantom, 0007_billing_payment_intent_idempotency, 0008_billing_subscription_all_stripe_statuses, 0009_signed_records_fork_mirror, 0010_icy_madame_hydra, 0011_account_kind_channel, 0012_users_name_display, 0013_users_account_categories, 0014_account_member_permission_overrides, 0015_application_follow_scopes, 0016_follow_graph, 0018_follow_namespaces, 0019_follow_enum_checks, 0020_follow_events_claim, 0021_signed_records_author_feed_index, 0022_signed_records_accept_app_record, 0023_timestamp_millisecond_defaults, 0024_applications_chain_namespaces, 0025_chains_write_scope, 0026_chains_read_scope, 0027_app_store_listings_and_reviews, 0028_device_principals_and_contexts, 0029_session_token_binding, 0030_browser_hub_handle, 0031_inference_scope_family, 0032_machine_credentials, 0033_inference_ledger_and_usage_telemetry, 0034_inference_ledger_immutability, 0035_inference_catalogue, 0036_inference_revision_immutability, 0037_inbox_delivery_and_search, 0038_inbox_snapshot_sync_v2, 0039_inference_routing_policies, 0040_inference_routing_immutability, 0041_inference_provider_connections, 0042_inference_provider_connection_immutability, 0043_application_credential_audit_immutability, 0044_account_billing_and_reconciliation, 0045_account_billing_immutability, 0046_billing_ledger_actor, 0047_retire_developer_api_keys, 0048_staff_capabilities_and_spend_anomalies, 0049_inference_provider_connection_actor, 0050_inference_model_provenance_marking, 0051_retire_account_credentials, 0052_inference_token_anomalies, 0053_inference_model_release_ingestion, 0054_provider_secret_ref_grammar, 0055_service_acting_as_scopes, 0056_service_acting_as_revocations, 0057_service_account_switch_scope, 0058_revoke_person_sessions_on_bots_and_channels, 0059_delegated_capability_architecture, 0060_natural_raider, 0061_goofy_tyrannus, 0062_fantastic_living_tribunal, 0063_mcp_oauth_authority, 0064_burly_revanche, 0065_mixed_infant_terrible, 0066_bright_nekra, 0067_awesome_rawhide_kid, 0069_dazzling_switch, 0070_sanitize_legacy_application_icon_urls, 0071_spicy_kabuki, 0072_powerful_zaran, 0073_young_lake, 0068_natural_slapstick, 0074_minor_silk_fever, 0075_register_clarity_surf_origin, 0076_loud_strong_guy, 0077_narrow_homiio_reputation_scope, 0078_agency_authority_and_event_outbox, 0079_faulty_tigra, 0080_real_thor, 0081_inference_funding_classes, 0082_inference_funding_evidence, 0083_external_identity_registry, 0084_external_identity_claim_pins, 0085_external_identity_meta_proofs, 0086_external_identity_instagram_pins, 0087_lethal_boom_boom, 0088_rainy_vertigo, 0089_panoramic_lord_tyger, 0090_awesome_marvel_apes, 0091_identity_web_envelopes, 0092_identity_moves, 0093_identity_root_authority, 0094_identity_recovery_attempts, 0095_identity_move_commitment, 0096_identity_single_scheme, 0097_drop_device_pairing_sessions, 0098_drop_identity_move_protocol_version, 0099_application_workload_identities, 0100_people_search_trigram_index, 0101_email_suppressions, 0102_workload_identity_scopes, 0103_workload_attribution_identities, 0104_kaana_catalogue_sync, 0105_linked_accounts, 0106_account_events, 0107_retire_oxy_identity_app, 0108_drop_browser_hub_handle, 0109_instance_fetch_scope, 0110_email_verifications, 0111_identity_link_requests, 0112_drop_web_identity_carrier, 0113_device_credentials, 0114_drop_device_session_secret, 0115_device_join_codes, 0116_email_password_signin, 0117_storage_object_deletions, 0118_drop_passkeys, 0119_reputation_rules_in_code, 0120_file_storage_deletions, 0121_email_relay_message_id, 0122_federated_avatar_retry, 0123_stickers, 0124_files_per_owner_live_key, 0125_audio_token_units, 0126_inference_model_capability_declarations, 0127_session_milliseconds_unit, 0128_inference_deployment_accepted_parameters, 0129_power_routing_profiles, 0130_decisions_api_format, 0131_scoped_execution_audience, 0132_billing_stripe_event_ledger, 0133_inference_metered_usage, 0134_inference_auto_lineage, 0135_i07_product_access, 0136_i07_provider_evidence, 0137_public_albert_cleary, 0138_eminent_hulk, 0139_condemned_cloak, 0140_billing_sandbox_namespace, 0141_i05_foreground_requester
