$ bun run src/db/migrate.ts --phase=all
{
  severity_local: "NOTICE",
  severity: "NOTICE",
  code: "42710",
  message: "extension \"postgis\" already exists, skipping",
  file: "extension.c",
  line: "2011",
  routine: "CreateExtension",
}
{
  severity_local: "NOTICE",
  severity: "NOTICE",
  code: "42710",
  message: "extension \"pg_trgm\" already exists, skipping",
  file: "extension.c",
  line: "2011",
  routine: "CreateExtension",
}
{"level":30,"time":1791026652778,"pid":3787618,"hostname":"SuperPC","msg":"Applying 1 migration(s): 0142_melodic_sister_grimm"}
{"level":30,"time":1791026652795,"pid":3787618,"hostname":"SuperPC","msg":"Applied 1 migration(s): 0142_melodic_sister_grimm"}
