The files belonging to this database system will be owned by user "nate".
This user must also own the server process.

The database cluster will be initialized with locale "C".
The default text search configuration will be set to "english".

Data page checksums are disabled.

creating directory /home/nate/Oxy/.agent-evidence/integration-i05-foreground-20261003/pg1519-nb3_mrts/data ... ok
creating subdirectories ... ok
selecting dynamic shared memory implementation ... posix
selecting default "max_connections" ... 100
selecting default "shared_buffers" ... 128MB
selecting default time zone ... Europe/Bucharest
creating configuration files ... ok
running bootstrap script ... ok
performing post-bootstrap initialization ... ok
syncing data to disk ... ok

Success. You can now start the database server using:

    /usr/lib/postgresql/17/bin/pg_ctl -D /home/nate/Oxy/.agent-evidence/integration-i05-foreground-20261003/pg1519-nb3_mrts/data -l logfile start


waiting for server to start.... done
server started

{"command": ["bun", "--no-env-file", "/home/nate/Oxy/.agent-evidence/integration-i05-foreground-20261003/pg1519-nb3_mrts/prefix-migrate.ts"], "exitCode": 0, "log": "/home/nate/Oxy/.agent-evidence/integration-i05-foreground-20261003/pg1519-nb3_mrts/upgrade-baseline-0141.txt"}
waiting for server to shut down....... done
server stopped

Traceback (most recent call last):
  File "/home/nate/Oxy/oxy/.worktrees/1519-i05-foreground-capability-20261003/scripts/rehearsal/test-i05-foreground-migration.py", line 135, in <module>
    main()
    ~~~~^^
  File "/home/nate/Oxy/oxy/.worktrees/1519-i05-foreground-capability-20261003/scripts/rehearsal/test-i05-foreground-migration.py", line 101, in main
    sql("INSERT INTO users (id) VALUES ('upgrade-owner');", db)
    ~~~^^^^^^^^^^^^^^^^^^^^^^^^^^^^^^^^^^^^^^^^^^^^^^^^^^^^^^^^
  File "/home/nate/Oxy/oxy/.worktrees/1519-i05-foreground-capability-20261003/scripts/rehearsal/test-i05-foreground-migration.py", line 63, in sql
    return run([PG / 'psql', '-X', '-h', '127.0.0.1', '-p', PORT,
           ~~~^^^^^^^^^^^^^^^^^^^^^^^^^^^^^^^^^^^^^^^^^^^^^^^^^^^
                '-U', 'oxy', '-d', db, '-v', 'ON_ERROR_STOP=1', '-Atc', query]).strip()
                ^^^^^^^^^^^^^^^^^^^^^^^^^^^^^^^^^^^^^^^^^^^^^^^^^^^^^^^^^^^^^^^
  File "/home/nate/Oxy/oxy/.worktrees/1519-i05-foreground-capability-20261003/scripts/rehearsal/test-i05-foreground-migration.py", line 29, in run
    return subprocess.check_output([str(x) for x in args], env=clean_env(),
           ~~~~~~~~~~~~~~~~~~~~~~~^^^^^^^^^^^^^^^^^^^^^^^^^^^^^^^^^^^^^^^^^
                                   text=True, stderr=subprocess.STDOUT, **kwargs)
                                   ^^^^^^^^^^^^^^^^^^^^^^^^^^^^^^^^^^^^^^^^^^^^^^
  File "/usr/lib/python3.13/subprocess.py", line 472, in check_output
    return run(*popenargs, stdout=PIPE, timeout=timeout, check=True,
           ~~~^^^^^^^^^^^^^^^^^^^^^^^^^^^^^^^^^^^^^^^^^^^^^^^^^^^^^^
               **kwargs).stdout
               ^^^^^^^^^
  File "/usr/lib/python3.13/subprocess.py", line 577, in run
    raise CalledProcessError(retcode, process.args,
                             output=stdout, stderr=stderr)
subprocess.CalledProcessError: Command '['/usr/lib/postgresql/17/bin/psql', '-X', '-h', '127.0.0.1', '-p', '5600', '-U', 'oxy', '-d', 'oxy_rehearsal_1519_0337bc61f8e0227d', '-v', 'ON_ERROR_STOP=1', '-Atc', "INSERT INTO users (id) VALUES ('upgrade-owner');"]' returned non-zero exit status 1.
