✔ RSA pair has the default 2048-bit modulus and matching public exponent (0.629964ms)
✔ key-pair PEM round trip preserves both moduli (0.276516ms)
✔ public-key PEM round trip preserves exponent and modulus (0.157263ms)
✔ private-key PEM round trip preserves private exponent (0.155952ms)
✔ certificate PEM round trip verifies its self-signature (0.77554ms)
✔ valid certificate and corresponding pair satisfy Expo validation (0.699931ms)
✔ Expo manifest signature verifies with independent Node/OpenSSL SHA256 (0.699408ms)
✔ altered manifest bytes fail independent Node/OpenSSL verification (0.211111ms)
✔ private key from another pair is rejected by Expo signing verification (20.344315ms)
✔ reversed certificate validity interval is rejected (0.65738ms)
✔ expired certificate is rejected by Expo validation (20.545934ms)
✔ CSR PEM round trip verifies its signature and requested identity (1.045769ms)
✔ development certificate verifies its issuer and contains requested project scope (21.324227ms)
✔ tampered CSR signature is rejected before development certificate issuance (1.014634ms)
ℹ tests 14
ℹ suites 0
ℹ pass 14
ℹ fail 0
ℹ cancelled 0
ℹ skipped 0
ℹ todo 0
ℹ duration_ms 72.907171
