node:internal/modules/run_main:107
    triggerUncaughtException(
    ^

AssertionError [ERR_ASSERTION]: merged run with empty mutable Actions PR list and exact authenticated source association
+ actual - expected

+ [
+   'Workflow run identity differs from the pinned run of the trusted workflow'
+ ]
- []

    at accept (file:///home/nate/Oxy/oxy/.worktrees/1519-forge-merged-provenance-20261003/scripts/test-forge-remediation-proof-proposal.mjs:84:10)
    at file:///home/nate/Oxy/oxy/.worktrees/1519-forge-merged-provenance-20261003/scripts/test-forge-remediation-proof-proposal.mjs:131:1
    at ModuleJob.run (node:internal/modules/esm/module_job:561:25)
    at async node:internal/modules/esm/loader:647:26
    at async asyncRunEntryPointWithESMLoader (node:internal/modules/run_main:101:5) {
  generatedMessage: false,
  code: 'ERR_ASSERTION',
  actual: [
    'Workflow run identity differs from the pinned run of the trusted workflow'
  ],
  expected: [],
  operator: 'deepStrictEqual',
  diff: 'simple'
}

Node.js v24.21.0
