$ jest --passWithNoTests --runInBand --runTestsByPath src/ui/oauth/__tests__/oauthBearerCommit.http.test.ts
FAIL src/ui/oauth/__tests__/oauthBearerCommit.http.test.ts
  ● OAuth bearer commit with real HTTP transport › rejects a different returned subject without replacing the previous bearer

    expect(received).toBe(expected) // Object.is equality

    Expected: "01a0646a-078f-7000-8000-000000000001"
    Received: "01a0646a-078f-7000-8000-000000000002"

      100 |     expect(visibleSubject).toBe(PERSON);
      101 |     oxy.cache.clear();
    > 102 |     expect((await oxy.users.me()).id).toBe(PERSON);
          |                                       ^
      103 |     expect(profileSubjects).toEqual([PERSON]);
      104 |     expect(oxy.session.accessToken).toBe(previous);
      105 |   });

      at Object.<anonymous> (src/ui/oauth/__tests__/oauthBearerCommit.http.test.ts:102:39)

  ● OAuth bearer commit with real HTTP transport › commits a matching subject and its new bearer after validation

    expect(received).toEqual(expected) // deep equality

    - Expected  - 0
    + Received  + 1

      Array [
        "eyJhbGciOiJub25lIn0.eyJ1c2VySWQiOiIwMWEwNjQ2YS0wNzhmLTcwMDAtODAwMC0wMDAwMDAwMDAwMDEiLCJleHAiOjE3OTEwMjIxMjZ9.fixture",
    +   "eyJhbGciOiJub25lIn0.eyJ1c2VySWQiOiIwMWEwNjQ2YS0wNzhmLTcwMDAtODAwMC0wMDAwMDAwMDAwMDEiLCJleHAiOjE3OTEwMjIxMjZ9.fixture",
      ]

      112 |     unsubscribe();
      113 |     expect(exchanges).toBe(1);
    > 114 |     expect(changes).toEqual([token(PERSON)]);
          |                     ^
      115 |     expect((await oxy.users.me()).id).toBe(PERSON);
      116 |   });
      117 |

      at Object.<anonymous> (src/ui/oauth/__tests__/oauthBearerCommit.http.test.ts:114:21)

Test Suites: 1 failed, 1 total
Tests:       2 failed, 2 passed, 4 total
Snapshots:   0 total
Time:        0.407 s, estimated 2 s
Ran all test suites within paths "src/ui/oauth/__tests__/oauthBearerCommit.http.test.ts".
error: script "test" exited with code 1
