$ jest --passWithNoTests --runInBand --runTestsByPath src/ui/oauth/__tests__/oauthBearerCommit.http.test.ts src/ui/oauth/__tests__/completeOAuthCode.test.ts src/ui/oauth/__tests__/explicitOAuthConsent.test.ts
FAIL src/ui/oauth/__tests__/oauthBearerCommit.http.test.ts
  ● OAuth bearer commit with real HTTP transport › rejects a different returned subject without replacing the previous bearer

    expect(received).toBe(expected) // Object.is equality

    Expected: "01a0646a-078f-7000-8000-000000000001"
    Received: "01a0646a-078f-7000-8000-000000000002"

      100 |     expect(visibleSubject).toBe(PERSON);
      101 |     oxy.cache.clear();
    > 102 |     expect((await oxy.users.me()).id).toBe(PERSON);
          |                                       ^
      103 |     expect(profileSubjects).toEqual([PERSON]);
      104 |     expect(oxy.session.accessToken).toBe(previous);
      105 |   });

      at Object.<anonymous> (src/ui/oauth/__tests__/oauthBearerCommit.http.test.ts:102:39)

  ● OAuth bearer commit with real HTTP transport › commits a matching subject and its new bearer after validation

    expect(received).toEqual(expected) // deep equality

    - Expected  - 0
    + Received  + 1

      Array [
        "eyJhbGciOiJub25lIn0.eyJ1c2VySWQiOiIwMWEwNjQ2YS0wNzhmLTcwMDAtODAwMC0wMDAwMDAwMDAwMDEiLCJleHAiOjE3OTEwMjIxODV9.fixture",
    +   "eyJhbGciOiJub25lIn0.eyJ1c2VySWQiOiIwMWEwNjQ2YS0wNzhmLTcwMDAtODAwMC0wMDAwMDAwMDAwMDEiLCJleHAiOjE3OTEwMjIxODV9.fixture",
      ]

      112 |     unsubscribe();
      113 |     expect(exchanges).toBe(1);
    > 114 |     expect(changes).toEqual([token(PERSON)]);
          |                     ^
      115 |     expect((await oxy.users.me()).id).toBe(PERSON);
      116 |   });
      117 |

      at Object.<anonymous> (src/ui/oauth/__tests__/oauthBearerCommit.http.test.ts:114:21)

FAIL src/ui/oauth/__tests__/completeOAuthCode.test.ts
  ● completeOAuthCode › exchanges the code and commits the session it returns

    expect(jest.fn()).toHaveBeenCalledWith(...expected)

    - Expected
    + Received

      {"clientId": "oxy_dk_test", "code": "code-1", "codeVerifier": "verifier-xyz", "redirectUri": "https://mention.earth"},
    - {"plantTokens": false},

    Number of calls: 1

      37 |
      38 |     expect(result).toEqual({ ok: true });
    > 39 |     expect(exchange).toHaveBeenCalledWith({
         |                      ^
      40 |       code: 'code-1',
      41 |       clientId: 'oxy_dk_test',
      42 |       redirectUri: REDIRECT_URI,

      at Object.<anonymous> (src/ui/oauth/__tests__/completeOAuthCode.test.ts:39:22)

Test Suites: 2 failed, 1 passed, 3 total
Tests:       3 failed, 22 passed, 25 total
Snapshots:   0 total
Time:        0.938 s, estimated 1 s
Ran all test suites within paths "src/ui/oauth/__tests__/oauthBearerCommit.http.test.ts", "src/ui/oauth/__tests__/completeOAuthCode.test.ts", "src/ui/oauth/__tests__/explicitOAuthConsent.test.ts".
error: script "test" exited with code 1
