$ jest --runInBand --testSequencer "/tmp/oxy1519-i09-9hoqiew1/ordered-sequencer.cjs" --runTestsByPath src/services/__tests__/workloadIdentity.db.test.ts src/routes/__tests__/oauthConsentGrants.test.ts
{"level":30,"time":1790997537251,"pid":3449646,"hostname":"SuperPC","maxPoolSize":8,"msg":"Connected to PostgreSQL successfully"}
{"level":40,"time":1790997537277,"pid":3449646,"hostname":"SuperPC","kid":"dev-ephemeral-47b7b465b4f8","msg":"[ServiceToken] no signing key configured; minting with a per-process ephemeral Ed25519 key"}
{"level":30,"time":1790997537280,"pid":3449646,"hostname":"SuperPC","applicationId":"01a0ffc5-a1ed-781a-9c02-bc234d5a8bd0","appName":"Workload test 377651d1-1a83-400f-8948-32d79e25374a","provider":"aws-iam","attestationId":"wl_0470eff1d6391af00c142002","attribution":"created","scopes":["user:read"],"msg":"[WorkloadIdentity] service token issued"}
{"level":30,"time":1790997537302,"pid":3449646,"hostname":"SuperPC","applicationId":"01a0ffc5-a208-7330-8118-33d73424f080","appName":"Workload test 27b1b6f1-578c-40d0-9f89-b355f9cc193e","provider":"aws-iam","attestationId":"wl_e88d3ec7e02f2b830931b626","attribution":"created","scopes":["user:read"],"msg":"[WorkloadIdentity] service token issued"}
{"level":30,"time":1790997537327,"pid":3449646,"hostname":"SuperPC","applicationId":"01a0ffc5-a21c-7a8f-a1ab-4be91b3ba527","appName":"Workload test 456ea457-ca33-4d19-aae8-34088131f871","provider":"aws-iam","attestationId":"wl_c87fca81aa3f1d5899f18d9b","attribution":"created","scopes":["user:read"],"msg":"[WorkloadIdentity] service token issued"}
{"level":50,"time":1790997537333,"pid":3449646,"hostname":"SuperPC","provider":"aws-iam","attestationId":"wl_c87fca81aa3f1d5899f18d9b","applicationId":"01a0ffc5-a222-7c45-a018-5359d5025410","msg":"[WorkloadIdentity] attested identity is attributed to another application"}
{"level":30,"time":1790997537344,"pid":3449646,"hostname":"SuperPC","applicationId":"01a0ffc5-a239-7fa9-95a0-50edcc8c7419","appName":"Workload test 3a381166-323a-4441-97d8-95b30bab5f47","provider":"aws-iam","attestationId":"wl_fec3193b4d124f663b6be430","attribution":"created","scopes":["user:read"],"msg":"[WorkloadIdentity] service token issued"}
{"level":40,"time":1790997537344,"pid":3449646,"hostname":"SuperPC","provider":"aws-iam","reason":"unknown_challenge","nonceLength":43,"msg":"[WorkloadIdentity] attestation refused"}
{"level":40,"time":1790997537345,"pid":3449646,"hostname":"SuperPC","provider":"aws-iam","reason":"unknown_challenge","nonceLength":35,"msg":"[WorkloadIdentity] attestation refused"}
{"level":40,"time":1790997537346,"pid":3449646,"hostname":"SuperPC","provider":"aws-iam","reason":"unknown_challenge","nonceLength":33,"msg":"[WorkloadIdentity] attestation refused"}
{"level":40,"time":1790997537348,"pid":3449646,"hostname":"SuperPC","provider":"aws-iam","msg":"[WorkloadIdentity] attested workload has no binding"}
{"level":40,"time":1790997537377,"pid":3449646,"hostname":"SuperPC","provider":"aws-iam","msg":"[WorkloadIdentity] attested workload has no binding"}
{"level":30,"time":1790997537394,"pid":3449646,"hostname":"SuperPC","applicationId":"01a0ffc5-a267-73db-a177-eadc1cb01be1","appName":"Workload test 2d73dfbf-f6ae-4989-8797-1586ccd81f1e","provider":"aws-iam","attestationId":"wl_9bdcee8f19934b2e3c30ecf7","attribution":"created","scopes":["user:read"],"msg":"[WorkloadIdentity] service token issued"}
{"level":30,"time":1790997537409,"pid":3449646,"hostname":"SuperPC","applicationId":"01a0ffc5-a277-76f9-937e-e7141d05e799","appName":"Workload test 9d96ea2e-3df1-4daa-bd45-55ce3fcd33a0","provider":"aws-iam","attestationId":"wl_8073fef9f26222ed028fd531","attribution":"created","scopes":["user:read"],"msg":"[WorkloadIdentity] service token issued"}
{"level":30,"time":1790997537423,"pid":3449646,"hostname":"SuperPC","applicationId":"01a0ffc5-a285-7929-b672-d8be4e478e4a","appName":"Workload test b123347e-690d-4654-a364-aaa8a035c7d1","provider":"aws-iam","attestationId":"wl_3271620a914cd4e451d12b08","attribution":"created","scopes":["federation:write","signals:write","catalogs:write"],"msg":"[WorkloadIdentity] service token issued"}
{"level":30,"time":1790997537437,"pid":3449646,"hostname":"SuperPC","applicationId":"01a0ffc5-a292-7cd0-892a-b153a1d8b79d","appName":"Workload test 97ad1afc-e68b-40c5-a742-61d82207f5fb","provider":"aws-iam","attestationId":"wl_190177fdc459784f76a2af04","attribution":"created","scopes":["user:read"],"msg":"[WorkloadIdentity] service token issued"}
{"level":30,"time":1790997537451,"pid":3449646,"hostname":"SuperPC","applicationId":"01a0ffc5-a2a1-7de8-a601-6687b9086bde","appName":"Workload test 46774bb9-766d-4d9f-83c4-f1e48e9503e2","provider":"aws-iam","attestationId":"wl_f890266374b69bb63ee553d0","attribution":"created","scopes":["user:read","signals:write"],"msg":"[WorkloadIdentity] service token issued"}
{"level":30,"time":1790997537459,"pid":3449646,"hostname":"SuperPC","applicationId":"01a0ffc5-a2a1-7de8-a601-6687b9086bde","appName":"Workload test 46774bb9-766d-4d9f-83c4-f1e48e9503e2","provider":"aws-iam","attestationId":"wl_f890266374b69bb63ee553d0","attribution":"unchanged","scopes":["user:read"],"msg":"[WorkloadIdentity] service token issued"}

Test Suites: 2 passed, 2 total
Tests:       47 passed, 47 total
Snapshots:   0 total
Time:        2.058 s
Ran all test suites within paths "src/services/__tests__/workloadIdentity.db.test.ts", "src/routes/__tests__/oauthConsentGrants.test.ts".
