bun install v1.4.2 (744846f84)

+ browserify@16.5.2
+ commander@2.20.3
+ cross-env@5.2.1
+ eslint@7.32.0
+ eslint-config-digitalbazaar@2.9.0
+ express@4.22.3
+ karma@4.4.1
+ karma-browserify@7.0.0
+ karma-chrome-launcher@3.2.0
+ karma-edge-launcher@0.4.2
+ karma-firefox-launcher@1.3.0
+ karma-ie-launcher@1.0.0
+ karma-mocha@1.3.0
+ karma-mocha-reporter@2.2.5
+ karma-safari-launcher@1.0.0
+ karma-sauce-launcher@2.0.2
+ karma-sourcemap-loader@0.3.8
+ karma-tap-reporter@0.0.6
+ karma-webpack@4.0.2
+ mocha@5.2.0
+ mocha-lcov-reporter@1.3.0
+ nodejs-websocket@1.7.2
+ nyc@15.1.0
+ opts@1.2.7
+ webpack@4.47.0
+ webpack-cli@3.3.12
+ worker-loader@2.0.0

787 packages installed [248.00ms]
