✔ RSA pair has the default 2048-bit modulus and matching public exponent (0.758352ms)
✔ key-pair PEM round trip preserves both moduli (0.261784ms)
✔ public-key PEM round trip preserves exponent and modulus (0.196178ms)
✔ private-key PEM round trip preserves private exponent (0.143091ms)
✔ certificate PEM round trip verifies its self-signature (0.833369ms)
✔ valid certificate and corresponding pair satisfy Expo validation (0.842033ms)
✔ Expo manifest signature verifies with independent Node/OpenSSL SHA256 (0.641718ms)
✔ altered manifest bytes fail independent Node/OpenSSL verification (0.213516ms)
✔ private key from another pair is rejected by Expo signing verification (22.01301ms)
✔ reversed certificate validity interval is rejected (0.77367ms)
✔ expired certificate is rejected by Expo validation (22.176146ms)
✔ CSR PEM round trip verifies its signature and requested identity (1.252353ms)
✔ development certificate verifies its issuer and contains requested project scope (22.871954ms)
✔ tampered CSR signature is rejected before development certificate issuance (0.997142ms)
ℹ tests 14
ℹ suites 0
ℹ pass 14
ℹ fail 0
ℹ cancelled 0
ℹ skipped 0
ℹ todo 0
ℹ duration_ms 79.367561
