$ bun run build:cjs && bun run build:esm && bun run build:types
$ tsc -p tsconfig.cjs.json
$ tsc -p tsconfig.esm.json && node scripts/fix-esm-imports.mjs
ESM imports fixed
$ tsc -p tsconfig.types.json
bun pack v1.4.2 (744846f84)

packed 2.38KB package.json
packed 31.49KB LICENSE
packed 0.95KB NOTICE
packed 99.46KB dist/cjs/.tsbuildinfo
packed 3.92KB dist/cjs/accountEmail.js
packed 24.11KB dist/cjs/accountGraph.js
packed 9.29KB dist/cjs/accountSubject.js
packed 24.74KB dist/cjs/agency.js
packed 4.48KB dist/cjs/agentKeys.js
packed 2.67KB dist/cjs/capabilityBindings.js
packed 7.95KB dist/cjs/capabilityInvocation.js
packed 7.44KB dist/cjs/civic.js
packed 3.0KB dist/cjs/commonsSignIn.js
packed 2.17KB dist/cjs/deviceBoot.js
packed 9.62KB dist/cjs/deviceDirectory.js
packed 11.43KB dist/cjs/deviceSession.js
packed 12.0KB dist/cjs/email/messages.js
packed 1.42KB dist/cjs/emailAgentContext.js
packed 3.58KB dist/cjs/externalIdentity.js
packed 1.84KB dist/cjs/federationInstanceFetch.js
packed 1.40KB dist/cjs/followGraph.js
packed 12.36KB dist/cjs/identity.js
packed 4.69KB dist/cjs/identityLink.js
packed 6.73KB dist/cjs/identityProof.js
packed 1.13KB dist/cjs/inboxPush.js
packed 137.29KB dist/cjs/index.js
packed 17.0KB dist/cjs/inference/accountBilling.js
packed 13.17KB dist/cjs/inference/aliaModelRelease.js
packed 5.18KB dist/cjs/inference/attribution.js
packed 32.64KB dist/cjs/inference/catalogue.js
packed 12.21KB dist/cjs/inference/decisions.js
packed 7.35KB dist/cjs/inference/economics.js
packed 2.0KB dist/cjs/inference/embeddings.js
packed 10.1KB dist/cjs/inference/entitlement.js
packed 15.46KB dist/cjs/inference/errors.js
packed 12.15KB dist/cjs/inference/identifiers.js
packed 5.21KB dist/cjs/inference/inbox.js
packed 22.88KB dist/cjs/inference/modelDocumentation.js
packed 11.38KB dist/cjs/inference/money.js
packed 5.1KB dist/cjs/inference/priceVersion.js
packed 21.13KB dist/cjs/inference/providerConnection.js
packed 39.91KB dist/cjs/inference/realtime.js
packed 29.79KB dist/cjs/inference/request.js
packed 17.35KB dist/cjs/inference/routingPolicy.js
packed 3.76KB dist/cjs/inference/scopedExecution.js
packed 13.63KB dist/cjs/inference/streamEvents.js
packed 15.91KB dist/cjs/inference/usage.js
packed 6.23KB dist/cjs/inference/version.js
packed 4.72KB dist/cjs/keyRecovery.js
packed 3.50KB dist/cjs/keyRotation.js
packed 6.12KB dist/cjs/linkedAccounts.js
packed 15.41KB dist/cjs/moderationReputation.js
packed 5.16KB dist/cjs/notifications.js
packed 5.57KB dist/cjs/oauth.js
packed 3.52KB dist/cjs/oxyRecordTypes.js
packed 4.59KB dist/cjs/products/access.js
packed 2.81KB dist/cjs/products/billing.js
packed 2.75KB dist/cjs/protocol.js
packed 8.18KB dist/cjs/recommendations.js
packed 11.62KB dist/cjs/reputation.js
packed 6.19KB dist/cjs/sessionStatus.js
packed 14.78KB dist/cjs/signIn.js
packed 8.0KB dist/cjs/stickers.js
packed 4.55KB dist/cjs/transparency.js
packed 13.0KB dist/cjs/updates.js
packed 4.93KB dist/cjs/userInvalidation.js
packed 15.62KB dist/cjs/userResponse.js
packed 19.12KB dist/cjs/username.js
packed 99.85KB dist/esm/.tsbuildinfo
packed 3.34KB dist/esm/accountEmail.js
packed 23.17KB dist/esm/accountGraph.js
packed 8.59KB dist/esm/accountSubject.js
packed 22.55KB dist/esm/agency.js
packed 3.52KB dist/esm/agentKeys.js
packed 2.44KB dist/esm/capabilityBindings.js
packed 7.50KB dist/esm/capabilityInvocation.js
packed 6.1KB dist/esm/civic.js
packed 2.83KB dist/esm/commonsSignIn.js
packed 1.95KB dist/esm/deviceBoot.js
packed 9.0KB dist/esm/deviceDirectory.js
packed 10.34KB dist/esm/deviceSession.js
packed 10.22KB dist/esm/email/messages.js
packed 1.0KB dist/esm/emailAgentContext.js
packed 2.97KB dist/esm/externalIdentity.js
packed 1.58KB dist/esm/federationInstanceFetch.js
packed 1.33KB dist/esm/followGraph.js
packed 10.78KB dist/esm/identity.js
packed 4.12KB dist/esm/identityLink.js
packed 6.1KB dist/esm/identityProof.js
packed 0.92KB dist/esm/inboxPush.js
packed 25.30KB dist/esm/index.js
packed 15.45KB dist/esm/inference/accountBilling.js
packed 12.83KB dist/esm/inference/aliaModelRelease.js
packed 4.94KB dist/esm/inference/attribution.js
packed 30.42KB dist/esm/inference/catalogue.js
packed 11.52KB dist/esm/inference/decisions.js
packed 6.86KB dist/esm/inference/economics.js
packed 1.66KB dist/esm/inference/embeddings.js
packed 9.37KB dist/esm/inference/entitlement.js
packed 15.0KB dist/esm/inference/errors.js
packed 11.29KB dist/esm/inference/identifiers.js
packed 4.41KB dist/esm/inference/inbox.js
packed 22.14KB dist/esm/inference/modelDocumentation.js
packed 10.96KB dist/esm/inference/money.js
packed 4.81KB dist/esm/inference/priceVersion.js
packed 19.1KB dist/esm/inference/providerConnection.js
packed 35.72KB dist/esm/inference/realtime.js
packed 28.39KB dist/esm/inference/request.js
packed 16.61KB dist/esm/inference/routingPolicy.js
packed 3.45KB dist/esm/inference/scopedExecution.js
packed 12.46KB dist/esm/inference/streamEvents.js
packed 15.1KB dist/esm/inference/usage.js
packed 6.11KB dist/esm/inference/version.js
packed 4.41KB dist/esm/keyRecovery.js
packed 3.22KB dist/esm/keyRotation.js
packed 5.28KB dist/esm/linkedAccounts.js
packed 12.92KB dist/esm/moderationReputation.js
packed 4.58KB dist/esm/notifications.js
packed 5.00KB dist/esm/oauth.js
packed 3.39KB dist/esm/oxyRecordTypes.js
packed 3.87KB dist/esm/products/access.js
packed 2.28KB dist/esm/products/billing.js
packed 2.57KB dist/esm/protocol.js
packed 7.20KB dist/esm/recommendations.js
packed 10.15KB dist/esm/reputation.js
packed 5.86KB dist/esm/sessionStatus.js
packed 12.86KB dist/esm/signIn.js
packed 6.82KB dist/esm/stickers.js
packed 4.11KB dist/esm/transparency.js
packed 11.43KB dist/esm/updates.js
packed 4.60KB dist/esm/userInvalidation.js
packed 14.72KB dist/esm/userResponse.js
packed 18.33KB dist/esm/username.js
packed 105.61KB dist/types/.tsbuildinfo
packed 4.12KB dist/types/accountEmail.d.ts
packed 26.68KB dist/types/accountGraph.d.ts
packed 9.71KB dist/types/accountSubject.d.ts
packed 92.84KB dist/types/agency.d.ts
packed 16.50KB dist/types/agentKeys.d.ts
packed 484B dist/types/capabilityBindings.d.ts
packed 4.33KB dist/types/capabilityInvocation.d.ts
packed 15.1KB dist/types/civic.d.ts
packed 3.00KB dist/types/commonsSignIn.d.ts
packed 3.19KB dist/types/deviceBoot.d.ts
packed 52.60KB dist/types/deviceDirectory.d.ts
packed 18.55KB dist/types/deviceSession.d.ts
packed 65.0KB dist/types/email/messages.d.ts
packed 6.57KB dist/types/emailAgentContext.d.ts
packed 30.0KB dist/types/externalIdentity.d.ts
packed 2.16KB dist/types/federationInstanceFetch.d.ts
packed 6.27KB dist/types/followGraph.d.ts
packed 17.74KB dist/types/identity.d.ts
packed 5.31KB dist/types/identityLink.d.ts
packed 5.80KB dist/types/identityProof.d.ts
packed 1.21KB dist/types/inboxPush.d.ts
packed 34.54KB dist/types/index.d.ts
packed 30.77KB dist/types/inference/accountBilling.d.ts
packed 23.86KB dist/types/inference/aliaModelRelease.d.ts
packed 9.14KB dist/types/inference/attribution.d.ts
packed 94.29KB dist/types/inference/catalogue.d.ts
packed 77.47KB dist/types/inference/decisions.d.ts
packed 15.88KB dist/types/inference/economics.d.ts
packed 23.95KB dist/types/inference/embeddings.d.ts
packed 19.54KB dist/types/inference/entitlement.d.ts
packed 16.81KB dist/types/inference/errors.d.ts
packed 9.42KB dist/types/inference/identifiers.d.ts
packed 17.72KB dist/types/inference/inbox.d.ts
packed 78.35KB dist/types/inference/modelDocumentation.d.ts
packed 13.30KB dist/types/inference/money.d.ts
packed 9.73KB dist/types/inference/priceVersion.d.ts
packed 35.70KB dist/types/inference/providerConnection.d.ts
packed 0.30MB dist/types/inference/realtime.d.ts
packed 190.13KB dist/types/inference/request.d.ts
packed 26.22KB dist/types/inference/routingPolicy.d.ts
packed 6.55KB dist/types/inference/scopedExecution.d.ts
packed 51.41KB dist/types/inference/streamEvents.d.ts
packed 57.63KB dist/types/inference/usage.d.ts
packed 6.12KB dist/types/inference/version.d.ts
packed 5.75KB dist/types/keyRecovery.d.ts
packed 4.13KB dist/types/keyRotation.d.ts
packed 13.47KB dist/types/linkedAccounts.d.ts
packed 24.26KB dist/types/moderationReputation.d.ts
packed 5.53KB dist/types/notifications.d.ts
packed 37.30KB dist/types/oauth.d.ts
packed 3.50KB dist/types/oxyRecordTypes.d.ts
packed 14.28KB dist/types/products/access.d.ts
packed 16.47KB dist/types/products/billing.d.ts
packed 4.1KB dist/types/protocol.d.ts
packed 21.94KB dist/types/recommendations.d.ts
packed 17.97KB dist/types/reputation.d.ts
packed 10.38KB dist/types/sessionStatus.d.ts
packed 25.81KB dist/types/signIn.d.ts
packed 28.96KB dist/types/stickers.d.ts
packed 12.38KB dist/types/transparency.d.ts
packed 20.20KB dist/types/updates.d.ts
packed 5.0KB dist/types/userInvalidation.d.ts
packed 139.67KB dist/types/userResponse.d.ts
packed 16.1KB dist/types/username.d.ts

/home/nate/Oxy/.agent-evidence/coverage-forge-permanent-20261004/shipping-packs-final/oxy.so-contracts-4.9.0.tgz

Total files: 198
Shasum: 6de9a30e0a8937838b73860af3e772304f1308f2
Integrity: sha512-C99tji4roXjvK[...]vNIhPtBvXVDJQ==
Unpacked size: 3.68MB
Packed size: 0.69MB
