✔ RSA pair has the default 2048-bit modulus and matching public exponent (0.755647ms)
✔ key-pair PEM round trip preserves both moduli (0.492052ms)
✔ public-key PEM round trip preserves exponent and modulus (0.116143ms)
✔ private-key PEM round trip preserves private exponent (0.172538ms)
✔ certificate PEM round trip verifies its self-signature (0.244299ms)
✔ valid certificate and corresponding pair satisfy Expo validation (0.952183ms)
✔ Expo manifest signature verifies with independent Node/OpenSSL SHA256 (0.188428ms)
✔ altered manifest bytes fail independent Node/OpenSSL verification (0.182832ms)
✔ private key from another pair is rejected by Expo signing verification (0.807235ms)
✔ reversed certificate validity interval is rejected (0.497875ms)
✔ expired certificate is rejected by Expo validation (3.676765ms)
✔ CSR PEM round trip verifies its signature and requested identity (1.989203ms)
✔ development certificate verifies its issuer and contains requested project scope (2.709221ms)
✔ tampered CSR signature is rejected before development certificate issuance (1.289224ms)
ℹ tests 14
ℹ suites 0
ℹ pass 14
ℹ fail 0
ℹ cancelled 0
ℹ skipped 0
ℹ todo 0
ℹ duration_ms 18.721006
