✔ RSA pair has the default 2048-bit modulus and matching public exponent (0.672892ms)
✔ key-pair PEM round trip preserves both moduli (0.483857ms)
✔ public-key PEM round trip preserves exponent and modulus (0.109475ms)
✔ private-key PEM round trip preserves private exponent (0.188553ms)
✔ certificate PEM round trip verifies its self-signature (0.229008ms)
✔ valid certificate and corresponding pair satisfy Expo validation (0.792852ms)
✔ Expo manifest signature verifies with independent Node/OpenSSL SHA256 (0.193848ms)
✔ altered manifest bytes fail independent Node/OpenSSL verification (0.173138ms)
✔ private key from another pair is rejected by Expo signing verification (0.785174ms)
✔ reversed certificate validity interval is rejected (0.535108ms)
✔ expired certificate is rejected by Expo validation (3.318134ms)
✔ CSR PEM round trip verifies its signature and requested identity (1.807065ms)
✔ development certificate verifies its issuer and contains requested project scope (2.546954ms)
✔ tampered CSR signature is rejected before development certificate issuance (1.293663ms)
ℹ tests 14
ℹ suites 0
ℹ pass 14
ℹ fail 0
ℹ cancelled 0
ℹ skipped 0
ℹ todo 0
ℹ duration_ms 18.459914
