✔ RSA pair has the default 2048-bit modulus and matching public exponent (0.8906ms)
✔ key-pair PEM round trip preserves both moduli (0.420985ms)
✔ public-key PEM round trip preserves exponent and modulus (0.301319ms)
✔ private-key PEM round trip preserves private exponent (0.401065ms)
✔ certificate PEM round trip verifies its self-signature (0.863102ms)
✔ valid certificate and corresponding pair satisfy Expo validation (0.782832ms)
✔ Expo manifest signature verifies with independent Node/OpenSSL SHA256 (0.737401ms)
✔ altered manifest bytes fail independent Node/OpenSSL verification (0.247763ms)
✔ private key from another pair is rejected by Expo signing verification (21.393453ms)
✔ reversed certificate validity interval is rejected (0.89798ms)
✔ expired certificate is rejected by Expo validation (20.85216ms)
✔ CSR PEM round trip verifies its signature and requested identity (1.168184ms)
✔ development certificate verifies its issuer and contains requested project scope (21.755056ms)
✔ tampered CSR signature is rejected before development certificate issuance (0.990578ms)
ℹ tests 14
ℹ suites 0
ℹ pass 14
ℹ fail 0
ℹ cancelled 0
ℹ skipped 0
ℹ todo 0
ℹ duration_ms 76.767947
