The files belonging to this database system will be owned by user "nate".
This user must also own the server process.

The database cluster will be initialized with locale "C".
The default database encoding has accordingly been set to "SQL_ASCII".
The default text search configuration will be set to "english".

Data page checksums are disabled.

creating directory /home/nate/Oxy/.agent-evidence/i03-canary-local/pg1519-w5gmdj60/data ... ok
creating subdirectories ... ok
selecting dynamic shared memory implementation ... posix
selecting default "max_connections" ... 100
selecting default "shared_buffers" ... 128MB
selecting default time zone ... Europe/Bucharest
creating configuration files ... ok
running bootstrap script ... ok
performing post-bootstrap initialization ... ok
syncing data to disk ... ok

Success. You can now start the database server using:

    /usr/lib/postgresql/17/bin/pg_ctl -D /home/nate/Oxy/.agent-evidence/i03-canary-local/pg1519-w5gmdj60/data -l logfile start


waiting for server to start.... done
server started

{"newLocalServerPid": 4169362, "dataDirectory": "/home/nate/Oxy/.agent-evidence/i03-canary-local/pg1519-w5gmdj60/data", "database": "oxy_rehearsal_1519_4a8256c8a13ee262", "command": ["bun", "--no-env-file", "run", "test", "--runInBand", "--runTestsByPath", "src/services/__tests__/aliaRevocationCanary.db.test.ts", "src/routes/__tests__/machineCredentials.test.ts", "src/routes/__tests__/credentialAuditTrail.test.ts"], "exitCode": 0, "log": "/home/nate/Oxy/.agent-evidence/i03-canary-local/pg1519-w5gmdj60/api-focused.txt", "productionAccess": false}
$ jest --runInBand --runTestsByPath src/services/__tests__/aliaRevocationCanary.db.test.ts src/routes/__tests__/machineCredentials.test.ts src/routes/__tests__/credentialAuditTrail.test.ts
PASS src/routes/__tests__/machineCredentials.test.ts (5.418 s)
PASS src/routes/__tests__/credentialAuditTrail.test.ts
{"level":30,"time":1791053506659,"pid":4169376,"hostname":"SuperPC","maxPoolSize":8,"msg":"Connected to PostgreSQL successfully"}
PASS src/services/__tests__/aliaRevocationCanary.db.test.ts

Test Suites: 3 passed, 3 total
Tests:       58 passed, 58 total
Snapshots:   0 total
Time:        6.668 s
Ran all test suites within paths "src/services/__tests__/aliaRevocationCanary.db.test.ts", "src/routes/__tests__/machineCredentials.test.ts", "src/routes/__tests__/credentialAuditTrail.test.ts".

{"level":30,"time":1791053509555,"pid":4169561,"hostname":"SuperPC","maxPoolSize":20,"msg":"Connected to PostgreSQL successfully"}
{"kind":"compiled-node-canary","node":"v24.21.0","checks":5,"minimalEnvironment":true,"ownLocalDatabase":true,"rawSecretNotPersisted":true,"providerRequests":0}

waiting for server to shut down....... done
server stopped

