node:internal/modules/cjs/loader:567
      throw err;
      ^

Error: Cannot find module '/home/nate/Oxy/oxy/.worktrees/1519-service-token-issuer-20261003/packages/api/dist/server.js'. Please verify that the package.json has a valid "main" entry
    at tryPackage (node:internal/modules/cjs/loader:559:19)
    at Module._findPath (node:internal/modules/cjs/loader:868:18)
    at resolveMainPath (node:internal/modules/run_main:35:21)
    at Module.executeUserEntryPoint [as runMain] (node:internal/modules/run_main:146:20)
    at node:internal/main/run_main_module:33:47 {
  code: 'MODULE_NOT_FOUND',
  path: '/home/nate/Oxy/oxy/.worktrees/1519-service-token-issuer-20261003/packages/api/package.json',
  requestPath: '/home/nate/Oxy/oxy/.worktrees/1519-service-token-issuer-20261003/packages/api'
}

Node.js v24.21.0
✖ packages/api (20.384322ms)
✔ RSA pair has the default 2048-bit modulus and matching public exponent (0.653975ms)
✔ key-pair PEM round trip preserves both moduli (0.252712ms)
✔ public-key PEM round trip preserves exponent and modulus (0.151999ms)
✔ private-key PEM round trip preserves private exponent (0.162515ms)
✔ certificate PEM round trip verifies its self-signature (0.823699ms)
✔ valid certificate and corresponding pair satisfy Expo validation (0.848591ms)
✔ Expo manifest signature verifies with independent Node/OpenSSL SHA256 (0.634472ms)
✔ altered manifest bytes fail independent Node/OpenSSL verification (0.212245ms)
✔ private key from another pair is rejected by Expo signing verification (21.5986ms)
✔ reversed certificate validity interval is rejected (0.764235ms)
✔ expired certificate is rejected by Expo validation (21.059487ms)
✔ CSR PEM round trip verifies its signature and requested identity (1.162549ms)
✔ development certificate verifies its issuer and contains requested project scope (22.484314ms)
✔ tampered CSR signature is rejected before development certificate issuance (0.966372ms)
ℹ tests 15
ℹ suites 0
ℹ pass 14
ℹ fail 1
ℹ cancelled 0
ℹ skipped 0
ℹ todo 0
ℹ duration_ms 303.520466

✖ failing tests:

test at packages/api:1:1
✖ packages/api (20.384322ms)
  'test failed'
