$ jest --passWithNoTests --runInBand
FAIL __tests__/context/coldBoot.test.tsx
  ● Test suite failed to run

    ENOENT: no such file or directory, open '/home/nate/Oxy/oxy/.worktrees/1519-final-integration-20261003/packages/telemetry/dist/cjs/browser.js'

    > 1 | export { peekBrowserEdgeRegionHeader } from '@oxy.so/telemetry/browser';
        | ^
      2 |

      at FileCache.readFileBuffer (../../node_modules/.bun/jest-runtime@30.5.1/node_modules/jest-runtime/build/index.js:2192:21)
      at Object.<anonymous> (../core/src/utils/edgeRegion.ts:1:1)
      at Object.<anonymous> (../core/src/HttpService.ts:27:1)
      at Object.<anonymous> (../core/src/OxyServices.ts:23:1)
      at Object.<anonymous> (../core/src/index.ts:33:1)
      at Object.<anonymous> (src/ui/oauth/completeOAuthCode.ts:22:1)
      at Object.<anonymous> (src/ui/oauth/nativeAuthTransport.ts:4:1)
      at Object.<anonymous> (src/ui/context/OxyContext.tsx:1:1)
      at Object.<anonymous> (__tests__/context/coldBoot.test.tsx:84:1)

FAIL __tests__/components/OxyAuthChooser.test.tsx
  ● Test suite failed to run

    ENOENT: no such file or directory, open '/home/nate/Oxy/oxy/.worktrees/1519-final-integration-20261003/packages/telemetry/dist/cjs/browser.js'

    > 1 | export { peekBrowserEdgeRegionHeader } from '@oxy.so/telemetry/browser';
        | ^
      2 |

      at FileCache.readFileBuffer (../../node_modules/.bun/jest-runtime@30.5.1/node_modules/jest-runtime/build/index.js:2192:21)
      at Object.<anonymous> (../core/src/utils/edgeRegion.ts:1:1)
      at Object.<anonymous> (../core/src/HttpService.ts:27:1)
      at Object.<anonymous> (../core/src/OxyServices.ts:23:1)
      at Object.<anonymous> (../core/src/index.ts:33:1)
      at Object.<anonymous> (src/ui/components/OxyAuthChooser.tsx:42:1)
      at Object.<anonymous> (__tests__/components/OxyAuthChooser.test.tsx:278:1)

FAIL __tests__/components/OxySignInButton.test.tsx
  ● Test suite failed to run

    ENOENT: no such file or directory, open '/home/nate/Oxy/oxy/.worktrees/1519-final-integration-20261003/packages/telemetry/dist/cjs/browser.js'

    > 1 | export { peekBrowserEdgeRegionHeader } from '@oxy.so/telemetry/browser';
        | ^
      2 |

      at FileCache.readFileBuffer (../../node_modules/.bun/jest-runtime@30.5.1/node_modules/jest-runtime/build/index.js:2192:21)
      at Object.<anonymous> (../core/src/utils/edgeRegion.ts:1:1)
      at Object.<anonymous> (../core/src/HttpService.ts:27:1)
      at Object.<anonymous> (../core/src/OxyServices.ts:23:1)
      at Object.<anonymous> (../core/src/index.ts:33:1)
      at Object.<anonymous> (__tests__/components/OxySignInButton.test.tsx:21:1)

FAIL __tests__/components/signIn/OxySignInPanel.test.tsx
  ● Test suite failed to run

    ENOENT: no such file or directory, open '/home/nate/Oxy/oxy/.worktrees/1519-final-integration-20261003/packages/telemetry/dist/cjs/browser.js'

    > 1 | export { peekBrowserEdgeRegionHeader } from '@oxy.so/telemetry/browser';
        | ^
      2 |

      at FileCache.readFileBuffer (../../node_modules/.bun/jest-runtime@30.5.1/node_modules/jest-runtime/build/index.js:2192:21)
      at Object.<anonymous> (../core/src/utils/edgeRegion.ts:1:1)
      at Object.<anonymous> (../core/src/HttpService.ts:27:1)
      at Object.<anonymous> (../core/src/OxyServices.ts:23:1)
      at Object.<anonymous> (../core/src/index.ts:33:1)
      at __tests__/components/signIn/OxySignInPanel.test.tsx:154:30
      at Object.<anonymous> (src/ui/hooks/useDeviceSwitcher.ts:4:1)
      at Object.<anonymous> (src/ui/components/signIn/OxySignInPanel.tsx:49:1)
      at Object.<anonymous> (__tests__/components/signIn/OxySignInPanel.test.tsx:181:1)

FAIL src/ui/oauth/__tests__/browserBridge.test.ts
  ● Test suite failed to run

    ENOENT: no such file or directory, open '/home/nate/Oxy/oxy/.worktrees/1519-final-integration-20261003/packages/telemetry/dist/cjs/browser.js'

    > 1 | export { peekBrowserEdgeRegionHeader } from '@oxy.so/telemetry/browser';
        | ^
      2 |

      at FileCache.readFileBuffer (../../node_modules/.bun/jest-runtime@30.5.1/node_modules/jest-runtime/build/index.js:2192:21)
      at Object.<anonymous> (../core/src/utils/edgeRegion.ts:1:1)
      at Object.<anonymous> (../core/src/HttpService.ts:27:1)
      at Object.<anonymous> (../core/src/OxyServices.ts:23:1)
      at Object.<anonymous> (../core/src/index.ts:33:1)
      at Object.<anonymous> (src/ui/oauth/__tests__/browserBridge.test.ts:7:1)

FAIL __tests__/components/signIn/OxyAccountPanels.test.tsx
  ● Test suite failed to run

    ENOENT: no such file or directory, open '/home/nate/Oxy/oxy/.worktrees/1519-final-integration-20261003/packages/telemetry/dist/cjs/browser.js'

    > 1 | export { peekBrowserEdgeRegionHeader } from '@oxy.so/telemetry/browser';
        | ^
      2 |

      at FileCache.readFileBuffer (../../node_modules/.bun/jest-runtime@30.5.1/node_modules/jest-runtime/build/index.js:2192:21)
      at Object.<anonymous> (../core/src/utils/edgeRegion.ts:1:1)
      at Object.<anonymous> (../core/src/HttpService.ts:27:1)
      at Object.<anonymous> (../core/src/OxyServices.ts:23:1)
      at Object.<anonymous> (../core/src/index.ts:33:1)
      at __tests__/components/signIn/OxyAccountPanels.test.tsx:108:30
      at Object.<anonymous> (src/ui/components/signIn/OxySignUpPanel.tsx:21:1)
      at Object.<anonymous> (__tests__/components/signIn/OxyAccountPanels.test.tsx:119:1)

FAIL __tests__/context/mutationsSessionClient.test.tsx
  ● Test suite failed to run

    ENOENT: no such file or directory, open '/home/nate/Oxy/oxy/.worktrees/1519-final-integration-20261003/packages/telemetry/dist/cjs/browser.js'

    > 1 | export { peekBrowserEdgeRegionHeader } from '@oxy.so/telemetry/browser';
        | ^
      2 |

      at FileCache.readFileBuffer (../../node_modules/.bun/jest-runtime@30.5.1/node_modules/jest-runtime/build/index.js:2192:21)
      at Object.<anonymous> (../core/src/utils/edgeRegion.ts:1:1)
      at Object.<anonymous> (../core/src/HttpService.ts:27:1)
      at Object.<anonymous> (../core/src/OxyServices.ts:23:1)
      at Object.<anonymous> (../core/src/index.ts:33:1)
      at Object.<anonymous> (src/ui/components/oauthNavigation.ts:12:1)
      at Object.<anonymous> (src/ui/oauth/nativeAuthTransport.ts:2:1)
      at Object.<anonymous> (src/ui/context/OxyContext.tsx:1:1)
      at Object.<anonymous> (__tests__/context/mutationsSessionClient.test.tsx:34:1)


Summary of all failing tests
FAIL __tests__/context/coldBoot.test.tsx
  ● Test suite failed to run

    ENOENT: no such file or directory, open '/home/nate/Oxy/oxy/.worktrees/1519-final-integration-20261003/packages/telemetry/dist/cjs/browser.js'

    > 1 | export { peekBrowserEdgeRegionHeader } from '@oxy.so/telemetry/browser';
        | ^
      2 |

      at FileCache.readFileBuffer (../../node_modules/.bun/jest-runtime@30.5.1/node_modules/jest-runtime/build/index.js:2192:21)
      at Object.<anonymous> (../core/src/utils/edgeRegion.ts:1:1)
      at Object.<anonymous> (../core/src/HttpService.ts:27:1)
      at Object.<anonymous> (../core/src/OxyServices.ts:23:1)
      at Object.<anonymous> (../core/src/index.ts:33:1)
      at Object.<anonymous> (src/ui/oauth/completeOAuthCode.ts:22:1)
      at Object.<anonymous> (src/ui/oauth/nativeAuthTransport.ts:4:1)
      at Object.<anonymous> (src/ui/context/OxyContext.tsx:1:1)
      at Object.<anonymous> (__tests__/context/coldBoot.test.tsx:84:1)

FAIL __tests__/components/OxyAuthChooser.test.tsx
  ● Test suite failed to run

    ENOENT: no such file or directory, open '/home/nate/Oxy/oxy/.worktrees/1519-final-integration-20261003/packages/telemetry/dist/cjs/browser.js'

    > 1 | export { peekBrowserEdgeRegionHeader } from '@oxy.so/telemetry/browser';
        | ^
      2 |

      at FileCache.readFileBuffer (../../node_modules/.bun/jest-runtime@30.5.1/node_modules/jest-runtime/build/index.js:2192:21)
      at Object.<anonymous> (../core/src/utils/edgeRegion.ts:1:1)
      at Object.<anonymous> (../core/src/HttpService.ts:27:1)
      at Object.<anonymous> (../core/src/OxyServices.ts:23:1)
      at Object.<anonymous> (../core/src/index.ts:33:1)
      at Object.<anonymous> (src/ui/components/OxyAuthChooser.tsx:42:1)
      at Object.<anonymous> (__tests__/components/OxyAuthChooser.test.tsx:278:1)

FAIL __tests__/components/OxySignInButton.test.tsx
  ● Test suite failed to run

    ENOENT: no such file or directory, open '/home/nate/Oxy/oxy/.worktrees/1519-final-integration-20261003/packages/telemetry/dist/cjs/browser.js'

    > 1 | export { peekBrowserEdgeRegionHeader } from '@oxy.so/telemetry/browser';
        | ^
      2 |

      at FileCache.readFileBuffer (../../node_modules/.bun/jest-runtime@30.5.1/node_modules/jest-runtime/build/index.js:2192:21)
      at Object.<anonymous> (../core/src/utils/edgeRegion.ts:1:1)
      at Object.<anonymous> (../core/src/HttpService.ts:27:1)
      at Object.<anonymous> (../core/src/OxyServices.ts:23:1)
      at Object.<anonymous> (../core/src/index.ts:33:1)
      at Object.<anonymous> (__tests__/components/OxySignInButton.test.tsx:21:1)

FAIL __tests__/components/signIn/OxySignInPanel.test.tsx
  ● Test suite failed to run

    ENOENT: no such file or directory, open '/home/nate/Oxy/oxy/.worktrees/1519-final-integration-20261003/packages/telemetry/dist/cjs/browser.js'

    > 1 | export { peekBrowserEdgeRegionHeader } from '@oxy.so/telemetry/browser';
        | ^
      2 |

      at FileCache.readFileBuffer (../../node_modules/.bun/jest-runtime@30.5.1/node_modules/jest-runtime/build/index.js:2192:21)
      at Object.<anonymous> (../core/src/utils/edgeRegion.ts:1:1)
      at Object.<anonymous> (../core/src/HttpService.ts:27:1)
      at Object.<anonymous> (../core/src/OxyServices.ts:23:1)
      at Object.<anonymous> (../core/src/index.ts:33:1)
      at __tests__/components/signIn/OxySignInPanel.test.tsx:154:30
      at Object.<anonymous> (src/ui/hooks/useDeviceSwitcher.ts:4:1)
      at Object.<anonymous> (src/ui/components/signIn/OxySignInPanel.tsx:49:1)
      at Object.<anonymous> (__tests__/components/signIn/OxySignInPanel.test.tsx:181:1)

FAIL src/ui/oauth/__tests__/browserBridge.test.ts
  ● Test suite failed to run

    ENOENT: no such file or directory, open '/home/nate/Oxy/oxy/.worktrees/1519-final-integration-20261003/packages/telemetry/dist/cjs/browser.js'

    > 1 | export { peekBrowserEdgeRegionHeader } from '@oxy.so/telemetry/browser';
        | ^
      2 |

      at FileCache.readFileBuffer (../../node_modules/.bun/jest-runtime@30.5.1/node_modules/jest-runtime/build/index.js:2192:21)
      at Object.<anonymous> (../core/src/utils/edgeRegion.ts:1:1)
      at Object.<anonymous> (../core/src/HttpService.ts:27:1)
      at Object.<anonymous> (../core/src/OxyServices.ts:23:1)
      at Object.<anonymous> (../core/src/index.ts:33:1)
      at Object.<anonymous> (src/ui/oauth/__tests__/browserBridge.test.ts:7:1)

FAIL __tests__/components/signIn/OxyAccountPanels.test.tsx
  ● Test suite failed to run

    ENOENT: no such file or directory, open '/home/nate/Oxy/oxy/.worktrees/1519-final-integration-20261003/packages/telemetry/dist/cjs/browser.js'

    > 1 | export { peekBrowserEdgeRegionHeader } from '@oxy.so/telemetry/browser';
        | ^
      2 |

      at FileCache.readFileBuffer (../../node_modules/.bun/jest-runtime@30.5.1/node_modules/jest-runtime/build/index.js:2192:21)
      at Object.<anonymous> (../core/src/utils/edgeRegion.ts:1:1)
      at Object.<anonymous> (../core/src/HttpService.ts:27:1)
      at Object.<anonymous> (../core/src/OxyServices.ts:23:1)
      at Object.<anonymous> (../core/src/index.ts:33:1)
      at __tests__/components/signIn/OxyAccountPanels.test.tsx:108:30
      at Object.<anonymous> (src/ui/components/signIn/OxySignUpPanel.tsx:21:1)
      at Object.<anonymous> (__tests__/components/signIn/OxyAccountPanels.test.tsx:119:1)

FAIL __tests__/context/mutationsSessionClient.test.tsx
  ● Test suite failed to run

    ENOENT: no such file or directory, open '/home/nate/Oxy/oxy/.worktrees/1519-final-integration-20261003/packages/telemetry/dist/cjs/browser.js'

    > 1 | export { peekBrowserEdgeRegionHeader } from '@oxy.so/telemetry/browser';
        | ^
      2 |

      at FileCache.readFileBuffer (../../node_modules/.bun/jest-runtime@30.5.1/node_modules/jest-runtime/build/index.js:2192:21)
      at Object.<anonymous> (../core/src/utils/edgeRegion.ts:1:1)
      at Object.<anonymous> (../core/src/HttpService.ts:27:1)
      at Object.<anonymous> (../core/src/OxyServices.ts:23:1)
      at Object.<anonymous> (../core/src/index.ts:33:1)
      at Object.<anonymous> (src/ui/components/oauthNavigation.ts:12:1)
      at Object.<anonymous> (src/ui/oauth/nativeAuthTransport.ts:2:1)
      at Object.<anonymous> (src/ui/context/OxyContext.tsx:1:1)
      at Object.<anonymous> (__tests__/context/mutationsSessionClient.test.tsx:34:1)


Test Suites: 7 failed, 106 passed, 113 total
Tests:       857 passed, 857 total
Snapshots:   0 total
Time:        22.129 s, estimated 27 s
Ran all test suites.
error: script "test" exited with code 1
