waiting for server to start.... done
server started
{"verifiedOwnPostgresPid": 1856454, "dataDirectory": "/home/nate/Oxy/.agent-evidence/mention-registry-pg-oaxxndmg/data", "port": 5598, "liveAccess": false}
$ jest --runInBand --runTestsByPath src/routes/__tests__/mentionPrivateCommissioning.test.ts
FAIL src/routes/__tests__/mentionPrivateCommissioning.test.ts (6.309 s)
  ✓ admits the own-role privately reviewed classifier with charging off, no funds or hold (160 ms)
  ✓ refuses binding-scope without usage, reservation or provider execution (43 ms)
  ✓ refuses app-suspended without usage, reservation or provider execution (39 ms)
  ✓ refuses foreign-role without usage, reservation or provider execution (45 ms)
  ✓ refuses expired-approval without usage, reservation or provider execution (54 ms)
  ✓ refuses missing-approval without usage, reservation or provider execution (40 ms)
  ✓ refuses wrong-price without usage, reservation or provider execution (64 ms)
  ✓ refuses legal-withdrawn without usage, reservation or provider execution (54 ms)
  ✕ refuses privacy-drift without usage, reservation or provider execution (79 ms)
  ✓ refuses expensive-quote without usage, reservation or provider execution (54 ms)
  ✓ keeps the ordinary catalogue and production approval getters closed (29 ms)
  ✓ rechecks exact binding after attestation before durable admission (51 ms)

  ● refuses privacy-drift without usage, reservation or provider execution

    expect(received).toBeGreaterThanOrEqual(expected)

    Expected: >= 400
    Received:    200

       98 |  if(kind==='privacy-drift')await getDb().update(inferenceDeployments).set({retainsPayloads:true,retentionDays:30}).where(eq(inferenceDeployments.id,f.deployment.id));
       99 |  if(kind==='expensive-quote')await getDb().update(priceVersionUnitPrices).set({amount:'100000'}).where(eq(priceVersionUnitPrices.priceVersionId,f.price.id));
    > 100 |  const r=await post(f);expect(r.status).toBeGreaterThanOrEqual(400);expect(executions).toBe(0);expect(await getDb().select().from(inferenceMeteredUsage).where(eq(inferenceMeteredUsage.applicationId,identity.applicationId))).toHaveLength(0);expect(await getDb().select().from(usageReservations).where(eq(usageReservations.applicationId,identity.applicationId))).toHaveLength(0);
          |                                         ^
      101 | });
      102 | it('keeps the ordinary catalogue and production approval getters closed',async()=>{expect(approvalConfig.mentionClassifierApproval()).toBeUndefined();expect(scoped.sourceReviewedScopedAudience()).toBeUndefined();const f=await fixture();expect(await selectRouteForViewer(viewer,f.modelReference,UNCONSTRAINED_ROUTING)).toBeUndefined();});
      103 | it('rechecks exact binding after attestation before durable admission',async()=>{const f=await authorizedFixture();const original=client.attestDeployments!;jest.spyOn(client,'attestDeployments').mockImplementation(async(...args)=>{const result=await original(...args);await getDb().update(applicationWorkloadIdentities).set({scopes:['inference:usage:read']}).where(eq(applicationWorkloadIdentities.id,identity.bindingId));return result;});expect((await post(f)).status).toBeGreaterThanOrEqual(400);expect(executions).toBe(0);expect(await getDb().select().from(inferenceMeteredUsage).where(eq(inferenceMeteredUsage.applicationId,identity.applicationId))).toHaveLength(0);});

      at src/routes/__tests__/mentionPrivateCommissioning.test.ts:100:41
      at fulfilled (src/routes/__tests__/mentionPrivateCommissioning.test.ts:38:58)

Test Suites: 1 failed, 1 total
Tests:       1 failed, 11 passed, 12 total
Snapshots:   0 total
Time:        6.337 s
Ran all test suites within paths "src/routes/__tests__/mentionPrivateCommissioning.test.ts".
error: script "test" exited with code 1
waiting for server to shut down.... done
server stopped
{"ownedPostgresStopped": true, "pidAbsent": true, "record": "/home/nate/Oxy/.agent-evidence/mention-registry-pg-oaxxndmg"}
Traceback (most recent call last):
  File "/home/nate/Oxy/.agent-evidence/i04-mention-private-composition-20261004/owned-pg.py", line 59, in <module>
    main()
    ~~~~^^
  File "/home/nate/Oxy/.agent-evidence/i04-mention-private-composition-20261004/owned-pg.py", line 50, in main
    run(['bun', 'run', 'test', '--runInBand', '--runTestsByPath', 'src/routes/__tests__/mentionPrivateCommissioning.test.ts'], cwd=ROOT / 'packages/api')
    ~~~^^^^^^^^^^^^^^^^^^^^^^^^^^^^^^^^^^^^^^^^^^^^^^^^^^^^^^^^^^^^^^^^^^^^^^^^^^^^^^^^^^^^^^^^^^^^^^^^^^^^^^^^^^^^^^^^^^^^^^^^^^^^^^^^^^^^^^^^^^^^^^^^^^
  File "/home/nate/Oxy/.agent-evidence/i04-mention-private-composition-20261004/owned-pg.py", line 22, in run
    return subprocess.run([str(x) for x in argv], env=env, text=True, check=True, **kw)
           ~~~~~~~~~~~~~~^^^^^^^^^^^^^^^^^^^^^^^^^^^^^^^^^^^^^^^^^^^^^^^^^^^^^^^^^^^^^^
  File "/usr/lib/python3.13/subprocess.py", line 577, in run
    raise CalledProcessError(retcode, process.args,
                             output=stdout, stderr=stderr)
subprocess.CalledProcessError: Command '['bun', 'run', 'test', '--runInBand', '--runTestsByPath', 'src/routes/__tests__/mentionPrivateCommissioning.test.ts']' returned non-zero exit status 1.
