waiting for server to start.... done
server started
{"verifiedOwnPostgresPid": 1864636, "dataDirectory": "/home/nate/Oxy/.agent-evidence/mention-registry-pg-6lodcw92/data", "port": 5598, "liveAccess": false}
$ jest --runInBand --runTestsByPath src/routes/__tests__/mentionPrivateCommissioning.test.ts
FAIL src/routes/__tests__/mentionPrivateCommissioning.test.ts (6.388 s)
  ✕ admits own-role private classifier without funds or hold, commercial charging=false (72 ms)
  ✓ admits own-role private classifier without funds or hold, commercial charging=true (141 ms)
  ✓ refuses binding-scope without usage, reservation or provider execution (50 ms)
  ✓ refuses app-suspended without usage, reservation or provider execution (47 ms)
  ✓ refuses foreign-role without usage, reservation or provider execution (41 ms)
  ✓ refuses expired-approval without usage, reservation or provider execution (45 ms)
  ✓ refuses missing-approval without usage, reservation or provider execution (45 ms)
  ✓ refuses wrong-price without usage, reservation or provider execution (43 ms)
  ✓ refuses legal-withdrawn without usage, reservation or provider execution (51 ms)
  ✓ refuses privacy-drift without usage, reservation or provider execution (43 ms)
  ✓ refuses expensive-quote without usage, reservation or provider execution (44 ms)
  ✓ keeps the ordinary catalogue and production approval getters closed (35 ms)
  ✓ rechecks exact binding after attestation before durable admission (54 ms)
  ✕ preserves relationship concurrency while the first synthetic execution is in flight (41 ms)

  ● admits own-role private classifier without funds or hold, commercial charging=false

    {"status":503,"body":{"schemaVersion":1,"code":"service_unavailable","message":"Scoped promotional funding integration is unavailable.","retryable":false,"requestId":"3b391716-8458-404a-b712-e1de603bce37"}}

      485 |   jest.spyOn(rollout, "isChargingAuthorized").mockReturnValue(charging);
      486 |   const result = await post(f);
    > 487 |   if (result.status !== 200) throw new Error(JSON.stringify(result));
          |                                    ^
      488 |   expect(result).toMatchObject({ status: 200 });
      489 |   expect(executions).toBe(1);
      490 |   const rows = await getDb()

      at src/routes/__tests__/mentionPrivateCommissioning.test.ts:487:36
      at fulfilled (src/routes/__tests__/mentionPrivateCommissioning.test.ts:38:58)

  ● preserves relationship concurrency while the first synthetic execution is in flight

    {"status":503,"body":{"schemaVersion":1,"code":"service_unavailable","message":"Scoped promotional funding integration is unavailable.","retryable":false,"requestId":"721361a2-109d-4ce6-b38a-5790c8e301cd"}}

      647 |     entered,
      648 |     first.then((result) => {
    > 649 |       if (result.status !== 200) throw new Error(JSON.stringify(result));
          |                                        ^
      650 |     }),
      651 |   ]);
      652 |   try {

      at src/routes/__tests__/mentionPrivateCommissioning.test.ts:649:40

Test Suites: 1 failed, 1 total
Tests:       2 failed, 12 passed, 14 total
Snapshots:   0 total
Time:        6.414 s, estimated 7 s
Ran all test suites within paths "src/routes/__tests__/mentionPrivateCommissioning.test.ts".
error: script "test" exited with code 1
waiting for server to shut down.... done
server stopped
{"ownedPostgresStopped": true, "pidAbsent": true, "record": "/home/nate/Oxy/.agent-evidence/mention-registry-pg-6lodcw92"}
Traceback (most recent call last):
  File "/home/nate/Oxy/.agent-evidence/i04-mention-private-composition-20261004/owned-pg.py", line 59, in <module>
    main()
    ~~~~^^
  File "/home/nate/Oxy/.agent-evidence/i04-mention-private-composition-20261004/owned-pg.py", line 50, in main
    run(['bun', 'run', 'test', '--runInBand', '--runTestsByPath', 'src/routes/__tests__/mentionPrivateCommissioning.test.ts'], cwd=ROOT / 'packages/api')
    ~~~^^^^^^^^^^^^^^^^^^^^^^^^^^^^^^^^^^^^^^^^^^^^^^^^^^^^^^^^^^^^^^^^^^^^^^^^^^^^^^^^^^^^^^^^^^^^^^^^^^^^^^^^^^^^^^^^^^^^^^^^^^^^^^^^^^^^^^^^^^^^^^^^^^
  File "/home/nate/Oxy/.agent-evidence/i04-mention-private-composition-20261004/owned-pg.py", line 22, in run
    return subprocess.run([str(x) for x in argv], env=env, text=True, check=True, **kw)
           ~~~~~~~~~~~~~~^^^^^^^^^^^^^^^^^^^^^^^^^^^^^^^^^^^^^^^^^^^^^^^^^^^^^^^^^^^^^^
  File "/usr/lib/python3.13/subprocess.py", line 577, in run
    raise CalledProcessError(retcode, process.args,
                             output=stdout, stderr=stderr)
subprocess.CalledProcessError: Command '['bun', 'run', 'test', '--runInBand', '--runTestsByPath', 'src/routes/__tests__/mentionPrivateCommissioning.test.ts']' returned non-zero exit status 1.
