✔ RSA pair has the default 2048-bit modulus and matching public exponent (0.669052ms)
✔ key-pair PEM round trip preserves both moduli (0.269999ms)
✔ public-key PEM round trip preserves exponent and modulus (0.219537ms)
✔ private-key PEM round trip preserves private exponent (0.160764ms)
✔ certificate PEM round trip verifies its self-signature (1.054448ms)
✔ valid certificate and corresponding pair satisfy Expo validation (0.760617ms)
✔ Expo manifest signature verifies with independent Node/OpenSSL SHA256 (0.780182ms)
✔ altered manifest bytes fail independent Node/OpenSSL verification (0.259227ms)
✔ private key from another pair is rejected by Expo signing verification (21.414281ms)
✔ reversed certificate validity interval is rejected (0.658684ms)
✔ expired certificate is rejected by Expo validation (22.314863ms)
✔ CSR PEM round trip verifies its signature and requested identity (1.493303ms)
✔ development certificate verifies its issuer and contains requested project scope (22.035486ms)
✔ tampered CSR signature is rejected before development certificate issuance (0.989832ms)
ℹ tests 14
ℹ suites 0
ℹ pass 14
ℹ fail 0
ℹ cancelled 0
ℹ skipped 0
ℹ todo 0
ℹ duration_ms 77.756512
