$ jest --passWithNoTests --runInBand src/__tests__/rawResponse.test.ts src/__tests__/linkedClient.test.ts
FAIL src/__tests__/rawResponse.test.ts
  ● refuses redirects instead of changing the write target

    expect(received).rejects.toThrow()

    Received function did not throw

      69 |   try {
      70 |     const before = seen.length;
    > 71 |     await expect(linked.client.requestAuthenticatedResponse({ method: 'POST', url: '/redirect', body: '{}' })).rejects.toThrow();
         |                                                                                                                        ^
      72 |     expect(seen.slice(before).map(({ path }) => path)).toEqual(['/redirect']);
      73 |   } finally { linked.dispose(); }
      74 | });

      at Object.toThrow (../../node_modules/.bun/expect@30.5.1/node_modules/expect/build/index.js:2155:20)
      at Object.<anonymous> (src/__tests__/rawResponse.test.ts:71:120)


Test Suites: 1 failed, 1 passed, 2 total
Tests:       1 failed, 21 passed, 22 total
Snapshots:   0 total
Time:        0.56 s, estimated 1 s
Ran all test suites matching src/__tests__/rawResponse.test.ts|src/__tests__/linkedClient.test.ts.
error: script "test" exited with code 1
