bun install v1.4.2 (744846f84)

+ @expo/metro-runtime@57.0.15
+ is-arrayish@0.3.4
+ react-native-worklets@0.10.0

1086 packages installed [362.00ms]
Required database peers load from the frozen production graph without connecting.
✔ RSA pair has the default 2048-bit modulus and matching public exponent (1.087428ms)
✔ key-pair PEM round trip preserves both moduli (0.436004ms)
✔ public-key PEM round trip preserves exponent and modulus (0.105534ms)
✔ private-key PEM round trip preserves private exponent (0.157307ms)
✔ certificate PEM round trip verifies its self-signature (0.26253ms)
✔ valid certificate and corresponding pair satisfy Expo validation (0.68863ms)
✔ Expo manifest signature verifies with independent Node/OpenSSL SHA256 (0.156045ms)
✔ altered manifest bytes fail independent Node/OpenSSL verification (0.176739ms)
✔ private key from another pair is rejected by Expo signing verification (0.707139ms)
✔ reversed certificate validity interval is rejected (0.46002ms)
✔ expired certificate is rejected by Expo validation (3.049449ms)
✔ CSR PEM round trip verifies its signature and requested identity (1.502604ms)
✔ development certificate verifies its issuer and contains requested project scope (2.395236ms)
✔ tampered CSR signature is rejected before development certificate issuance (0.928237ms)
ℹ tests 14
ℹ suites 0
ℹ pass 14
ℹ fail 0
ℹ cancelled 0
ℹ skipped 0
ℹ todo 0
ℹ duration_ms 16.104494
Forge absent; sealed native API/CLI production bytes and installed Expo compatibility verified.
