$ jest --runInBand --runTestsByPath src/routes/__tests__/internalServiceAccountSwitch.test.ts
FAIL src/routes/__tests__/internalServiceAccountSwitch.test.ts
  live credential context before delegated session mint
    ✕ refuses a previously valid JWT after its credential is revoked, without reusing the session (95 ms)
    ✕ refuses a previously valid JWT after offline authority is removed from its credential ceiling (73 ms)
    ✕ refuses a signed owner binding that differs from the application owner before creating a session (50 ms)
    ✕ refuses a signed environment binding that differs from the credential before creating a session (44 ms)
  router gates
    ✓ refuses a request with no Authorization header (401) (11 ms)
    ✓ refuses a USER session token (403) — this is not a user-facing surface (12 ms)
    ✓ refuses a THIRD-PARTY caller holding the scope and a valid token (403) (24 ms)
  the service-account-switch scope
    ✓ refuses a TRUSTED app whose token does not carry it (403) (24 ms)
    ✓ is NOT satisfied by acting-as:offline, whose authority is strictly smaller (21 ms)
  the operator header
    ✓ refuses a request that names no operator (400) (16 ms)
    ✓ refuses an operator with membership but WITHOUT account:act_as (403) (35 ms)
    ✓ refuses an operator with no relationship to the account at all (403) (32 ms)
    ✓ refuses a trusted app with no explicit operator grant (403) (29 ms)
    ✓ refuses an operator the app grant was revoked by (403) (59 ms)
  the target account
    ✓ refuses a PERSONAL account even to an operator holding act_as (403) (37 ms)
    ✓ refuses a CHANNEL account even to an operator holding act_as (403) (38 ms)
    ✓ answers 404 for an account that does not exist (28 ms)
    ✓ answers 404 for an ARCHIVED account the operator can act as (33 ms)
    ✓ STILL mints for a BOT — the switcher narrowing must not close this lane (46 ms)
    ✓ mints for an ORGANIZATION and a PROJECT too, not only a bot (84 ms)
  a successful mint
    ✓ mints a session whose SUBJECT is the account and whose ACTOR is the human (45 ms)
    ✓ mints an UNBOUND bearer — no `azp`, no `scope`, full authority over the account (45 ms)
    ✓ returns the account as the session user, never the operator (47 ms)
  device attribution
    ✓ reuses ONE device and ONE session across repeated mints for the same (app, account) (69 ms)
    ✓ derives that device from (account, app), so it is stable and per-application (43 ms)
    ✓ gives two APPLICATIONS acting as one account two different devices (87 ms)
    ✓ gives two OPERATORS of one account two different sessions on the same device (78 ms)

  ● live credential context before delegated session mint › refuses a previously valid JWT after its credential is revoked, without reusing the session

    expect(received).toBe(expected) // Object.is equality

    Expected: 403
    Received: 200

      301 |
      302 |     const denied = await serviceSwitch(bot, token, operator);
    > 303 |     expect(denied.status).toBe(403);
          |                           ^
      304 |     expect(denied.body.data).toBeUndefined();
      305 |     expect(await sessionRowsFor(bot)).toEqual(before);
      306 |   });

      at src/routes/__tests__/internalServiceAccountSwitch.test.ts:303:27
      at fulfilled (src/routes/__tests__/internalServiceAccountSwitch.test.ts:31:58)

  ● live credential context before delegated session mint › refuses a previously valid JWT after offline authority is removed from its credential ceiling

    expect(received).toBe(expected) // Object.is equality

    Expected: 403
    Received: 200

      315 |
      316 |     const denied = await serviceSwitch(bot, token, operator);
    > 317 |     expect(denied.status).toBe(403);
          |                           ^
      318 |     expect(denied.body.data).toBeUndefined();
      319 |     expect(await sessionRowsFor(bot)).toEqual(before);
      320 |   });

      at src/routes/__tests__/internalServiceAccountSwitch.test.ts:317:27
      at fulfilled (src/routes/__tests__/internalServiceAccountSwitch.test.ts:31:58)

  ● live credential context before delegated session mint › refuses a signed owner binding that differs from the application owner before creating a session

    expect(received).toBe(expected) // Object.is equality

    Expected: 403
    Received: 200

      324 |     const token = serviceToken({ ...app, ownerAccountId: await human() });
      325 |     const denied = await serviceSwitch(bot, token, operator);
    > 326 |     expect(denied.status).toBe(403);
          |                           ^
      327 |     expect(denied.body.data).toBeUndefined();
      328 |     expect(await sessionRowsFor(bot)).toEqual([]);
      329 |   });

      at src/routes/__tests__/internalServiceAccountSwitch.test.ts:326:27
      at fulfilled (src/routes/__tests__/internalServiceAccountSwitch.test.ts:31:58)

  ● live credential context before delegated session mint › refuses a signed environment binding that differs from the credential before creating a session

    expect(received).toBe(expected) // Object.is equality

    Expected: 403
    Received: 200

      332 |     const { app, bot, operator } = await eligibleSwitch();
      333 |     const denied = await serviceSwitch(bot, serviceToken(app, 'development'), operator);
    > 334 |     expect(denied.status).toBe(403);
          |                           ^
      335 |     expect(denied.body.data).toBeUndefined();
      336 |     expect(await sessionRowsFor(bot)).toEqual([]);
      337 |   });

      at src/routes/__tests__/internalServiceAccountSwitch.test.ts:334:27
      at fulfilled (src/routes/__tests__/internalServiceAccountSwitch.test.ts:31:58)

Test Suites: 1 failed, 1 total
Tests:       4 failed, 23 passed, 27 total
Snapshots:   0 total
Time:        1.782 s
Ran all test suites within paths "src/routes/__tests__/internalServiceAccountSwitch.test.ts".
error: script "test" exited with code 1
