E..F.
======================================================================
ERROR: test_complete_four_check_success (__main__.Decoder.test_complete_four_check_success)
----------------------------------------------------------------------
Traceback (most recent call last):
  File "/home/nate/Oxy/oxy/.worktrees/1519-i03-result-expiry-decoder-20261004/scripts/agency/tests/test-canary-result-decoder.py", line 19, in test_complete_four_check_success
    def test_complete_four_check_success(self):self.assertEqual(collect(BASE),BASE)
                                                                ~~~~~~~^^^^^^
  File "/home/nate/Oxy/oxy/.worktrees/1519-i03-result-expiry-decoder-20261004/scripts/agency/tests/test-canary-result-decoder.py", line 17, in collect
    with patch.object(m,'aws',side_effect=aws):return m.collect_result(PLAN,'arn:fixture/task')
                                                      ~~~~~~~~~~~~~~~~^^^^^^^^^^^^^^^^^^^^^^^^^
  File "/home/nate/Oxy/oxy/.worktrees/1519-i03-result-expiry-decoder-20261004/scripts/agency/alia-revocation-canary-ecs.py", line 345, in collect_result
    fields(row, 'kind commitFromT0Ms receivers')
            ^^^^^^^^^^^^^^^^^^^^^^^^^^^^^^^^^^^^
    ...<2 lines>...
    for index, sample in enumerate(row['receivers']):
    ^^^^^^^^^^^^^^^^^^^^^^^^^^^^^^^^^^^^^^^^^^^^^^^^^
  File "/home/nate/Oxy/oxy/.worktrees/1519-i03-result-expiry-decoder-20261004/scripts/agency/oxy-profile-registrar-preflight-ecs.py", line 42, in require
    raise RuntimeError(message)
RuntimeError: Canary measurement fields differ

======================================================================
FAIL: test_unknown_duplicate_missing_reordered_extra_checks (__main__.Decoder.test_unknown_duplicate_missing_reordered_extra_checks)
----------------------------------------------------------------------
Traceback (most recent call last):
  File "/home/nate/Oxy/oxy/.worktrees/1519-i03-result-expiry-decoder-20261004/scripts/agency/tests/test-canary-result-decoder.py", line 23, in test_unknown_duplicate_missing_reordered_extra_checks
    with self.assertRaises(RuntimeError):collect(row)
         ~~~~~~~~~~~~~~~~~^^^^^^^^^^^^^^
AssertionError: RuntimeError not raised

----------------------------------------------------------------------
Ran 5 tests in 0.003s

FAILED (failures=1, errors=1)
