$ drizzle-kit generate
No config path provided, using default 'drizzle.config.ts'
Reading config file '/home/nate/Oxy/oxy/.worktrees/1519-billing-completion-20261003/packages/api/drizzle.config.ts'
223 tables
account_balances 8 columns 1 indexes 1 fks
account_closure_fences 2 columns 0 indexes 1 fks
account_capability_policies 7 columns 0 indexes 1 fks
app_capability_catalog_registrations 13 columns 2 indexes 2 fks
capability_audit_events 7 columns 3 indexes 0 fks
capability_execution_authorizations 22 columns 3 indexes 6 fks
capability_idempotency_keys 10 columns 0 indexes 1 fks
delegation_capabilities 4 columns 0 indexes 1 fks
delegation_grants 16 columns 4 indexes 5 fks
delegation_limits 6 columns 0 indexes 1 fks
delegation_tool_overrides 5 columns 0 indexes 1 fks
account_members 12 columns 1 indexes 3 fks
api_key_usage_events 13 columns 3 indexes 2 fks
app_affinity_edges 9 columns 2 indexes 3 fks
app_affinity_seen_events 4 columns 1 indexes 1 fks
app_categories 7 columns 1 indexes 0 fks
app_endorsement_edges 8 columns 1 indexes 3 fks
app_grants 8 columns 1 indexes 2 fks
app_listing_screenshots 8 columns 2 indexes 2 fks
app_listings 12 columns 2 indexes 2 fks
app_review_replies 6 columns 0 indexes 2 fks
app_reviews 9 columns 2 indexes 2 fks
app_update_assets 6 columns 1 indexes 2 fks
app_updates 20 columns 2 indexes 4 fks
app_user_signals 8 columns 2 indexes 2 fks
application_credential_audit_events 10 columns 3 indexes 3 fks
application_credentials 18 columns 1 indexes 4 fks
application_workload_identities 9 columns 1 indexes 1 fks
application_moderation_trust 13 columns 1 indexes 2 fks
applications 23 columns 2 indexes 2 fks
auth_challenges 11 columns 2 indexes 2 fks
auth_codes 16 columns 4 indexes 4 fks
auth_sessions 27 columns 2 indexes 3 fks
billing_auto_recharge_attempts 11 columns 2 indexes 1 fks
billing_external_payments 10 columns 2 indexes 2 fks
billing_invoice_receipts 3 columns 1 indexes 2 fks
billing_invoices 14 columns 2 indexes 1 fks
billing_ledger_entries 12 columns 5 indexes 6 fks
billing_ledger_postings 6 columns 2 indexes 1 fks
billing_profiles 10 columns 1 indexes 1 fks
billing_reconciliation_discrepancies 10 columns 2 indexes 3 fks
billing_reconciliation_runs 13 columns 3 indexes 1 fks
billing_stripe_events 11 columns 1 indexes 0 fks
billing_subscriptions 16 columns 1 indexes 1 fks
billing_transactions 16 columns 6 indexes 1 fks
blocks 4 columns 1 indexes 2 fks
bookmarks 5 columns 1 indexes 1 fks
bundles 11 columns 1 indexes 1 fks
civic_nonces 6 columns 1 indexes 1 fks
conduct_strikes 17 columns 4 indexes 4 fks
contacts 12 columns 3 indexes 1 fks
device_account_contexts 8 columns 2 indexes 3 fks
device_credentials 5 columns 1 indexes 1 fks
device_join_codes 9 columns 3 indexes 2 fks
device_principal_backfill_conflicts 5 columns 0 indexes 0 fks
device_principals 8 columns 1 indexes 2 fks
device_session_accounts 7 columns 2 indexes 3 fks
device_sessions 10 columns 0 indexes 3 fks
domain_verifications 6 columns 2 indexes 1 fks
email_filter_actions 5 columns 0 indexes 1 fks
email_filter_conditions 6 columns 0 indexes 1 fks
email_filters 8 columns 1 indexes 1 fks
email_templates 8 columns 1 indexes 1 fks
email_outbox 15 columns 3 indexes 2 fks
email_suppressions 10 columns 2 indexes 1 fks
email_saved_searches 8 columns 2 indexes 1 fks
federation_key_pairs 6 columns 0 indexes 0 fks
file_links 8 columns 2 indexes 2 fks
file_variants 9 columns 1 indexes 1 fks
files 15 columns 8 indexes 1 fks
follow_namespaces 4 columns 1 indexes 1 fks
follow_target_kinds 8 columns 1 indexes 2 fks
follow_targets 10 columns 2 indexes 3 fks
follow_relationships 10 columns 4 indexes 4 fks
follow_application_overrides 6 columns 1 indexes 2 fks
follow_events 19 columns 4 indexes 4 fks
identity_backups 11 columns 0 indexes 1 fks
identity_proof_challenges 8 columns 1 indexes 1 fks
email_verifications 12 columns 3 indexes 1 fks
email_signin_requests 11 columns 2 indexes 2 fks
user_passwords 5 columns 0 indexes 1 fks
user_totp 6 columns 0 indexes 1 fks
user_totp_backup_codes 5 columns 1 indexes 1 fks
signin_second_factor_challenges 8 columns 2 indexes 1 fks
identity_link_requests 10 columns 2 indexes 1 fks
identity_bindings 11 columns 3 indexes 3 fks
inference_catalogue_auto_approval_policies 7 columns 0 indexes 0 fks
inference_catalogue_blocklist 5 columns 0 indexes 1 fks
inference_deployments 34 columns 5 indexes 7 fks
inference_deployment_routing_score_events 33 columns 0 indexes 1 fks
inference_deployment_routing_scores 34 columns 0 indexes 1 fks
inference_model_evaluations 9 columns 0 indexes 1 fks
inference_model_gpai_documentation 18 columns 0 indexes 2 fks
inference_model_release_artifacts 7 columns 1 indexes 1 fks
inference_model_release_signatures 8 columns 0 indexes 1 fks
inference_model_releases 8 columns 0 indexes 2 fks
inference_model_revisions 14 columns 2 indexes 1 fks
inference_models 41 columns 2 indexes 1 fks
inference_metered_usage 55 columns 5 indexes 7 fks
inference_model_power_classes 9 columns 0 indexes 0 fks
inference_provider_connection_audit_events 9 columns 3 indexes 2 fks
inference_provider_cost_attempts 36 columns 1 indexes 0 fks
inference_provider_cost_feed_cursors 3 columns 0 indexes 0 fks
inference_provider_connections 17 columns 3 indexes 3 fks
inference_provider_credential_operations 15 columns 2 indexes 1 fks
inference_provider_credential_validations 14 columns 2 indexes 3 fks
inference_providers 16 columns 0 indexes 0 fks
inference_publishers 6 columns 0 indexes 0 fks
inference_route_switch_events 18 columns 3 indexes 5 fks
inference_routing_policies 8 columns 3 indexes 3 fks
inference_routing_policy_fallbacks 7 columns 2 indexes 3 fks
inference_routing_policy_price_caps 6 columns 0 indexes 1 fks
inference_routing_policy_versions 27 columns 2 indexes 5 fks
inference_routing_profile_candidates 7 columns 3 indexes 3 fks
inference_routing_profiles 10 columns 1 indexes 0 fks
inference_spend_anomalies 9 columns 2 indexes 1 fks
inference_token_anomalies 8 columns 2 indexes 1 fks
inference_usage_daily_rollups 27 columns 2 indexes 3 fks
inference_usage_events 35 columns 6 indexes 3 fks
internal_cost_centers 6 columns 1 indexes 1 fks
labels 7 columns 1 indexes 1 fks
mailboxes 8 columns 2 indexes 1 fks
message_attachments 9 columns 1 indexes 2 fks
message_recipients 6 columns 1 indexes 1 fks
messages 45 columns 15 indexes 4 fks
mcp_oauth_access_tokens 7 columns 2 indexes 1 fks
mcp_oauth_account_link_intents 10 columns 2 indexes 3 fks
mcp_oauth_authorization_codes 11 columns 2 indexes 1 fks
mcp_oauth_clients 13 columns 0 indexes 0 fks
mcp_oauth_connection_accounts 8 columns 3 indexes 3 fks
mcp_oauth_connections 5 columns 1 indexes 2 fks
mcp_oauth_grants 12 columns 3 indexes 3 fks
mcp_oauth_refresh_tokens 10 columns 3 indexes 2 fks
moderation_effects 31 columns 3 indexes 8 fks
moderation_policies 11 columns 1 indexes 0 fks
moderation_policy_severity_rules 6 columns 0 indexes 1 fks
moderation_policy_standing_thresholds 4 columns 0 indexes 1 fks
node_ingest_witnesses 6 columns 1 indexes 2 fks
normalized_app_event_outbox 11 columns 2 indexes 0 fks
notifications 12 columns 1 indexes 2 fks
personhood_statuses 16 columns 2 indexes 1 fks
personhood_vouches 8 columns 2 indexes 3 fks
price_version_unit_prices 5 columns 0 indexes 1 fks
price_versions 10 columns 2 indexes 1 fks
push_tokens 8 columns 1 indexes 2 fks
reminders 10 columns 2 indexes 2 fks
repo_heads 8 columns 0 indexes 2 fks
reporter_reputation_profiles 13 columns 0 indexes 1 fks
reputation_balances 41 columns 3 indexes 2 fks
reputation_reviewing_reliability 4 columns 0 indexes 1 fks
reputation_transactions 20 columns 4 indexes 6 fks
restrictions 4 columns 0 indexes 2 fks
reviewer_reputation_profiles 17 columns 1 indexes 1 fks
security_activities 11 columns 4 indexes 1 fks
sender_avatars 6 columns 2 indexes 0 fks
service_acting_as_revocations 6 columns 1 indexes 2 fks
sessions 29 columns 7 indexes 6 fks
signed_records 13 columns 5 indexes 2 fks
spending_limit_notifications 6 columns 0 indexes 1 fks
spending_limits 14 columns 4 indexes 4 fks
subscriptions 17 columns 2 indexes 1 fks
topics 16 columns 3 indexes 1 fks
transactions 13 columns 2 indexes 2 fks
transparency_checkpoint_anchors 8 columns 1 indexes 1 fks
transparency_checkpoint_signatures 7 columns 2 indexes 1 fks
transparency_checkpoint_snapshot_entries 5 columns 1 indexes 1 fks
transparency_checkpoints 8 columns 0 indexes 0 fks
update_assets 8 columns 0 indexes 0 fks
update_channel_rollbacks 4 columns 0 indexes 1 fks
update_channels 5 columns 0 indexes 1 fks
usage_receipt_unit_prices 5 columns 0 indexes 1 fks
usage_receipts 37 columns 7 indexes 7 fks
usage_refunds 11 columns 4 indexes 3 fks
usage_reservations 31 columns 3 indexes 4 fks
user_analytics 19 columns 0 indexes 1 fks
user_ancestors 3 columns 1 indexes 2 fks
user_app_data 7 columns 0 indexes 1 fks
user_auth_methods 12 columns 2 indexes 2 fks
user_credits 9 columns 1 indexes 1 fks
user_follows 5 columns 2 indexes 2 fks
user_link_metadata 9 columns 1 indexes 1 fks
user_locations 25 columns 7 indexes 1 fks
user_nodes 16 columns 1 indexes 1 fks
user_verified_domains 6 columns 2 indexes 1 fks
users 89 columns 22 indexes 3 fks
validation_request_validators 3 columns 2 indexes 2 fks
validation_requests 18 columns 3 indexes 3 fks
validation_votes 9 columns 2 indexes 3 fks
validator_affinities 5 columns 1 indexes 2 fks
verifiable_credentials 14 columns 2 indexes 3 fks
wallets 6 columns 0 indexes 1 fks
canonical_user_redirects 3 columns 1 indexes 2 fks
external_identities 8 columns 1 indexes 1 fks
external_identity_actors 7 columns 1 indexes 1 fks
external_identity_claims 7 columns 0 indexes 1 fks
linked_account_oauth_challenges 18 columns 4 indexes 3 fks
mastodon_app_registrations 7 columns 0 indexes 0 fks
user_linked_accounts 12 columns 2 indexes 1 fks
federated_account_moves 11 columns 3 indexes 3 fks
external_identity_instagram_pins 11 columns 0 indexes 2 fks
external_identity_meta_proofs 19 columns 2 indexes 2 fks
families 4 columns 0 indexes 0 fks
family_members 9 columns 3 indexes 3 fks
account_event_deliveries 12 columns 2 indexes 2 fks
account_events 6 columns 1 indexes 0 fks
storage_object_deletions 14 columns 2 indexes 0 fks
sticker_packs 9 columns 1 indexes 0 fks
stickers 10 columns 1 indexes 3 fks
user_sticker_packs 4 columns 0 indexes 2 fks
access_grants 12 columns 1 indexes 2 fks
access_offer_benefits 10 columns 0 indexes 2 fks
access_offer_segments 9 columns 1 indexes 2 fks
access_offers 5 columns 0 indexes 0 fks
access_products 4 columns 1 indexes 2 fks
access_subscription_sources 15 columns 1 indexes 2 fks
access_provider_events 10 columns 0 indexes 1 fks
access_provider_periods 21 columns 0 indexes 2 fks
billing_credit_consumptions 5 columns 0 indexes 2 fks
billing_credit_grants 17 columns 1 indexes 3 fks
billing_credit_invoices 6 columns 0 indexes 1 fks
billing_credit_refund_observations 9 columns 1 indexes 2 fks
billing_credit_spends 8 columns 0 indexes 1 fks
service_acting_as_authority_epochs 4 columns 0 indexes 2 fks

[✓] Your SQL migration file ➜ drizzle/0138_handy_eternals.sql 🚀
