$ jest --passWithNoTests --runInBand --runTestsByPath src/boot/__tests__/nativeSiblingSignOut.test.ts
  console.warn
    2026-10-03T14:04:28.700Z WARN [SessionClient] discarded invalid session state

      120 |   const line = `${formatPrefix(entry)} ${entry.message}`;
      121 |   if (entry.level === 'error') console.error(line, ...extras);
    > 122 |   else if (entry.level === 'warn') console.warn(line, ...extras);
          |                                            ^
      123 |   else console.log(line, ...extras);
      124 | };
      125 |

      at Object.consoleSink [as sink] (src/logger/index.ts:122:44)
      at emit (src/logger/index.ts:172:10)
      at Object.warn (src/logger/index.ts:191:7)
      at ReceivingClient.applyState (src/session/SessionClient.ts:305:14)
      at ReceivingClient.receive (src/boot/__tests__/nativeSiblingSignOut.test.ts:8:50)
      at Object.<anonymous> (src/boot/__tests__/nativeSiblingSignOut.test.ts:95:19)

FAIL src/boot/__tests__/nativeSiblingSignOut.test.ts
  ● full logout received by a native sibling › persists the received removal before cold boot can recreate Commons identity

    expect(received).toBe(expected) // Object.is equality

    Expected: "unauthenticated"
    Received: "session"

      45 |     const restarted = createNativeAuthStateStore(f.storage);
      46 |     const outcome = await runSessionColdBoot({oxy: f.oxy, store: restarted, platform: {isWeb: false, isNative: true}});
    > 47 |     expect(outcome.kind).toBe('unauthenticated');
         |                          ^
      48 |     expect(f.signInWithCommonsIdentity).not.toHaveBeenCalled();
      49 |     expect(await restarted.isAutomaticIdentitySignInSuppressed?.()).toBe(true);
      50 |   });

      at Object.<anonymous> (src/boot/__tests__/nativeSiblingSignOut.test.ts:47:26)

  ● full logout received by a native sibling › does not publish signed out before the durable barrier completes

    expect(jest.fn()).toHaveBeenCalledTimes(expected)

    Expected number of calls: 1
    Received number of calls: 0

      60 |     client.receive(state(1));
      61 |     client.receive(state(2, null));
    > 62 |     expect(mark).toHaveBeenCalledTimes(1);
         |                  ^
      63 |     expect(seen).toEqual(['person']);
      64 |     release();
      65 |     await settle();

      at Object.<anonymous> (src/boot/__tests__/nativeSiblingSignOut.test.ts:62:18)

  ● full logout received by a native sibling › does not publish a delayed empty transition after a newer account commit

    expect(received).toEqual(expected) // deep equality

    - Expected  - 0
    + Received  + 1

      Array [
        "person",
    +   null,
        "new-person",
      ]

      83 |     release();
      84 |     await settle();
    > 85 |     expect(seen).toEqual(['person', 'new-person']);
         |                  ^
      86 |     expect(await f.store.isAutomaticIdentitySignInSuppressed?.()).toBe(false);
      87 |   });
      88 |

      at Object.<anonymous> (src/boot/__tests__/nativeSiblingSignOut.test.ts:85:18)

Test Suites: 1 failed, 1 total
Tests:       3 failed, 2 passed, 5 total
Snapshots:   0 total
Time:        0.355 s
Ran all test suites within paths "src/boot/__tests__/nativeSiblingSignOut.test.ts".
error: script "test" exited with code 1
