$ jest --passWithNoTests --runInBand src/session src/boot

  ●  Cannot log after tests are done. Did you forget to wait for something async in your test?
    Attempted to log "2026-10-03T14:11:32.033Z WARN [SessionClient] discarded invalid session sync {
      component: 'SessionClient',
      issues: [
        {
          path: '',
          code: 'invalid_type',
          expected: 'object',
          received: 'undefined'
        }
      ],
      keys: []
    }".

      120 |   const line = `${formatPrefix(entry)} ${entry.message}`;
      121 |   if (entry.level === 'error') console.error(line, ...extras);
    > 122 |   else if (entry.level === 'warn') console.warn(line, ...extras);
          |                                            ^
      123 |   else console.log(line, ...extras);
      124 | };
      125 |

      at console.warn (../../node_modules/.bun/@jest+console@30.5.1/node_modules/@jest/console/build/index.js:173:10)
      at Object.consoleSink [as sink] (src/logger/index.ts:122:44)
      at emit (src/logger/index.ts:172:10)
      at Object.warn (src/logger/index.ts:191:7)
      at SessionClient.applySync (src/session/SessionClient.ts:456:14)
      at SessionClient.bootstrap (src/session/SessionClient.ts:661:10)

FAIL src/session/__tests__/SessionClient.rest.test.ts
  ● Console

    console.warn
      2026-10-03T14:11:32.024Z WARN [SessionClient] discarded invalid session sync {
        component: 'SessionClient',
        issues: [
          {
            path: 'state',
            code: 'invalid_type',
            expected: 'object',
            received: 'undefined'
          },
          {
            path: 'activeToken',
            code: 'invalid_type',
            expected: 'object',
            received: 'undefined'
          }
        ],
        keys: [ 'bogus' ]
      }

      120 |   const line = `${formatPrefix(entry)} ${entry.message}`;
      121 |   if (entry.level === 'error') console.error(line, ...extras);
    > 122 |   else if (entry.level === 'warn') console.warn(line, ...extras);
          |                                            ^
      123 |   else console.log(line, ...extras);
      124 | };
      125 |

      at Object.consoleSink [as sink] (src/logger/index.ts:122:44)
      at emit (src/logger/index.ts:172:10)
      at Object.warn (src/logger/index.ts:191:7)
      at SessionClient.applySync (src/session/SessionClient.ts:456:14)
      at SessionClient.bootstrap (src/session/SessionClient.ts:661:10)
      at Object.<anonymous> (src/session/__tests__/SessionClient.rest.test.ts:101:5)

  ● SessionClient explicit full signout callback › awaits the callback after total signout, but not a partial signout

    expect(jest.fn()).toHaveBeenCalledTimes(expected)

    Expected number of calls: 1
    Received number of calls: 2

      152 |     const full=client.signOut({all:true}).then(()=>{resolved=true;});
      153 |     await new Promise(resolve=>setImmediate(resolve));
    > 154 |     expect(onFullExplicitSignOut).toHaveBeenCalledTimes(1);
          |                                   ^
      155 |     expect(resolved).toBe(false);
      156 |     release();await full;client.stop();
      157 |   });

      at Object.<anonymous> (src/session/__tests__/SessionClient.rest.test.ts:154:35)


Summary of all failing tests
FAIL src/session/__tests__/SessionClient.rest.test.ts
  ● SessionClient explicit full signout callback › awaits the callback after total signout, but not a partial signout

    expect(jest.fn()).toHaveBeenCalledTimes(expected)

    Expected number of calls: 1
    Received number of calls: 2

      152 |     const full=client.signOut({all:true}).then(()=>{resolved=true;});
      153 |     await new Promise(resolve=>setImmediate(resolve));
    > 154 |     expect(onFullExplicitSignOut).toHaveBeenCalledTimes(1);
          |                                   ^
      155 |     expect(resolved).toBe(false);
      156 |     release();await full;client.stop();
      157 |   });

      at Object.<anonymous> (src/session/__tests__/SessionClient.rest.test.ts:154:35)


Test Suites: 1 failed, 31 passed, 32 total
Tests:       1 failed, 437 passed, 438 total
Snapshots:   0 total
Time:        1.63 s, estimated 2 s
Ran all test suites matching src/session|src/boot.
Jest did not exit one second after the test run has completed.

'This usually means that there are asynchronous operations that weren't stopped in your tests. Consider running Jest with `--detectOpenHandles` to troubleshoot this issue.
