✔ RSA pair has the default 2048-bit modulus and matching public exponent (1.156743ms)
✔ key-pair PEM round trip preserves both moduli (0.392113ms)
✔ public-key PEM round trip preserves exponent and modulus (0.174789ms)
✔ private-key PEM round trip preserves private exponent (0.194797ms)
✔ certificate PEM round trip verifies its self-signature (0.901735ms)
✔ valid certificate and corresponding pair satisfy Expo validation (1.241671ms)
✔ Expo manifest signature verifies with independent Node/OpenSSL SHA256 (0.802109ms)
✔ altered manifest bytes fail independent Node/OpenSSL verification (0.230054ms)
✔ private key from another pair is rejected by Expo signing verification (23.678592ms)
✔ reversed certificate validity interval is rejected (0.828854ms)
✔ expired certificate is rejected by Expo validation (23.698957ms)
✔ CSR PEM round trip verifies its signature and requested identity (1.205595ms)
✔ development certificate verifies its issuer and contains requested project scope (21.867728ms)
✔ tampered CSR signature is rejected before development certificate issuance (1.009848ms)
ℹ tests 14
ℹ suites 0
ℹ pass 14
ℹ fail 0
ℹ cancelled 0
ℹ skipped 0
ℹ todo 0
ℹ duration_ms 84.66103
