$ jest --runInBand --runTestsByPath "src/middleware/__tests__/serviceTokenEd25519.test.ts"
{"level":40,"time":1791122960225,"pid":1384300,"hostname":"SuperPC","kid":"dev-ephemeral-bc8be8a94f0a","msg":"[ServiceToken] no signing key configured; minting with a per-process ephemeral Ed25519 key"}
FAIL src/middleware/__tests__/serviceTokenEd25519.test.ts
  Oxy API Ed25519 service tokens
    ✓ the common issuer produces exactly a five-minute credential or workload token (5 ms)
    ✓ mints a kid-bound token and verifies its whole service principal (1 ms)
    ✓ publishes active and pre-published rotation keys without private material (1 ms)
    ✓ rejects duplicate kids, including a public copy of the active key (7 ms)
    ✓ rejects legacy hour lifetime
    ✕ rejects over ceiling (3 ms)
    ✓ rejects missing issued-at (1 ms)
    ✓ rejects future issued-at (1 ms)
    ✓ rejects wrong issuer
    ✓ rejects wrong audience (1 ms)
    ✓ rejects future nbf (1 ms)
    ✓ rejects whitespace scope
    ✓ rejects duplicate scopes
    ✓ rejects application id leading whitespace
    ✓ rejects application id trailing whitespace (1 ms)
    ✓ rejects credential id leading whitespace
    ✓ rejects credential id trailing whitespace
    ✓ rejects owner id leading whitespace (1 ms)
    ✓ rejects owner id trailing whitespace
  with no signing key configured
    ✓ refuses to produce a signer in production — there is no HS256 fallback to fall to (1 ms)
    ✓ outside production, mints with one per-process ephemeral key that the JWKS publishes (1 ms)
    ✓ a token from the ephemeral key stops verifying once a real key is configured (1 ms)

  ● Oxy API Ed25519 service tokens › rejects over ceiling

    expect(received).toMatchObject(expected)

    - Expected  - 1
    + Received  + 1

      Object {
    -   "ok": false,
    +   "ok": true,
      }

      119 |   ])('rejects %s', (_label, override) => {
      120 |     const token = signServiceTokenEd25519(claims(override));
    > 121 |     expect(verifyServiceToken(token!)).toMatchObject({ ok: false });
          |                                        ^
      122 |   });
      123 | });
      124 |

      at src/middleware/__tests__/serviceTokenEd25519.test.ts:121:40

Test Suites: 1 failed, 1 total
Tests:       1 failed, 21 passed, 22 total
Snapshots:   0 total
Time:        0.878 s
Ran all test suites within paths "src/middleware/__tests__/serviceTokenEd25519.test.ts".
error: script "test" exited with code 1
