$ jest --runInBand src/scripts/__tests__/gowaySeedRollback.test.ts
FAIL src/scripts/__tests__/gowaySeedRollback.test.ts
  ✕ executes the exact SQL template atomically and retains both history rows (63 ms)
  ✓ rejects a changed credential without suspending the application (45 ms)
  ✓ rejects an application changed after the receipt without revoking the credential (38 ms)
  ✓ rejects additional credentials even when the original receipt versions match (41 ms)

  ● executes the exact SQL template atomically and retains both history rows

    expect(received).toBe(expected) // Object.is equality

    Expected: ""
    Received: "Warning: No existing cluster is suitable as a default target. Please see man pg_wrapper(1) how to specify one.
    "

      42 | it('executes the exact SQL template atomically and retains both history rows', async () => {
      43 |   const result = rollback(await receipt());
    > 44 |   expect(result.stderr).toBe('');
         |                         ^
      45 |   expect(result.status).toBe(0);
      46 |   expect(await state()).toEqual(['suspended', 'revoked']);
      47 | });

      at src/scripts/__tests__/gowaySeedRollback.test.ts:44:25
      at fulfilled (src/scripts/__tests__/gowaySeedRollback.test.ts:5:58)

Test Suites: 1 failed, 1 total
Tests:       1 failed, 3 passed, 4 total
Snapshots:   0 total
Time:        0.315 s, estimated 1 s
Ran all test suites matching src/scripts/__tests__/gowaySeedRollback.test.ts.
error: script "test" exited with code 1
