$ jest --passWithNoTests --runInBand --runTestsByPath src/server/__tests__/serviceAuth.test.ts
  console.warn
    2026-10-03T02:59:01.596Z WARN [oxy.auth] Service token rejected — no delegation grant {
      component: 'auth',
      method: 'auth.serviceToken',
      appId: 'app-1',
      attemptedUserId: 'victim-user-id'
    }

      120 |   const line = `${formatPrefix(entry)} ${entry.message}`;
      121 |   if (entry.level === 'error') console.error(line, ...extras);
    > 122 |   else if (entry.level === 'warn') console.warn(line, ...extras);
          |                                            ^
      123 |   else console.log(line, ...extras);
      124 | };
      125 |

      at Object.consoleSink [as sink] (src/logger/index.ts:122:44)
      at emit (src/logger/index.ts:172:10)
      at Object.warn (src/logger/index.ts:191:7)
      at src/server/middleware.ts:701:22
      at Object.<anonymous> (src/server/__tests__/serviceAuth.test.ts:164:5)

  console.warn
    2026-10-03T02:59:01.610Z WARN [oxy.auth] refused SERVICE_ACTING_AS_UNAUTHORIZED: No delegation grant for app app-1 acting as victim-user-id (or this verifier could not reach the grant check) {
      component: 'auth',
      method: 'auth',
      code: 'SERVICE_ACTING_AS_UNAUTHORIZED',
      stage: 'service-token',
      reason: 'No delegation grant for app app-1 acting as victim-user-id (or this verifier could not reach the grant check)',
      status: 403,
      optional: false,
      path: '/test'
    }

      120 |   const line = `${formatPrefix(entry)} ${entry.message}`;
      121 |   if (entry.level === 'error') console.error(line, ...extras);
    > 122 |   else if (entry.level === 'warn') console.warn(line, ...extras);
          |                                            ^
      123 |   else console.log(line, ...extras);
      124 | };
      125 |

      at Object.consoleSink [as sink] (src/logger/index.ts:122:44)
      at emit (src/logger/index.ts:172:10)
      at Object.warn (src/logger/index.ts:191:7)
      at recordRefusal (src/server/middleware.ts:421:14)
      at src/server/middleware.ts:711:15
      at Object.<anonymous> (src/server/__tests__/serviceAuth.test.ts:164:5)

  console.warn
    2026-10-03T02:59:01.617Z WARN [oxy.auth] Service token rejected — no delegation grant {
      component: 'auth',
      method: 'auth.serviceToken',
      appId: 'alia',
      attemptedUserId: 'user-1'
    }

      120 |   const line = `${formatPrefix(entry)} ${entry.message}`;
      121 |   if (entry.level === 'error') console.error(line, ...extras);
    > 122 |   else if (entry.level === 'warn') console.warn(line, ...extras);
          |                                            ^
      123 |   else console.log(line, ...extras);
      124 | };
      125 |

      at Object.consoleSink [as sink] (src/logger/index.ts:122:44)
      at emit (src/logger/index.ts:172:10)
      at Object.warn (src/logger/index.ts:191:7)
      at src/server/middleware.ts:701:22
      at Object.<anonymous> (src/server/__tests__/serviceAuth.test.ts:220:5)

  console.warn
    2026-10-03T02:59:01.618Z WARN [oxy.auth] refused SERVICE_ACTING_AS_UNAUTHORIZED: No delegation grant for app alia acting as user-1 (or this verifier could not reach the grant check) {
      component: 'auth',
      method: 'auth',
      code: 'SERVICE_ACTING_AS_UNAUTHORIZED',
      stage: 'service-token',
      reason: 'No delegation grant for app alia acting as user-1 (or this verifier could not reach the grant check)',
      status: 403,
      optional: false,
      path: '/test'
    }

      120 |   const line = `${formatPrefix(entry)} ${entry.message}`;
      121 |   if (entry.level === 'error') console.error(line, ...extras);
    > 122 |   else if (entry.level === 'warn') console.warn(line, ...extras);
          |                                            ^
      123 |   else console.log(line, ...extras);
      124 | };
      125 |

      at Object.consoleSink [as sink] (src/logger/index.ts:122:44)
      at emit (src/logger/index.ts:172:10)
      at Object.warn (src/logger/index.ts:191:7)
      at recordRefusal (src/server/middleware.ts:421:14)
      at src/server/middleware.ts:711:15
      at Object.<anonymous> (src/server/__tests__/serviceAuth.test.ts:220:5)

  console.warn
    2026-10-03T02:59:01.621Z WARN [oxy.auth] Service token rejected — no delegation grant {
      component: 'auth',
      method: 'auth.serviceToken',
      appId: 'app-1',
      attemptedUserId: 'user-1'
    }

      120 |   const line = `${formatPrefix(entry)} ${entry.message}`;
      121 |   if (entry.level === 'error') console.error(line, ...extras);
    > 122 |   else if (entry.level === 'warn') console.warn(line, ...extras);
          |                                            ^
      123 |   else console.log(line, ...extras);
      124 | };
      125 |

      at Object.consoleSink [as sink] (src/logger/index.ts:122:44)
      at emit (src/logger/index.ts:172:10)
      at Object.warn (src/logger/index.ts:191:7)
      at src/server/middleware.ts:701:22
      at Object.<anonymous> (src/server/__tests__/serviceAuth.test.ts:235:5)

  console.warn
    2026-10-03T02:59:01.622Z WARN [oxy.auth] refused SERVICE_ACTING_AS_UNAUTHORIZED: No delegation grant for app app-1 acting as user-1 (or this verifier could not reach the grant check) {
      component: 'auth',
      method: 'auth',
      code: 'SERVICE_ACTING_AS_UNAUTHORIZED',
      stage: 'service-token',
      reason: 'No delegation grant for app app-1 acting as user-1 (or this verifier could not reach the grant check)',
      status: 403,
      optional: false,
      path: '/test'
    }

      120 |   const line = `${formatPrefix(entry)} ${entry.message}`;
      121 |   if (entry.level === 'error') console.error(line, ...extras);
    > 122 |   else if (entry.level === 'warn') console.warn(line, ...extras);
          |                                            ^
      123 |   else console.log(line, ...extras);
      124 | };
      125 |

      at Object.consoleSink [as sink] (src/logger/index.ts:122:44)
      at emit (src/logger/index.ts:172:10)
      at Object.warn (src/logger/index.ts:191:7)
      at recordRefusal (src/server/middleware.ts:421:14)
      at src/server/middleware.ts:711:15
      at Object.<anonymous> (src/server/__tests__/serviceAuth.test.ts:235:5)

  console.warn
    2026-10-03T02:59:01.635Z WARN [oxy.auth] Service token rejected — no delegation grant {
      component: 'auth',
      method: 'auth.serviceToken',
      appId: 'app-1',
      attemptedUserId: 'u-1'
    }

      120 |   const line = `${formatPrefix(entry)} ${entry.message}`;
      121 |   if (entry.level === 'error') console.error(line, ...extras);
    > 122 |   else if (entry.level === 'warn') console.warn(line, ...extras);
          |                                            ^
      123 |   else console.log(line, ...extras);
      124 | };
      125 |

      at Object.consoleSink [as sink] (src/logger/index.ts:122:44)
      at emit (src/logger/index.ts:172:10)
      at Object.warn (src/logger/index.ts:191:7)
      at src/server/middleware.ts:701:22
      at Object.<anonymous> (src/server/__tests__/serviceAuth.test.ts:277:5)

  console.warn
    2026-10-03T02:59:01.636Z WARN [oxy.auth] refused SERVICE_ACTING_AS_UNAUTHORIZED: No delegation grant for app app-1 acting as u-1 (or this verifier could not reach the grant check) {
      component: 'auth',
      method: 'auth',
      code: 'SERVICE_ACTING_AS_UNAUTHORIZED',
      stage: 'service-token',
      reason: 'No delegation grant for app app-1 acting as u-1 (or this verifier could not reach the grant check)',
      status: 403,
      optional: false,
      path: '/test'
    }

      120 |   const line = `${formatPrefix(entry)} ${entry.message}`;
      121 |   if (entry.level === 'error') console.error(line, ...extras);
    > 122 |   else if (entry.level === 'warn') console.warn(line, ...extras);
          |                                            ^
      123 |   else console.log(line, ...extras);
      124 | };
      125 |

      at Object.consoleSink [as sink] (src/logger/index.ts:122:44)
      at emit (src/logger/index.ts:172:10)
      at Object.warn (src/logger/index.ts:191:7)
      at recordRefusal (src/server/middleware.ts:421:14)
      at src/server/middleware.ts:711:15
      at Object.<anonymous> (src/server/__tests__/serviceAuth.test.ts:277:5)

  console.warn
    2026-10-03T02:59:01.639Z WARN [oxy.auth] Service token cache hit with mismatched secret { component: 'auth', method: 'serviceToken' }

      120 |   const line = `${formatPrefix(entry)} ${entry.message}`;
      121 |   if (entry.level === 'error') console.error(line, ...extras);
    > 122 |   else if (entry.level === 'warn') console.warn(line, ...extras);
          |                                            ^
      123 |   else console.log(line, ...extras);
      124 | };
      125 |

      at Object.consoleSink [as sink] (src/logger/index.ts:122:44)
      at emit (src/logger/index.ts:172:10)
      at Object.warn (src/logger/index.ts:191:7)
      at OxyServer.serviceToken (src/server/OxyServer.ts:301:16)
      at Object.<anonymous> (src/server/__tests__/serviceAuth.test.ts:345:5)

  console.warn
    2026-10-03T02:59:01.641Z WARN [oxy.auth] Service token cache hit with mismatched secret { component: 'auth', method: 'serviceToken' }

      120 |   const line = `${formatPrefix(entry)} ${entry.message}`;
      121 |   if (entry.level === 'error') console.error(line, ...extras);
    > 122 |   else if (entry.level === 'warn') console.warn(line, ...extras);
          |                                            ^
      123 |   else console.log(line, ...extras);
      124 | };
      125 |

      at Object.consoleSink [as sink] (src/logger/index.ts:122:44)
      at emit (src/logger/index.ts:172:10)
      at Object.warn (src/logger/index.ts:191:7)
      at OxyServer.serviceToken (src/server/OxyServer.ts:301:16)
      at Object.<anonymous> (src/server/__tests__/serviceAuth.test.ts:362:5)

  console.warn
    2026-10-03T02:59:01.646Z WARN [oxy.auth] refused INVALID_SERVICE_TOKEN: ServiceTokenStructureError: Service token must have 3 parts, got 2 {
      component: 'auth',
      method: 'auth',
      code: 'INVALID_SERVICE_TOKEN',
      stage: 'service-token',
      reason: 'ServiceTokenStructureError: Service token must have 3 parts, got 2',
      status: 401,
      optional: false,
      path: '/test'
    }

      120 |   const line = `${formatPrefix(entry)} ${entry.message}`;
      121 |   if (entry.level === 'error') console.error(line, ...extras);
    > 122 |   else if (entry.level === 'warn') console.warn(line, ...extras);
          |                                            ^
      123 |   else console.log(line, ...extras);
      124 | };
      125 |

      at Object.consoleSink [as sink] (src/logger/index.ts:122:44)
      at emit (src/logger/index.ts:172:10)
      at Object.warn (src/logger/index.ts:191:7)
      at recordRefusal (src/server/middleware.ts:421:14)
      at src/server/middleware.ts:547:15
      at Object.<anonymous> (src/server/__tests__/serviceAuth.test.ts:524:5)

  console.warn
    2026-10-03T02:59:01.647Z WARN [oxy.auth] refused INVALID_SERVICE_TOKEN: ServiceTokenStructureError: Service token has empty segment {
      component: 'auth',
      method: 'auth',
      code: 'INVALID_SERVICE_TOKEN',
      stage: 'service-token',
      reason: 'ServiceTokenStructureError: Service token has empty segment',
      status: 401,
      optional: false,
      path: '/test'
    }

      120 |   const line = `${formatPrefix(entry)} ${entry.message}`;
      121 |   if (entry.level === 'error') console.error(line, ...extras);
    > 122 |   else if (entry.level === 'warn') console.warn(line, ...extras);
          |                                            ^
      123 |   else console.log(line, ...extras);
      124 | };
      125 |

      at Object.consoleSink [as sink] (src/logger/index.ts:122:44)
      at emit (src/logger/index.ts:172:10)
      at Object.warn (src/logger/index.ts:191:7)
      at recordRefusal (src/server/middleware.ts:421:14)
      at src/server/middleware.ts:547:15
      at Object.<anonymous> (src/server/__tests__/serviceAuth.test.ts:543:5)

  console.warn
    2026-10-03T02:59:01.649Z WARN [oxy.auth] refused INVALID_SERVICE_TOKEN: ServiceTokenSignatureError: Service token signature is invalid {
      component: 'auth',
      method: 'auth',
      code: 'INVALID_SERVICE_TOKEN',
      stage: 'service-token',
      reason: 'ServiceTokenSignatureError: Service token signature is invalid',
      status: 401,
      optional: false,
      path: '/test'
    }

      120 |   const line = `${formatPrefix(entry)} ${entry.message}`;
      121 |   if (entry.level === 'error') console.error(line, ...extras);
    > 122 |   else if (entry.level === 'warn') console.warn(line, ...extras);
          |                                            ^
      123 |   else console.log(line, ...extras);
      124 | };
      125 |

      at Object.consoleSink [as sink] (src/logger/index.ts:122:44)
      at emit (src/logger/index.ts:172:10)
      at Object.warn (src/logger/index.ts:191:7)
      at recordRefusal (src/server/middleware.ts:421:14)
      at src/server/middleware.ts:547:15
      at Object.<anonymous> (src/server/__tests__/serviceAuth.test.ts:558:5)

  console.warn
    2026-10-03T02:59:01.650Z WARN [oxy.auth] refused INVALID_TOKEN_FORMAT: Bearer credential is not a decodable JWT {
      component: 'auth',
      method: 'auth',
      code: 'INVALID_TOKEN_FORMAT',
      stage: 'token',
      reason: 'Bearer credential is not a decodable JWT',
      status: 401,
      optional: false,
      path: '/test'
    }

      120 |   const line = `${formatPrefix(entry)} ${entry.message}`;
      121 |   if (entry.level === 'error') console.error(line, ...extras);
    > 122 |   else if (entry.level === 'warn') console.warn(line, ...extras);
          |                                            ^
      123 |   else console.log(line, ...extras);
      124 | };
      125 |

      at Object.consoleSink [as sink] (src/logger/index.ts:122:44)
      at emit (src/logger/index.ts:172:10)
      at Object.warn (src/logger/index.ts:191:7)
      at recordRefusal (src/server/middleware.ts:421:14)
      at src/server/middleware.ts:484:11
      at Object.<anonymous> (src/server/__tests__/serviceAuth.test.ts:578:13)

  console.warn
    2026-10-03T02:59:01.650Z WARN [oxy.auth] refused INVALID_TOKEN_FORMAT: Bearer credential is not a decodable JWT {
      component: 'auth',
      method: 'auth',
      code: 'INVALID_TOKEN_FORMAT',
      stage: 'token',
      reason: 'Bearer credential is not a decodable JWT',
      status: 401,
      optional: false,
      path: '/test'
    }

      120 |   const line = `${formatPrefix(entry)} ${entry.message}`;
      121 |   if (entry.level === 'error') console.error(line, ...extras);
    > 122 |   else if (entry.level === 'warn') console.warn(line, ...extras);
          |                                            ^
      123 |   else console.log(line, ...extras);
      124 | };
      125 |

      at Object.consoleSink [as sink] (src/logger/index.ts:122:44)
      at emit (src/logger/index.ts:172:10)
      at Object.warn (src/logger/index.ts:191:7)
      at recordRefusal (src/server/middleware.ts:421:14)
      at src/server/middleware.ts:484:11
      at Object.<anonymous> (src/server/__tests__/serviceAuth.test.ts:578:13)

  console.warn
    2026-10-03T02:59:01.651Z WARN [oxy.auth] refused INVALID_TOKEN_FORMAT: Bearer credential is not a decodable JWT {
      component: 'auth',
      method: 'auth',
      code: 'INVALID_TOKEN_FORMAT',
      stage: 'token',
      reason: 'Bearer credential is not a decodable JWT',
      status: 401,
      optional: false,
      path: '/test'
    }

      120 |   const line = `${formatPrefix(entry)} ${entry.message}`;
      121 |   if (entry.level === 'error') console.error(line, ...extras);
    > 122 |   else if (entry.level === 'warn') console.warn(line, ...extras);
          |                                            ^
      123 |   else console.log(line, ...extras);
      124 | };
      125 |

      at Object.consoleSink [as sink] (src/logger/index.ts:122:44)
      at emit (src/logger/index.ts:172:10)
      at Object.warn (src/logger/index.ts:191:7)
      at recordRefusal (src/server/middleware.ts:421:14)
      at src/server/middleware.ts:484:11
      at Object.<anonymous> (src/server/__tests__/serviceAuth.test.ts:578:13)

  console.warn
    2026-10-03T02:59:01.651Z WARN [oxy.auth] refused INVALID_TOKEN_FORMAT: Bearer credential is not a decodable JWT {
      component: 'auth',
      method: 'auth',
      code: 'INVALID_TOKEN_FORMAT',
      stage: 'token',
      reason: 'Bearer credential is not a decodable JWT',
      status: 401,
      optional: false,
      path: '/test'
    }

      120 |   const line = `${formatPrefix(entry)} ${entry.message}`;
      121 |   if (entry.level === 'error') console.error(line, ...extras);
    > 122 |   else if (entry.level === 'warn') console.warn(line, ...extras);
          |                                            ^
      123 |   else console.log(line, ...extras);
      124 | };
      125 |

      at Object.consoleSink [as sink] (src/logger/index.ts:122:44)
      at emit (src/logger/index.ts:172:10)
      at Object.warn (src/logger/index.ts:191:7)
      at recordRefusal (src/server/middleware.ts:421:14)
      at src/server/middleware.ts:484:11
      at Object.<anonymous> (src/server/__tests__/serviceAuth.test.ts:578:13)

  console.warn
    2026-10-03T02:59:01.653Z WARN [oxy.auth] refused INVALID_SERVICE_TOKEN_CLAIMS: ServiceTokenClaimError: Service token audience mismatch: expected 'oxy-api', got 'wrong-audience' {
      component: 'auth',
      method: 'auth',
      code: 'INVALID_SERVICE_TOKEN_CLAIMS',
      stage: 'service-token',
      reason: "ServiceTokenClaimError: Service token audience mismatch: expected 'oxy-api', got 'wrong-audience'",
      status: 401,
      optional: false,
      path: '/test'
    }

      120 |   const line = `${formatPrefix(entry)} ${entry.message}`;
      121 |   if (entry.level === 'error') console.error(line, ...extras);
    > 122 |   else if (entry.level === 'warn') console.warn(line, ...extras);
          |                                            ^
      123 |   else console.log(line, ...extras);
      124 | };
      125 |

      at Object.consoleSink [as sink] (src/logger/index.ts:122:44)
      at emit (src/logger/index.ts:172:10)
      at Object.warn (src/logger/index.ts:191:7)
      at recordRefusal (src/server/middleware.ts:421:14)
      at src/server/middleware.ts:547:15
      at Object.<anonymous> (src/server/__tests__/serviceAuth.test.ts:611:5)

  console.warn
    2026-10-03T02:59:01.655Z WARN [oxy.auth] refused INVALID_SERVICE_TOKEN_CLAIMS: ServiceTokenClaimError: Service token issuer mismatch: expected 'oxy-auth', got 'evil-auth' {
      component: 'auth',
      method: 'auth',
      code: 'INVALID_SERVICE_TOKEN_CLAIMS',
      stage: 'service-token',
      reason: "ServiceTokenClaimError: Service token issuer mismatch: expected 'oxy-auth', got 'evil-auth'",
      status: 401,
      optional: false,
      path: '/test'
    }

      120 |   const line = `${formatPrefix(entry)} ${entry.message}`;
      121 |   if (entry.level === 'error') console.error(line, ...extras);
    > 122 |   else if (entry.level === 'warn') console.warn(line, ...extras);
          |                                            ^
      123 |   else console.log(line, ...extras);
      124 | };
      125 |

      at Object.consoleSink [as sink] (src/logger/index.ts:122:44)
      at emit (src/logger/index.ts:172:10)
      at Object.warn (src/logger/index.ts:191:7)
      at recordRefusal (src/server/middleware.ts:421:14)
      at src/server/middleware.ts:547:15
      at Object.<anonymous> (src/server/__tests__/serviceAuth.test.ts:628:5)

  console.warn
    2026-10-03T02:59:01.656Z WARN [oxy.auth] refused SESSION_REQUIRED: User access token is not bound to a session {
      component: 'auth',
      method: 'auth',
      code: 'SESSION_REQUIRED',
      stage: 'token',
      reason: 'User access token is not bound to a session',
      status: 401,
      optional: false,
      path: '/test'
    }

      120 |   const line = `${formatPrefix(entry)} ${entry.message}`;
      121 |   if (entry.level === 'error') console.error(line, ...extras);
    > 122 |   else if (entry.level === 'warn') console.warn(line, ...extras);
          |                                            ^
      123 |   else console.log(line, ...extras);
      124 | };
      125 |

      at Object.consoleSink [as sink] (src/logger/index.ts:122:44)
      at emit (src/logger/index.ts:172:10)
      at Object.warn (src/logger/index.ts:191:7)
      at recordRefusal (src/server/middleware.ts:421:14)
      at src/server/middleware.ts:820:11
      at Object.<anonymous> (src/server/__tests__/serviceAuth.test.ts:648:11)

  console.warn
    2026-10-03T02:59:01.657Z WARN [oxy.auth] refused INVALID_SERVICE_TOKEN_CLAIMS: ServiceTokenClaimError: Service token issuer mismatch: expected 'oxy-auth', got 'wrong-iss' {
      component: 'auth',
      method: 'auth',
      code: 'INVALID_SERVICE_TOKEN_CLAIMS',
      stage: 'service-token',
      reason: "ServiceTokenClaimError: Service token issuer mismatch: expected 'oxy-auth', got 'wrong-iss'",
      status: 401,
      optional: false,
      path: '/test'
    }

      120 |   const line = `${formatPrefix(entry)} ${entry.message}`;
      121 |   if (entry.level === 'error') console.error(line, ...extras);
    > 122 |   else if (entry.level === 'warn') console.warn(line, ...extras);
          |                                            ^
      123 |   else console.log(line, ...extras);
      124 | };
      125 |

      at Object.consoleSink [as sink] (src/logger/index.ts:122:44)
      at emit (src/logger/index.ts:172:10)
      at Object.warn (src/logger/index.ts:191:7)
      at recordRefusal (src/server/middleware.ts:421:14)
      at src/server/middleware.ts:547:15
      at Object.<anonymous> (src/server/__tests__/serviceAuth.test.ts:671:5)

  console.warn
    2026-10-03T02:59:01.660Z WARN [oxy.auth] Service token missing required scope {
      component: 'auth',
      method: 'requireScope',
      appId: 'a',
      required: 'files:write'
    }

      120 |   const line = `${formatPrefix(entry)} ${entry.message}`;
      121 |   if (entry.level === 'error') console.error(line, ...extras);
    > 122 |   else if (entry.level === 'warn') console.warn(line, ...extras);
          |                                            ^
      123 |   else console.log(line, ...extras);
      124 | };
      125 |

      at Object.consoleSink [as sink] (src/logger/index.ts:122:44)
      at emit (src/logger/index.ts:172:10)
      at Object.warn (src/logger/index.ts:191:7)
      at src/server/middleware.ts:1269:14
      at Object.<anonymous> (src/server/__tests__/serviceAuth.test.ts:731:47)

  console.warn
    2026-10-03T02:59:01.661Z WARN [oxy.auth] Service token missing required scope {
      component: 'auth',
      method: 'requireScope',
      appId: 'a',
      required: 'files:write'
    }

      120 |   const line = `${formatPrefix(entry)} ${entry.message}`;
      121 |   if (entry.level === 'error') console.error(line, ...extras);
    > 122 |   else if (entry.level === 'warn') console.warn(line, ...extras);
          |                                            ^
      123 |   else console.log(line, ...extras);
      124 | };
      125 |

      at Object.consoleSink [as sink] (src/logger/index.ts:122:44)
      at emit (src/logger/index.ts:172:10)
      at Object.warn (src/logger/index.ts:191:7)
      at src/server/middleware.ts:1269:14
      at Object.<anonymous> (src/server/__tests__/serviceAuth.test.ts:743:47)

  console.warn
    2026-10-03T02:59:01.662Z WARN [oxy.auth] Service token missing required scope {
      component: 'auth',
      method: 'requireScope',
      appId: 'a',
      required: 'files:write'
    }

      120 |   const line = `${formatPrefix(entry)} ${entry.message}`;
      121 |   if (entry.level === 'error') console.error(line, ...extras);
    > 122 |   else if (entry.level === 'warn') console.warn(line, ...extras);
          |                                            ^
      123 |   else console.log(line, ...extras);
      124 | };
      125 |

      at Object.consoleSink [as sink] (src/logger/index.ts:122:44)
      at emit (src/logger/index.ts:172:10)
      at Object.warn (src/logger/index.ts:191:7)
      at src/server/middleware.ts:1269:14
      at Object.<anonymous> (src/server/__tests__/serviceAuth.test.ts:783:47)

  console.warn
    2026-10-03T02:59:01.664Z WARN [oxy.auth] Service token missing required scope {
      component: 'auth',
      method: 'requireScope',
      appId: 'a',
      required: 'files:write'
    }

      120 |   const line = `${formatPrefix(entry)} ${entry.message}`;
      121 |   if (entry.level === 'error') console.error(line, ...extras);
    > 122 |   else if (entry.level === 'warn') console.warn(line, ...extras);
          |                                            ^
      123 |   else console.log(line, ...extras);
      124 | };
      125 |

      at Object.consoleSink [as sink] (src/logger/index.ts:122:44)
      at emit (src/logger/index.ts:172:10)
      at Object.warn (src/logger/index.ts:191:7)
      at src/server/middleware.ts:1269:14
      at Object.<anonymous> (src/server/__tests__/serviceAuth.test.ts:797:47)

  console.warn
    2026-10-03T02:59:01.665Z WARN [oxy.auth] Service token missing required scope {
      component: 'auth',
      method: 'requireScope',
      appId: 'a',
      required: 'files:write'
    }

      120 |   const line = `${formatPrefix(entry)} ${entry.message}`;
      121 |   if (entry.level === 'error') console.error(line, ...extras);
    > 122 |   else if (entry.level === 'warn') console.warn(line, ...extras);
          |                                            ^
      123 |   else console.log(line, ...extras);
      124 | };
      125 |

      at Object.consoleSink [as sink] (src/logger/index.ts:122:44)
      at emit (src/logger/index.ts:172:10)
      at Object.warn (src/logger/index.ts:191:7)
      at src/server/middleware.ts:1269:14
      at Object.<anonymous> (src/server/__tests__/serviceAuth.test.ts:810:47)

  console.warn
    2026-10-03T02:59:01.669Z WARN [oxy.auth] refused INVALID_SERVICE_TOKEN: Service token claims unusable (environment) {
      component: 'auth',
      method: 'auth',
      code: 'INVALID_SERVICE_TOKEN',
      stage: 'service-token',
      reason: 'Service token claims unusable (environment)',
      status: 401,
      optional: false,
      path: '/test'
    }

      120 |   const line = `${formatPrefix(entry)} ${entry.message}`;
      121 |   if (entry.level === 'error') console.error(line, ...extras);
    > 122 |   else if (entry.level === 'warn') console.warn(line, ...extras);
          |                                            ^
      123 |   else console.log(line, ...extras);
      124 | };
      125 |

      at Object.consoleSink [as sink] (src/logger/index.ts:122:44)
      at emit (src/logger/index.ts:172:10)
      at Object.warn (src/logger/index.ts:191:7)
      at recordRefusal (src/server/middleware.ts:421:14)
      at src/server/middleware.ts:640:13
      at Object.<anonymous> (src/server/__tests__/serviceAuth.test.ts:871:5)

  console.warn
    2026-10-03T02:59:01.671Z WARN [oxy.auth] refused INVALID_SERVICE_TOKEN: Service token claims unusable (environment) {
      component: 'auth',
      method: 'auth',
      code: 'INVALID_SERVICE_TOKEN',
      stage: 'service-token',
      reason: 'Service token claims unusable (environment)',
      status: 401,
      optional: false,
      path: '/test'
    }

      120 |   const line = `${formatPrefix(entry)} ${entry.message}`;
      121 |   if (entry.level === 'error') console.error(line, ...extras);
    > 122 |   else if (entry.level === 'warn') console.warn(line, ...extras);
          |                                            ^
      123 |   else console.log(line, ...extras);
      124 | };
      125 |

      at Object.consoleSink [as sink] (src/logger/index.ts:122:44)
      at emit (src/logger/index.ts:172:10)
      at Object.warn (src/logger/index.ts:191:7)
      at recordRefusal (src/server/middleware.ts:421:14)
      at src/server/middleware.ts:640:13
      at Object.<anonymous> (src/server/__tests__/serviceAuth.test.ts:887:5)

  console.warn
    2026-10-03T02:59:01.672Z WARN [oxy.auth] refused INVALID_SERVICE_TOKEN: ServiceTokenStructureError: Service token JOSE header is not supported {
      component: 'auth',
      method: 'auth',
      code: 'INVALID_SERVICE_TOKEN',
      stage: 'service-token',
      reason: 'ServiceTokenStructureError: Service token JOSE header is not supported',
      status: 401,
      optional: false,
      path: '/test'
    }

      120 |   const line = `${formatPrefix(entry)} ${entry.message}`;
      121 |   if (entry.level === 'error') console.error(line, ...extras);
    > 122 |   else if (entry.level === 'warn') console.warn(line, ...extras);
          |                                            ^
      123 |   else console.log(line, ...extras);
      124 | };
      125 |

      at Object.consoleSink [as sink] (src/logger/index.ts:122:44)
      at emit (src/logger/index.ts:172:10)
      at Object.warn (src/logger/index.ts:191:7)
      at recordRefusal (src/server/middleware.ts:421:14)
      at src/server/middleware.ts:547:15
      at src/server/__tests__/serviceAuth.test.ts:923:5

  console.warn
    2026-10-03T02:59:01.674Z WARN [oxy.auth] refused INVALID_SERVICE_TOKEN: ServiceTokenStructureError: Service token JOSE header is not supported {
      component: 'auth',
      method: 'auth',
      code: 'INVALID_SERVICE_TOKEN',
      stage: 'service-token',
      reason: 'ServiceTokenStructureError: Service token JOSE header is not supported',
      status: 401,
      optional: true,
      path: '/test'
    }

      120 |   const line = `${formatPrefix(entry)} ${entry.message}`;
      121 |   if (entry.level === 'error') console.error(line, ...extras);
    > 122 |   else if (entry.level === 'warn') console.warn(line, ...extras);
          |                                            ^
      123 |   else console.log(line, ...extras);
      124 | };
      125 |

      at Object.consoleSink [as sink] (src/logger/index.ts:122:44)
      at emit (src/logger/index.ts:172:10)
      at Object.warn (src/logger/index.ts:191:7)
      at recordRefusal (src/server/middleware.ts:421:14)
      at src/server/middleware.ts:547:15
      at src/server/__tests__/serviceAuth.test.ts:923:5

  console.warn
    2026-10-03T02:59:01.675Z WARN [oxy.auth] refused INVALID_SERVICE_TOKEN: ServiceTokenStructureError: Service token JOSE header is not supported {
      component: 'auth',
      method: 'auth',
      code: 'INVALID_SERVICE_TOKEN',
      stage: 'service-token',
      reason: 'ServiceTokenStructureError: Service token JOSE header is not supported',
      status: 401,
      optional: false,
      path: '/test'
    }

      120 |   const line = `${formatPrefix(entry)} ${entry.message}`;
      121 |   if (entry.level === 'error') console.error(line, ...extras);
    > 122 |   else if (entry.level === 'warn') console.warn(line, ...extras);
          |                                            ^
      123 |   else console.log(line, ...extras);
      124 | };
      125 |

      at Object.consoleSink [as sink] (src/logger/index.ts:122:44)
      at emit (src/logger/index.ts:172:10)
      at Object.warn (src/logger/index.ts:191:7)
      at recordRefusal (src/server/middleware.ts:421:14)
      at src/server/middleware.ts:547:15
      at src/server/middleware.ts:1192:7
      at src/server/__tests__/serviceAuth.test.ts:923:5

  console.warn
    2026-10-03T02:59:01.676Z WARN [oxy.auth] refused INVALID_SERVICE_TOKEN: ServiceTokenStructureError: Service token JOSE header is not supported {
      component: 'auth',
      method: 'auth',
      code: 'INVALID_SERVICE_TOKEN',
      stage: 'service-token',
      reason: 'ServiceTokenStructureError: Service token JOSE header is not supported',
      status: 401,
      optional: false,
      path: '/test'
    }

      120 |   const line = `${formatPrefix(entry)} ${entry.message}`;
      121 |   if (entry.level === 'error') console.error(line, ...extras);
    > 122 |   else if (entry.level === 'warn') console.warn(line, ...extras);
          |                                            ^
      123 |   else console.log(line, ...extras);
      124 | };
      125 |

      at Object.consoleSink [as sink] (src/logger/index.ts:122:44)
      at emit (src/logger/index.ts:172:10)
      at Object.warn (src/logger/index.ts:191:7)
      at recordRefusal (src/server/middleware.ts:421:14)
      at src/server/middleware.ts:547:15
      at src/server/middleware.ts:1192:7
      at Object.<anonymous> (src/server/__tests__/serviceAuth.test.ts:948:5)

  console.warn
    2026-10-03T02:59:01.678Z WARN [oxy.auth] refused INVALID_SERVICE_TOKEN: ServiceTokenStructureError: Service token has empty segment {
      component: 'auth',
      method: 'auth',
      code: 'INVALID_SERVICE_TOKEN',
      stage: 'service-token',
      reason: 'ServiceTokenStructureError: Service token has empty segment',
      status: 401,
      optional: false,
      path: '/test'
    }

      120 |   const line = `${formatPrefix(entry)} ${entry.message}`;
      121 |   if (entry.level === 'error') console.error(line, ...extras);
    > 122 |   else if (entry.level === 'warn') console.warn(line, ...extras);
          |                                            ^
      123 |   else console.log(line, ...extras);
      124 | };
      125 |

      at Object.consoleSink [as sink] (src/logger/index.ts:122:44)
      at emit (src/logger/index.ts:172:10)
      at Object.warn (src/logger/index.ts:191:7)
      at recordRefusal (src/server/middleware.ts:421:14)
      at src/server/middleware.ts:547:15
      at src/server/__tests__/serviceAuth.test.ts:968:7

  console.warn
    2026-10-03T02:59:01.679Z WARN [oxy.auth] refused INVALID_SERVICE_TOKEN: ServiceTokenStructureError: Service token has empty segment {
      component: 'auth',
      method: 'auth',
      code: 'INVALID_SERVICE_TOKEN',
      stage: 'service-token',
      reason: 'ServiceTokenStructureError: Service token has empty segment',
      status: 401,
      optional: false,
      path: '/test'
    }

      120 |   const line = `${formatPrefix(entry)} ${entry.message}`;
      121 |   if (entry.level === 'error') console.error(line, ...extras);
    > 122 |   else if (entry.level === 'warn') console.warn(line, ...extras);
          |                                            ^
      123 |   else console.log(line, ...extras);
      124 | };
      125 |

      at Object.consoleSink [as sink] (src/logger/index.ts:122:44)
      at emit (src/logger/index.ts:172:10)
      at Object.warn (src/logger/index.ts:191:7)
      at recordRefusal (src/server/middleware.ts:421:14)
      at src/server/middleware.ts:547:15
      at src/server/middleware.ts:1192:7
      at src/server/__tests__/serviceAuth.test.ts:968:7

  console.warn
    2026-10-03T02:59:01.680Z WARN [oxy.auth] refused INVALID_SERVICE_TOKEN: ServiceTokenStructureError: Service token JOSE header is not supported {
      component: 'auth',
      method: 'auth',
      code: 'INVALID_SERVICE_TOKEN',
      stage: 'service-token',
      reason: 'ServiceTokenStructureError: Service token JOSE header is not supported',
      status: 401,
      optional: false,
      path: '/test'
    }

      120 |   const line = `${formatPrefix(entry)} ${entry.message}`;
      121 |   if (entry.level === 'error') console.error(line, ...extras);
    > 122 |   else if (entry.level === 'warn') console.warn(line, ...extras);
          |                                            ^
      123 |   else console.log(line, ...extras);
      124 | };
      125 |

      at Object.consoleSink [as sink] (src/logger/index.ts:122:44)
      at emit (src/logger/index.ts:172:10)
      at Object.warn (src/logger/index.ts:191:7)
      at recordRefusal (src/server/middleware.ts:421:14)
      at src/server/middleware.ts:547:15
      at src/server/__tests__/serviceAuth.test.ts:968:7

  console.warn
    2026-10-03T02:59:01.681Z WARN [oxy.auth] refused INVALID_SERVICE_TOKEN: ServiceTokenStructureError: Service token JOSE header is not supported {
      component: 'auth',
      method: 'auth',
      code: 'INVALID_SERVICE_TOKEN',
      stage: 'service-token',
      reason: 'ServiceTokenStructureError: Service token JOSE header is not supported',
      status: 401,
      optional: false,
      path: '/test'
    }

      120 |   const line = `${formatPrefix(entry)} ${entry.message}`;
      121 |   if (entry.level === 'error') console.error(line, ...extras);
    > 122 |   else if (entry.level === 'warn') console.warn(line, ...extras);
          |                                            ^
      123 |   else console.log(line, ...extras);
      124 | };
      125 |

      at Object.consoleSink [as sink] (src/logger/index.ts:122:44)
      at emit (src/logger/index.ts:172:10)
      at Object.warn (src/logger/index.ts:191:7)
      at recordRefusal (src/server/middleware.ts:421:14)
      at src/server/middleware.ts:547:15
      at src/server/middleware.ts:1192:7
      at src/server/__tests__/serviceAuth.test.ts:968:7

  console.warn
    2026-10-03T02:59:01.683Z WARN [oxy.auth] refused INVALID_SERVICE_TOKEN: ServiceTokenStructureError: Service token JOSE header is not supported {
      component: 'auth',
      method: 'auth',
      code: 'INVALID_SERVICE_TOKEN',
      stage: 'service-token',
      reason: 'ServiceTokenStructureError: Service token JOSE header is not supported',
      status: 401,
      optional: false,
      path: '/test'
    }

      120 |   const line = `${formatPrefix(entry)} ${entry.message}`;
      121 |   if (entry.level === 'error') console.error(line, ...extras);
    > 122 |   else if (entry.level === 'warn') console.warn(line, ...extras);
          |                                            ^
      123 |   else console.log(line, ...extras);
      124 | };
      125 |

      at Object.consoleSink [as sink] (src/logger/index.ts:122:44)
      at emit (src/logger/index.ts:172:10)
      at Object.warn (src/logger/index.ts:191:7)
      at recordRefusal (src/server/middleware.ts:421:14)
      at src/server/middleware.ts:547:15
      at src/server/__tests__/serviceAuth.test.ts:992:5

  console.warn
    2026-10-03T02:59:01.684Z WARN [oxy.auth] refused INVALID_SERVICE_TOKEN: ServiceTokenStructureError: Service token JOSE header is not supported {
      component: 'auth',
      method: 'auth',
      code: 'INVALID_SERVICE_TOKEN',
      stage: 'service-token',
      reason: 'ServiceTokenStructureError: Service token JOSE header is not supported',
      status: 401,
      optional: false,
      path: '/test'
    }

      120 |   const line = `${formatPrefix(entry)} ${entry.message}`;
      121 |   if (entry.level === 'error') console.error(line, ...extras);
    > 122 |   else if (entry.level === 'warn') console.warn(line, ...extras);
          |                                            ^
      123 |   else console.log(line, ...extras);
      124 | };
      125 |

      at Object.consoleSink [as sink] (src/logger/index.ts:122:44)
      at emit (src/logger/index.ts:172:10)
      at Object.warn (src/logger/index.ts:191:7)
      at recordRefusal (src/server/middleware.ts:421:14)
      at src/server/middleware.ts:547:15
      at src/server/__tests__/serviceAuth.test.ts:992:5

  console.warn
    2026-10-03T02:59:01.685Z WARN [oxy.auth] refused INVALID_SERVICE_TOKEN: ServiceTokenStructureError: Service token JOSE header is not supported {
      component: 'auth',
      method: 'auth',
      code: 'INVALID_SERVICE_TOKEN',
      stage: 'service-token',
      reason: 'ServiceTokenStructureError: Service token JOSE header is not supported',
      status: 401,
      optional: false,
      path: '/test'
    }

      120 |   const line = `${formatPrefix(entry)} ${entry.message}`;
      121 |   if (entry.level === 'error') console.error(line, ...extras);
    > 122 |   else if (entry.level === 'warn') console.warn(line, ...extras);
          |                                            ^
      123 |   else console.log(line, ...extras);
      124 | };
      125 |

      at Object.consoleSink [as sink] (src/logger/index.ts:122:44)
      at emit (src/logger/index.ts:172:10)
      at Object.warn (src/logger/index.ts:191:7)
      at recordRefusal (src/server/middleware.ts:421:14)
      at src/server/middleware.ts:547:15
      at src/server/__tests__/serviceAuth.test.ts:992:5

  console.warn
    2026-10-03T02:59:01.686Z WARN [oxy.auth] refused INVALID_SERVICE_TOKEN: ServiceTokenStructureError: Service token JOSE header is not supported {
      component: 'auth',
      method: 'auth',
      code: 'INVALID_SERVICE_TOKEN',
      stage: 'service-token',
      reason: 'ServiceTokenStructureError: Service token JOSE header is not supported',
      status: 401,
      optional: false,
      path: '/test'
    }

      120 |   const line = `${formatPrefix(entry)} ${entry.message}`;
      121 |   if (entry.level === 'error') console.error(line, ...extras);
    > 122 |   else if (entry.level === 'warn') console.warn(line, ...extras);
          |                                            ^
      123 |   else console.log(line, ...extras);
      124 | };
      125 |

      at Object.consoleSink [as sink] (src/logger/index.ts:122:44)
      at emit (src/logger/index.ts:172:10)
      at Object.warn (src/logger/index.ts:191:7)
      at recordRefusal (src/server/middleware.ts:421:14)
      at src/server/middleware.ts:547:15
      at src/server/__tests__/serviceAuth.test.ts:992:5

  console.warn
    2026-10-03T02:59:01.687Z WARN [oxy.auth] refused INVALID_SERVICE_TOKEN: ServiceTokenStructureError: Service token JOSE header is not supported {
      component: 'auth',
      method: 'auth',
      code: 'INVALID_SERVICE_TOKEN',
      stage: 'service-token',
      reason: 'ServiceTokenStructureError: Service token JOSE header is not supported',
      status: 401,
      optional: false,
      path: '/test'
    }

      120 |   const line = `${formatPrefix(entry)} ${entry.message}`;
      121 |   if (entry.level === 'error') console.error(line, ...extras);
    > 122 |   else if (entry.level === 'warn') console.warn(line, ...extras);
          |                                            ^
      123 |   else console.log(line, ...extras);
      124 | };
      125 |

      at Object.consoleSink [as sink] (src/logger/index.ts:122:44)
      at emit (src/logger/index.ts:172:10)
      at Object.warn (src/logger/index.ts:191:7)
      at recordRefusal (src/server/middleware.ts:421:14)
      at src/server/middleware.ts:547:15
      at src/server/__tests__/serviceAuth.test.ts:992:5

Test Suites: 1 passed, 1 total
Tests:       50 passed, 50 total
Snapshots:   0 total
Time:        0.461 s, estimated 1 s
Ran all test suites within paths "src/server/__tests__/serviceAuth.test.ts".
