$ jest --runInBand src/routes/__tests__/inferenceEdgeInternalMetered.test.ts src/config/__tests__/inferenceEconomicPolicy.test.ts
FAIL src/routes/__tests__/inferenceEdgeInternalMetered.test.ts
  ● Test suite failed to run

    Cannot find module 'zod' from '../contracts/src/accountGraph.ts'

    Require stack:
      /home/nate/Oxy/oxy/.worktrees/1577-stable-pilot-claims-20261004/packages/contracts/src/accountGraph.ts
      /home/nate/Oxy/oxy/.worktrees/1577-stable-pilot-claims-20261004/packages/contracts/src/index.ts
      src/schemas/inferenceEdge.schemas.ts
      src/routes/__tests__/inferenceEdgeInternalMetered.test.ts

       8 |  */
       9 |
    > 10 | import { z } from 'zod';
         | ^
      11 | import { usernameSchema, usernameSchemaForAccountKind } from './username';
      12 |
      13 | /**

      at Resolver._throwModNotFoundError (../../../1571-alia-machine-principal-20261004/node_modules/.bun/jest-resolve@30.5.1/node_modules/jest-resolve/build/index.js:1031:11)
      at Object.<anonymous> (../contracts/src/accountGraph.ts:10:1)
      at Object.<anonymous> (../contracts/src/index.ts:13:1)
      at Object.<anonymous> (src/schemas/inferenceEdge.schemas.ts:1:1)
      at Object.<anonymous> (src/routes/__tests__/inferenceEdgeInternalMetered.test.ts:13:1)


Test Suites: 1 failed, 1 passed, 2 total
Tests:       8 passed, 8 total
Snapshots:   0 total
Time:        0.322 s
Ran all test suites matching src/routes/__tests__/inferenceEdgeInternalMetered.test.ts|src/config/__tests__/inferenceEconomicPolicy.test.ts.
error: script "test" exited with code 1
