$ jest --passWithNoTests --runInBand src/boot/__tests__/nativeExplicitSignOut.test.ts src/session/__tests__/authStateStore.test.ts src/boot/__tests__/sessionColdBoot.test.ts src/boot/__tests__/sessionColdBoot.identity.test.ts
FAIL src/boot/__tests__/sessionColdBoot.test.ts
  ● runSessionColdBoot — device-secret-mint › a dropped secret (401) on native falls through to the Commons-proof lane

    expect(jest.fn()).not.toHaveBeenCalled()

    Expected number of calls: 0
    Received number of calls: 1

    1: "access-shared"

      352 |     expect((await store.load())?.deviceSecret).toBeUndefined();
      353 |     // Shared-key plants tokens itself (via verifyChallenge); the cold boot does not.
    > 354 |     expect(setTokens).not.toHaveBeenCalled();
          |                           ^
      355 |   });
      356 | });
      357 |

      at Object.<anonymous> (src/boot/__tests__/sessionColdBoot.test.ts:354:27)

  ● runSessionColdBoot — offline gating (isOffline) › commons-proof-signin passes { requestOptions: { retry: false } } (cold-boot single-attempt)

    expect(jest.fn()).toHaveBeenCalledWith(...expected)

    - Expected
    + Received

      Object {
    +   "plantTokens": false,
        "requestOptions": Object {
          "retry": false,
        },
      },

    Number of calls: 1

      539 |
      540 |     expect(outcome).toMatchObject({ kind: 'session', via: 'commons-proof-signin' });
    > 541 |     expect(signInWithCommonsIdentity).toHaveBeenCalledWith({ requestOptions: { retry: false } });
          |                                       ^
      542 |   });
      543 | });
      544 |

      at Object.<anonymous> (src/boot/__tests__/sessionColdBoot.test.ts:541:39)

FAIL src/boot/__tests__/sessionColdBoot.identity.test.ts
  ● Console

    console.warn
      2026-10-03T12:52:53.819Z WARN Identity pin no longer matches the device identity key — clearing it (the identity was replaced or removed) { component: 'identitySession', method: 'resolveIdentityPin' }

      120 |   const line = `${formatPrefix(entry)} ${entry.message}`;
      121 |   if (entry.level === 'error') console.error(line, ...extras);
    > 122 |   else if (entry.level === 'warn') console.warn(line, ...extras);
          |                                            ^
      123 |   else console.log(line, ...extras);
      124 | };
      125 |

      at Object.consoleSink [as sink] (src/logger/index.ts:122:44)
      at emit (src/logger/index.ts:172:10)
      at Object.warn (src/logger/index.ts:191:7)
      at resolveIdentityPin (src/session/identitySession.ts:119:10)
      at getIdentityPin (src/boot/sessionColdBoot.ts:193:19)
      at Object.run (src/boot/sessionColdBoot.ts:267:19)
      at runColdBoot (src/utils/coldBoot.ts:192:13)
      at runSessionColdBoot (src/boot/sessionColdBoot.ts:524:19)
      at Object.<anonymous> (src/boot/__tests__/sessionColdBoot.identity.test.ts:279:21)

    console.error
      2026-10-03T12:52:53.823Z ERROR runSessionColdBoot: sessionMode "identity" requires an `identity` binding — refusing to run any lane (an identity-bound client must never adopt the device active account) { component: 'sessionColdBoot', method: 'runSessionColdBoot' }

      119 |
      120 |   const line = `${formatPrefix(entry)} ${entry.message}`;
    > 121 |   if (entry.level === 'error') console.error(line, ...extras);
          |                                        ^
      122 |   else if (entry.level === 'warn') console.warn(line, ...extras);
      123 |   else console.log(line, ...extras);
      124 | };

      at Object.consoleSink [as sink] (src/logger/index.ts:121:40)
      at emit (src/logger/index.ts:172:10)
      at Object.error (src/logger/index.ts:193:7)
      at runSessionColdBoot (src/boot/sessionColdBoot.ts:164:12)
      at Object.<anonymous> (src/boot/__tests__/sessionColdBoot.identity.test.ts:384:45)

  ● runSessionColdBoot — identity-key-signin vs commons-proof-signin › account mode runs commons-proof-signin and NEVER the identity lane (unchanged)

    expect(jest.fn()).toHaveBeenCalledWith(...expected)

    - Expected
    + Received

      Object {
    +   "plantTokens": false,
        "requestOptions": Object {
          "retry": false,
        },
      },

    Number of calls: 1

      351 |
      352 |     expect(outcome).toMatchObject({ kind: 'session', via: 'commons-proof-signin' });
    > 353 |     expect(signInWithCommonsIdentity).toHaveBeenCalledWith({ requestOptions: { retry: false } });
          |                                       ^
      354 |     expect(requestChallenge).not.toHaveBeenCalled();
      355 |   });
      356 |

      at Object.<anonymous> (src/boot/__tests__/sessionColdBoot.identity.test.ts:353:39)

Test Suites: 2 failed, 2 passed, 4 total
Tests:       3 failed, 57 passed, 60 total
Snapshots:   0 total
Time:        0.631 s, estimated 1 s
Ran all test suites matching src/boot/__tests__/nativeExplicitSignOut.test.ts|src/session/__tests__/authStateStore.test.ts|src/boot/__tests__/sessionColdBoot.test.ts|src/boot/__tests__/sessionColdBoot.identity.test.ts.
error: script "test" exited with code 1
