$ tsc -b && vite build
rolldown-vite v7.3.1 building client environment for production...
[2Ktransforming...✓ 6578 modules transformed.
rendering chunks...
computing gzip size...
../dist/webview/index.html      0.42 kB │ gzip:   0.26 kB
../dist/webview/index.css     159.01 kB │ gzip:  24.72 kB
../dist/webview/index.js    2,605.66 kB │ gzip: 754.22 kB
[33m[EVAL] Warning:[0m Use of direct `eval` function is strongly discouraged as it poses security risks and may cause issues with minification.
   [38;5;246m╭[0m[38;5;246m─[0m[38;5;246m[[0m ../../../node_modules/expo-modules-core/src/uuid/index.web.ts:6:10 [38;5;246m][0m
   [38;5;246m│[0m
 [38;5;246m6 │[0m [38;5;249m [0m[38;5;249m [0m[38;5;249m [0m[38;5;249m [0m[38;5;249m [0m[38;5;249m [0m[38;5;249m [0m[38;5;249mr[0m[38;5;249me[0m[38;5;249mt[0m[38;5;249mu[0m[38;5;249mr[0m[38;5;249mn[0m[38;5;249m [0meval[38;5;249m([0m[38;5;249m"[0m[38;5;249mr[0m[38;5;249me[0m[38;5;249mq[0m[38;5;249mu[0m[38;5;249mi[0m[38;5;249mr[0m[38;5;249me[0m[38;5;249m"[0m[38;5;249m)[0m[38;5;249m([0m[38;5;249m"[0m[38;5;249mn[0m[38;5;249mo[0m[38;5;249md[0m[38;5;249me[0m[38;5;249m:[0m[38;5;249mc[0m[38;5;249mr[0m[38;5;249my[0m[38;5;249mp[0m[38;5;249mt[0m[38;5;249mo[0m[38;5;249m"[0m[38;5;249m)[0m[38;5;249m.[0m[38;5;249mr[0m[38;5;249ma[0m[38;5;249mn[0m[38;5;249md[0m[38;5;249mo[0m[38;5;249mm[0m[38;5;249mU[0m[38;5;249mU[0m[38;5;249mI[0m[38;5;249mD[0m[38;5;249m([0m[38;5;249m)[0m[38;5;249m;[0m
 [38;5;240m  │[0m               ──┬─  
 [38;5;240m  │[0m                 ╰─── Use of direct `eval` here.
 [38;5;240m  │[0m 
 [38;5;240m  │[0m [38;5;115mHelp[0m: Consider using indirect eval. For more information, check the documentation: https://rolldown.rs/guide/troubleshooting#avoiding-direct-eval
[38;5;246m───╯[0m

[plugin builtin:vite-reporter] 
(!) Some chunks are larger than 500 kB after minification. Consider:
- Using dynamic import() to code-split the application
- Use build.rollupOptions.output.manualChunks to improve chunking: https://rollupjs.org/configuration-options/#output-manualchunks
- Adjust chunk size limit for this warning via build.chunkSizeWarningLimit.
[33m[EVAL] Warning:[0m Use of direct `eval` function is strongly discouraged as it poses security risks and may cause issues with minification.
    [38;5;246m╭[0m[38;5;246m─[0m[38;5;246m[[0m ../../../node_modules/expo/src/async-require/fetchThenEvalJs.ts:20:11 [38;5;246m][0m
    [38;5;246m│[0m
 [38;5;246m20 │[0m [38;5;249m [0m[38;5;249m [0m[38;5;249m [0m[38;5;249m [0m[38;5;249m [0m[38;5;249m [0m[38;5;249m [0m[38;5;249m [0m[38;5;249m [0m[38;5;249mr[0m[38;5;249me[0m[38;5;249mt[0m[38;5;249mu[0m[38;5;249mr[0m[38;5;249mn[0m[38;5;249m [0meval[38;5;249m([0m[38;5;249mb[0m[38;5;249mo[0m[38;5;249md[0m[38;5;249my[0m[38;5;249m)[0m[38;5;249m;[0m
 [38;5;240m   │[0m                 ──┬─  
 [38;5;240m   │[0m                   ╰─── Use of direct `eval` here.
 [38;5;240m   │[0m 
 [38;5;240m   │[0m [38;5;115mHelp[0m: Consider using indirect eval. For more information, check the documentation: https://rolldown.rs/guide/troubleshooting#avoiding-direct-eval
[38;5;246m────╯[0m

✓ built in 791ms
