......E.E..E
======================================================================
ERROR: test_known_registration_failure_after_ack_requires_hold (__main__.Tests.test_known_registration_failure_after_ack_requires_hold)
----------------------------------------------------------------------
Traceback (most recent call last):
  File "/home/nate/Oxy/oxy/.worktrees/1519-mercaria-cohort-promotion-20261004/scripts/operations/__tests__/mercaria-cohort-promotion.test.py", line 88, in test_known_registration_failure_after_ack_requires_hold
    def test_known_registration_failure_after_ack_requires_hold(self):self.execution(monitor_failure=True)
                                                                      ~~~~~~~~~~~~~~^^^^^^^^^^^^^^^^^^^^^^
  File "/home/nate/Oxy/oxy/.worktrees/1519-mercaria-cohort-promotion-20261004/scripts/operations/__tests__/mercaria-cohort-promotion.test.py", line 78, in execution
    if transport_unknown or monitor_failure:self.assertRaises((c.UnknownAck,ValueError),c.execute,p,out)
                                            ~~~~~~~~~~~~~~~~~^^^^^^^^^^^^^^^^^^^^^^^^^^^^^^^^^^^^^^^^^^^
  File "/usr/lib/python3.13/unittest/case.py", line 795, in assertRaises
    return context.handle('assertRaises', args, kwargs)
           ~~~~~~~~~~~~~~^^^^^^^^^^^^^^^^^^^^^^^^^^^^^^
  File "/usr/lib/python3.13/unittest/case.py", line 238, in handle
    callable_obj(*args, **kwargs)
    ~~~~~~~~~~~~^^^^^^^^^^^^^^^^^
  File "/home/nate/Oxy/oxy/.worktrees/1519-mercaria-cohort-promotion-20261004/scripts/operations/mercaria-cohort-promotion.py", line 213, in execute
    need(m.td_semantic(read['taskDefinition'])==m.td_semantic({k:v for k,v in body.items() if k!='tags'}) and tags(read)==body.get('tags',[]),'registered_td_drift');save(out/'registration-readback.json',read)
         ~~~~~~~~~~~~~^^^^^^^^^^^^^^^^^^^^^^^^
  File "/home/nate/Oxy/oxy/.worktrees/1519-mercaria-cohort-promotion-20261004/scripts/operations/consumer-promotion.py", line 47, in td_semantic
    f.require(isinstance(raw,dict) and set(raw)<=TD_WRITABLE|TD_READONLY,'Unreviewed task-definition fields')
    ~~~~~~~~~^^^^^^^^^^^^^^^^^^^^^^^^^^^^^^^^^^^^^^^^^^^^^^^^^^^^^^^^^^^^^^^^^^^^^^^^^^^^^^^^^^^^^^^^^^^^^^^^
  File "/home/nate/Oxy/oxy/.worktrees/1519-mercaria-cohort-promotion-20261004/scripts/operations/fleet-quiescence.py", line 52, in require
    if not value: raise RuntimeError(message)
                  ^^^^^^^^^^^^^^^^^^^^^^^^^^^
RuntimeError: Unreviewed task-definition fields

======================================================================
ERROR: test_success_uses_private_registration_file_and_one_td_only_update (__main__.Tests.test_success_uses_private_registration_file_and_one_td_only_update)
----------------------------------------------------------------------
Traceback (most recent call last):
  File "/home/nate/Oxy/oxy/.worktrees/1519-mercaria-cohort-promotion-20261004/scripts/operations/__tests__/mercaria-cohort-promotion.test.py", line 86, in test_success_uses_private_registration_file_and_one_td_only_update
    def test_success_uses_private_registration_file_and_one_td_only_update(self):self.execution()
                                                                                 ~~~~~~~~~~~~~~^^
  File "/home/nate/Oxy/oxy/.worktrees/1519-mercaria-cohort-promotion-20261004/scripts/operations/__tests__/mercaria-cohort-promotion.test.py", line 79, in execution
    else:c.execute(p,out)
         ~~~~~~~~~^^^^^^^
  File "/home/nate/Oxy/oxy/.worktrees/1519-mercaria-cohort-promotion-20261004/scripts/operations/mercaria-cohort-promotion.py", line 213, in execute
    need(m.td_semantic(read['taskDefinition'])==m.td_semantic({k:v for k,v in body.items() if k!='tags'}) and tags(read)==body.get('tags',[]),'registered_td_drift');save(out/'registration-readback.json',read)
         ~~~~~~~~~~~~~^^^^^^^^^^^^^^^^^^^^^^^^
  File "/home/nate/Oxy/oxy/.worktrees/1519-mercaria-cohort-promotion-20261004/scripts/operations/consumer-promotion.py", line 47, in td_semantic
    f.require(isinstance(raw,dict) and set(raw)<=TD_WRITABLE|TD_READONLY,'Unreviewed task-definition fields')
    ~~~~~~~~~^^^^^^^^^^^^^^^^^^^^^^^^^^^^^^^^^^^^^^^^^^^^^^^^^^^^^^^^^^^^^^^^^^^^^^^^^^^^^^^^^^^^^^^^^^^^^^^^
  File "/home/nate/Oxy/oxy/.worktrees/1519-mercaria-cohort-promotion-20261004/scripts/operations/fleet-quiescence.py", line 52, in require
    if not value: raise RuntimeError(message)
                  ^^^^^^^^^^^^^^^^^^^^^^^^^^^
RuntimeError: Unreviewed task-definition fields

======================================================================
ERROR: test_unknown_ack_has_no_retry_or_automatic_hold_or_false_acceptance (__main__.Tests.test_unknown_ack_has_no_retry_or_automatic_hold_or_false_acceptance)
----------------------------------------------------------------------
Traceback (most recent call last):
  File "/home/nate/Oxy/oxy/.worktrees/1519-mercaria-cohort-promotion-20261004/scripts/operations/__tests__/mercaria-cohort-promotion.test.py", line 87, in test_unknown_ack_has_no_retry_or_automatic_hold_or_false_acceptance
    def test_unknown_ack_has_no_retry_or_automatic_hold_or_false_acceptance(self):self.execution(transport_unknown=True)
                                                                                  ~~~~~~~~~~~~~~^^^^^^^^^^^^^^^^^^^^^^^^
  File "/home/nate/Oxy/oxy/.worktrees/1519-mercaria-cohort-promotion-20261004/scripts/operations/__tests__/mercaria-cohort-promotion.test.py", line 78, in execution
    if transport_unknown or monitor_failure:self.assertRaises((c.UnknownAck,ValueError),c.execute,p,out)
                                            ~~~~~~~~~~~~~~~~~^^^^^^^^^^^^^^^^^^^^^^^^^^^^^^^^^^^^^^^^^^^
  File "/usr/lib/python3.13/unittest/case.py", line 795, in assertRaises
    return context.handle('assertRaises', args, kwargs)
           ~~~~~~~~~~~~~~^^^^^^^^^^^^^^^^^^^^^^^^^^^^^^
  File "/usr/lib/python3.13/unittest/case.py", line 238, in handle
    callable_obj(*args, **kwargs)
    ~~~~~~~~~~~~^^^^^^^^^^^^^^^^^
  File "/home/nate/Oxy/oxy/.worktrees/1519-mercaria-cohort-promotion-20261004/scripts/operations/mercaria-cohort-promotion.py", line 213, in execute
    need(m.td_semantic(read['taskDefinition'])==m.td_semantic({k:v for k,v in body.items() if k!='tags'}) and tags(read)==body.get('tags',[]),'registered_td_drift');save(out/'registration-readback.json',read)
         ~~~~~~~~~~~~~^^^^^^^^^^^^^^^^^^^^^^^^
  File "/home/nate/Oxy/oxy/.worktrees/1519-mercaria-cohort-promotion-20261004/scripts/operations/consumer-promotion.py", line 47, in td_semantic
    f.require(isinstance(raw,dict) and set(raw)<=TD_WRITABLE|TD_READONLY,'Unreviewed task-definition fields')
    ~~~~~~~~~^^^^^^^^^^^^^^^^^^^^^^^^^^^^^^^^^^^^^^^^^^^^^^^^^^^^^^^^^^^^^^^^^^^^^^^^^^^^^^^^^^^^^^^^^^^^^^^^
  File "/home/nate/Oxy/oxy/.worktrees/1519-mercaria-cohort-promotion-20261004/scripts/operations/fleet-quiescence.py", line 52, in require
    if not value: raise RuntimeError(message)
                  ^^^^^^^^^^^^^^^^^^^^^^^^^^^
RuntimeError: Unreviewed task-definition fields

----------------------------------------------------------------------
Ran 12 tests in 0.049s

FAILED (errors=3)
