$ bun run build:cjs && bun run build:esm && bun run build:types
$ tsc -p tsconfig.cjs.json
$ tsc -p tsconfig.esm.json && node scripts/fix-esm-imports.mjs
ESM imports fixed
$ tsc -p tsconfig.types.json
bun pack v1.4.2 (744846f84)

packed 4.90KB package.json
packed 31.49KB LICENSE
packed 0.95KB NOTICE
packed 145.12KB dist/cjs/.tsbuildinfo
packed 7.0KB dist/cjs/auth/registrationPow.js
packed 2.1KB dist/cjs/chain/continuity.js
packed 1.56KB dist/cjs/chain/engine.js
packed 1.28KB dist/cjs/chain/recordStore.js
packed 1.22KB dist/cjs/chain/types.js
packed 4.44KB dist/cjs/chain/verify.js
packed 4.70KB dist/cjs/envelope/canonicalJson.js
packed 2.77KB dist/cjs/envelope/recordId.js
packed 3.34KB dist/cjs/envelope/sign.js
packed 1.59KB dist/cjs/envelope/signingInput.js
packed 2.58KB dist/cjs/identity/resolver.js
packed 8.35KB dist/cjs/index.js
packed 5.19KB dist/cjs/node/constants.js
packed 5.18KB dist/cjs/node/didWebResolver.js
packed 2.45KB dist/cjs/node/httpFetch.js
packed 9.0KB dist/cjs/node/index.js
packed 16.21KB dist/cjs/node/nodeApp.js
packed 10.25KB dist/cjs/node/nodeClient.js
packed 9.74KB dist/cjs/node/rateLimit.js
packed 2.31KB dist/cjs/node/verifyRecord.js
packed 10.86KB dist/cjs/platform/crypto.js
packed 9.49KB dist/cjs/platform/crypto.native.js
packed 1.22KB dist/cjs/platform/expoTypes.js
packed 1.0KB dist/cjs/platform/optionalPeer.js
packed 1.22KB dist/cjs/platform/platform.js
packed 1.1KB dist/cjs/platform/random.js
packed 2.12KB dist/cjs/platform/random.native.js
packed 1.56KB dist/cjs/random.js
packed 7.64KB dist/cjs/secp256k1.js
packed 3.61KB dist/cjs/transparency/checkpoint.js
packed 8.75KB dist/cjs/transparency/tree.js
packed 145.54KB dist/esm/.tsbuildinfo
packed 6.75KB dist/esm/auth/registrationPow.js
packed 1.98KB dist/esm/chain/continuity.js
packed 1.44KB dist/esm/chain/engine.js
packed 1.21KB dist/esm/chain/recordStore.js
packed 1.12KB dist/esm/chain/types.js
packed 4.27KB dist/esm/chain/verify.js
packed 4.60KB dist/esm/envelope/canonicalJson.js
packed 2.61KB dist/esm/envelope/recordId.js
packed 3.1KB dist/esm/envelope/sign.js
packed 1.42KB dist/esm/envelope/signingInput.js
packed 2.47KB dist/esm/identity/resolver.js
packed 2.97KB dist/esm/index.js
packed 4.46KB dist/esm/node/constants.js
packed 5.1KB dist/esm/node/didWebResolver.js
packed 2.21KB dist/esm/node/httpFetch.js
packed 2.98KB dist/esm/node/index.js
packed 15.76KB dist/esm/node/nodeApp.js
packed 9.91KB dist/esm/node/nodeClient.js
packed 9.47KB dist/esm/node/rateLimit.js
packed 2.17KB dist/esm/node/verifyRecord.js
packed 9.0KB dist/esm/platform/crypto.js
packed 8.98KB dist/esm/platform/crypto.native.js
packed 1.15KB dist/esm/platform/expoTypes.js
packed 0.91KB dist/esm/platform/optionalPeer.js
packed 1.1KB dist/esm/platform/platform.js
packed 0.96KB dist/esm/platform/random.js
packed 1.96KB dist/esm/platform/random.native.js
packed 1.1KB dist/esm/random.js
packed 6.83KB dist/esm/secp256k1.js
packed 3.31KB dist/esm/transparency/checkpoint.js
packed 8.33KB dist/esm/transparency/tree.js
packed 148.39KB dist/types/.tsbuildinfo
packed 5.85KB dist/types/auth/registrationPow.d.ts
packed 1.40KB dist/types/chain/continuity.d.ts
packed 1.47KB dist/types/chain/engine.d.ts
packed 4.44KB dist/types/chain/recordStore.d.ts
packed 3.91KB dist/types/chain/types.d.ts
packed 2.59KB dist/types/chain/verify.d.ts
packed 2.39KB dist/types/envelope/canonicalJson.d.ts
packed 1.56KB dist/types/envelope/recordId.d.ts
packed 2.37KB dist/types/envelope/sign.d.ts
packed 1.80KB dist/types/envelope/signingInput.d.ts
packed 3.42KB dist/types/identity/resolver.d.ts
packed 2.60KB dist/types/index.d.ts
packed 4.45KB dist/types/node/constants.d.ts
packed 2.48KB dist/types/node/didWebResolver.d.ts
packed 2.88KB dist/types/node/httpFetch.d.ts
packed 2.33KB dist/types/node/index.d.ts
packed 5.93KB dist/types/node/nodeApp.d.ts
packed 5.68KB dist/types/node/nodeClient.d.ts
packed 5.11KB dist/types/node/rateLimit.d.ts
packed 1.89KB dist/types/node/verifyRecord.d.ts
packed 6.49KB dist/types/platform/crypto.d.ts
packed 3.85KB dist/types/platform/crypto.native.d.ts
packed 6.25KB dist/types/platform/expoTypes.d.ts
packed 487B dist/types/platform/optionalPeer.d.ts
packed 0.93KB dist/types/platform/platform.d.ts
packed 0.66KB dist/types/platform/random.d.ts
packed 1.59KB dist/types/platform/random.native.d.ts
packed 1.1KB dist/types/random.d.ts
packed 3.1KB dist/types/secp256k1.d.ts
packed 3.51KB dist/types/transparency/checkpoint.d.ts
packed 6.47KB dist/types/transparency/tree.d.ts
packed 4.1KB src/__tests__/canonicalJson.test.ts
packed 11.68KB src/__tests__/chain.test.ts
packed 4.47KB src/__tests__/commonsIdentityBridge.test.ts
packed 5.22KB src/__tests__/didWebResolver.test.ts
packed 10.85KB src/__tests__/envelope.test.ts
packed 17.1KB src/__tests__/nodeApp.test.ts
packed 7.14KB src/__tests__/nodeClient.test.ts
packed 5.78KB src/__tests__/nodeHarness.ts
packed 8.80KB src/__tests__/optionalNativePeers.test.ts
packed 4.12KB src/__tests__/randomEntry.test.ts
packed 11.49KB src/__tests__/rateLimit.test.ts
packed 2.41KB src/__tests__/registrationPow.test.ts
packed 3.84KB src/__tests__/runnerGuard.test.ts
packed 4.30KB src/__tests__/secp256k1.test.ts
packed 14.1KB src/__tests__/transparency.test.ts
packed 6.78KB src/auth/registrationPow.ts
packed 2.17KB src/chain/continuity.ts
packed 1.78KB src/chain/engine.ts
packed 4.37KB src/chain/recordStore.ts
packed 3.90KB src/chain/types.ts
packed 4.73KB src/chain/verify.ts
packed 4.66KB src/envelope/canonicalJson.ts
packed 2.65KB src/envelope/recordId.ts
packed 3.33KB src/envelope/sign.ts
packed 2.19KB src/envelope/signingInput.ts
packed 4.0KB src/identity/resolver.ts
packed 4.56KB src/index.ts
packed 4.57KB src/node/constants.ts
packed 5.86KB src/node/didWebResolver.ts
packed 3.42KB src/node/httpFetch.ts
packed 3.64KB src/node/index.ts
packed 18.74KB src/node/nodeApp.ts
packed 12.68KB src/node/nodeClient.ts
packed 10.87KB src/node/rateLimit.ts
packed 2.52KB src/node/verifyRecord.ts
packed 12.1KB src/platform/crypto.native.ts
packed 9.83KB src/platform/crypto.ts
packed 6.14KB src/platform/expoTypes.ts
packed 0.92KB src/platform/optionalPeer.ts
packed 1.11KB src/platform/platform.ts
packed 2.15KB src/platform/random.native.ts
packed 0.98KB src/platform/random.ts
packed 1.1KB src/random.ts
packed 7.47KB src/secp256k1.ts
packed 4.37KB src/transparency/checkpoint.ts
packed 9.94KB src/transparency/tree.ts

oxy.so-protocol-1.2.2.tgz

Total files: 145
Shasum: f7f005302e90c900f32f5f25ef36db86e1b41f40
Integrity: sha512-NHFQ6fxXuOgBs[...]71jl+n6yFSFAA==
Unpacked size: 1.13MB
Packed size: 0.32MB
